swap guard (load): not armed for /Users/francistownsend-merino/models/ministral3-3b-bf16.int4.cpu-arm64.giw — only a direct .gguf build is watched, so a swap-growing load is not stopped here; the serving watch arms once the server is up
decoder: .giw context capped at 33780 (model allows 262144) so that KV+scratch fits: needs ~6.95 GB of 7.95 GB available (1 GB margin) — pass -ctx to choose, or free memory to lift
loaded "ministral3-3b-bf16": 26-layer model (vocab 131072) in 5ms [chat: ministral]
  decode path: cpu (int4) [int4 layout: row4-only (down, gate/up, qkv)]
  prefill path: batched shape (CPU forwardLayersN, one weight stream for the whole prompt) — describes weight streaming, not throughput; this path is single-threaded
  head table: int8
  context: 262144 tokens (model maximum) · KV f32 — the CPU path has no --ctx cap: KV is allocated per request, so this is a ceiling, not memory held
  fit: 33780-token cap needs 6.7 GB KV (weights 2.0 GB, budget 5.6 GB, -1.1 GB left for a request's own prefill)
  session reuse: on (4 conversations kept prefilled)
  features: tools: parse-only (a named tool_choice cannot be constrained on this template) · structured output
loaded Pixtral vision tower for "ministral3-3b-bf16" (24 layers, image token id 10, tower on CPU, float32) from /Users/francistownsend-merino/models/ministral3-3b-bf16
"ministral3-3b-bf16" concurrency: one generation at a time — -max-concurrent 4 applies to CPU models and to GPU-resident models that batch decode (a weight-streaming or vision model runs one)
swap guard: armed, threshold +512 MB over baseline
goinfer serving on http://127.0.0.1:18457 [chat:[ministral3-3b-bf16]]
  routes: /v1/chat/completions /v1/completions /v1/responses /v1/messages /v1/embeddings
  web UI: off (-web enables a browser UI at / for chat and model pulls)
warning: no -api-key set — any web page open in your browser can silently send requests to this API while it's running. Set -api-key (or $GOINFER_API_KEY) to require authentication.
request body cap: 76.0 MiB (text) / 108.0 MiB (vision) / 64.0 MiB (embeddings) / 64.0 MiB (batch files) [derived from context window]
swap guard: baseline 4.38 GB swap-used
vision: encoded a 59792-byte image in 35.697s (sha256 d4352b06); a resend of it will skip this
vision: reused the cached encode of this image (59792 bytes, sha256 d4352b06)
vision: encoded a 23028-byte image in 21.265s (sha256 07b31211); a resend of it will skip this

shutting down…
