stream-weights: transcoding ministral3-3b-bf16 → ministral3-3b-bf16.int4.metal.giw (int4, one-time — minutes + ~model-size on disk)…
stream-weights: cache ready (2386 MB) in 39s
swap guard (load): not armed for /Users/francistownsend-merino/models/ministral3-3b-bf16.int4.metal.giw — only a direct .gguf build is watched, so a swap-growing load is not stopped here; the serving watch arms once the server is up
metal: 2 resident KV slots (Metal's default; 4 asked by default, -kv-sessions N keeps N if memory allows)
[metal] weights aliased from ministral3-3b-bf16.int4.metal.giw (GOINFER_METAL_ALIAS=0 to copy instead): 2007 MB bound in place, 0 MB copied (anonymous) — 1443 MB int4 nibbles (52 single tensors + 52 fused groups = 936 MB) + 384 MB int8 codes (1 matrices) + 180 MB f16 scales; copied: 0 heap-backed, 0 unaligned, 0 fused groups not adjacent, 0 scale sets converted
metal: batched step: qkv as per-row GEMVs at B <= 2 (GEMV 0.071 ms, fragment 0.169 ms), gate|up at B <= 2 (0.184, 0.482); 0 = always the fragment
loaded "ministral3-3b-bf16": 26-layer model (vocab 131072) in 1.44s [chat: ministral]
  decode path: metal-resident (int4)
  prefill path: sequential — arch/geometry not supported by f16 MMA prefill kernel
  head table: int8
  context: 4096 tokens (backend default; model maximum 262144 — raise with --ctx) · KV f16
  fit: 4096-token cap needs 0.4 GB KV (weights 2.0 GB, budget 3.5 GB, 3.1 GB left for a request's own prefill)
  KV plan: 2 conversations x 4096 positions (4 asked for)
  session reuse: on the GPU cache, 2 conversations kept resident — each reuses its own prefix; a further one takes the least recently used slot and re-prefills (--kv-sessions not given: Metal keeps 2 by default, and a memory guard may keep fewer; --kv-sessions 4 asks for 4)
  features: tools: parse-only (a named tool_choice cannot be constrained on this template) · structured output
loaded Pixtral vision tower for "ministral3-3b-bf16" (24 layers, image token id 10, tower on CPU, float32) from /Users/francistownsend-merino/models/ministral3-3b-bf16
"ministral3-3b-bf16" concurrency: one generation at a time — -max-concurrent 4 needs a resident that batches decode (a dense family on 2+ resident KV slots, no speculation or adapter)
swap guard: armed, threshold +512 MB over baseline
goinfer serving on http://127.0.0.1:18457 [chat:[ministral3-3b-bf16]]
  routes: /v1/chat/completions /v1/completions /v1/responses /v1/messages /v1/embeddings
  web UI: off (-web enables a browser UI at / for chat and model pulls)
warning: no -api-key set — any web page open in your browser can silently send requests to this API while it's running. Set -api-key (or $GOINFER_API_KEY) to require authentication.
request body cap: 76.0 MiB (text) / 108.0 MiB (vision) / 64.0 MiB (embeddings) / 64.0 MiB (batch files) [derived from context window]
swap guard: baseline 4.40 GB swap-used
vision: encoded a 59792-byte image in 37.031s (sha256 d4352b06); a resend of it will skip this
vision: 33 images; the resident image prefill declined (metal: prefill not implemented for this arch's FFN shape (use the sequential path)), so the CPU prefill ran and was uploaded
vision: reused the cached encode of this image (59792 bytes, sha256 d4352b06)
vision: encoded a 23028-byte image in 22.019s (sha256 07b31211); a resend of it will skip this
vision: 65 images; the resident image prefill declined (metal: prefill not implemented for this arch's FFN shape (use the sequential path)), so the CPU prefill ran and was uploaded

shutting down…
