wrote /home/francis/models/s2-head.int4.metal.giw: 15456 MB (int4)
	Command being timed: "/tmp/prequant-s2-head -quant int4 -target metal -o /home/francis/models/s2-head.int4.metal.giw /home/francis/models/gemma4-26b-q4_k_m.gguf"
	User time (seconds): 414.49
	System time (seconds): 22.68
	Percent of CPU this job got: 577%
	Elapsed (wall clock) time (h:mm:ss or m:ss): 1:15.64
	Average shared text size (kbytes): 0
	Average unshared data size (kbytes): 0
	Average stack size (kbytes): 0
	Average total size (kbytes): 0
	Maximum resident set size (kbytes): 34836292
	Average resident set size (kbytes): 0
	Major (requiring I/O) page faults: 264003
	Minor (reclaiming a frame) page faults: 1706858
	Voluntary context switches: 44303
	Involuntary context switches: 62551
	Swaps: 0
	File system inputs: 56464456
	File system outputs: 31653472
	Socket messages sent: 0
	Socket messages received: 0
	Signals delivered: 0
	Page size (bytes): 4096
	Exit status: 0
