wrote /home/francis/models/s2-stream.int4.metal.giw: 15456 MB (int4)
	Command being timed: "/tmp/prequant-s2-stream -quant int4 -target metal -o /home/francis/models/s2-stream.int4.metal.giw /home/francis/models/gemma4-26b-q4_k_m.gguf"
	User time (seconds): 330.41
	System time (seconds): 13.67
	Percent of CPU this job got: 93%
	Elapsed (wall clock) time (h:mm:ss or m:ss): 6:07.16
	Average shared text size (kbytes): 0
	Average unshared data size (kbytes): 0
	Average stack size (kbytes): 0
	Average total size (kbytes): 0
	Maximum resident set size (kbytes): 17206516
	Average resident set size (kbytes): 0
	Major (requiring I/O) page faults: 912
	Minor (reclaiming a frame) page faults: 250414
	Voluntary context switches: 74865
	Involuntary context switches: 13664
	Swaps: 0
	File system inputs: 61226136
	File system outputs: 31653576
	Socket messages sent: 0
	Socket messages received: 0
	Signals delivered: 0
	Page size (bytes): 4096
	Exit status: 0
