# TestGemma12_forwardParity, nobara-pc (linux/amd64), 2026-09-30 17:08 PDT, worktree at origin/main 5ab05712 + the same test edit and the three dumps
=== RUN   TestGemma12_forwardParity
=== RUN   TestGemma12_forwardParity/gemma1
    gemma12_test.go:96: gemma1 per-token: max |Δlogit| 9.54e-07, cosine 1.00000000
    gemma12_test.go:104: gemma1 batched: max |Δlogit| 9.54e-07, cosine 1.00000000
=== RUN   TestGemma12_forwardParity/gemma2
    gemma12_test.go:96: gemma2 per-token: max |Δlogit| 2.15e-06, cosine 1.00000000
    gemma12_test.go:104: gemma2 batched: max |Δlogit| 2.15e-06, cosine 1.00000000
=== RUN   TestGemma12_forwardParity/gemma1.gguf
    gemma12_test.go:96: gemma1 per-token: max |Δlogit| 9.54e-07, cosine 1.00000000
    gemma12_test.go:104: gemma1 batched: max |Δlogit| 9.54e-07, cosine 1.00000000
=== RUN   TestGemma12_forwardParity/gemma2-hd.gguf
    gemma12_test.go:96: gemma2-hd per-token: max |Δlogit| 2.38e-06, cosine 1.00000000
    gemma12_test.go:104: gemma2-hd batched: max |Δlogit| 2.38e-06, cosine 1.00000000
--- PASS: TestGemma12_forwardParity (0.01s)
    --- PASS: TestGemma12_forwardParity/gemma1 (0.00s)
    --- PASS: TestGemma12_forwardParity/gemma2 (0.00s)
    --- PASS: TestGemma12_forwardParity/gemma1.gguf (0.00s)
    --- PASS: TestGemma12_forwardParity/gemma2-hd.gguf (0.00s)
PASS
ok  	github.com/townsendmerino/goinfer/decoder	0.018s
