20:45:25 killwatch: baseline swap-used 1570.25MB; kill at +600MB, tick rule 80MB x2 (0=off), poll 1s, pid 24418
20:45:25 t+0s swap_used=1570.25MB delta=+0MB tick=0MB rss=562528KB free_disk=19G
20:45:27 t+2s swap_used=1570.25MB delta=+0MB tick=0MB rss=1207904KB free_disk=19G
20:45:28 t+3s swap_used=1570.25MB delta=+0MB tick=0MB rss=1820896KB free_disk=19G
20:45:29 t+4s swap_used=1570.25MB delta=+0MB tick=0MB rss=2412160KB free_disk=19G
20:45:30 t+5s swap_used=1570.25MB delta=+0MB tick=0MB rss=3016144KB free_disk=19G
20:45:31 t+6s swap_used=1570.25MB delta=+0MB tick=0MB rss=3624288KB free_disk=19G
20:45:32 t+7s swap_used=1570.25MB delta=+0MB tick=0MB rss=4196576KB free_disk=19G
20:45:33 t+8s swap_used=1570.25MB delta=+0MB tick=0MB rss=4842880KB free_disk=19G
20:45:35 t+10s swap_used=1570.25MB delta=+0MB tick=0MB rss=5439520KB free_disk=19G
20:45:36 t+11s swap_used=1570.25MB delta=+0MB tick=0MB rss=5937952KB free_disk=19G
20:45:37 t+12s swap_used=1570.25MB delta=+0MB tick=0MB rss=6308384KB free_disk=19G
20:45:38 t+13s swap_used=1570.25MB delta=+0MB tick=0MB rss=6669088KB free_disk=19G
20:45:39 t+14s swap_used=1570.25MB delta=+0MB tick=0MB rss=7033408KB free_disk=19G
20:45:40 t+15s swap_used=1570.25MB delta=+0MB tick=0MB rss=7329088KB free_disk=19G
20:45:41 t+16s swap_used=1570.25MB delta=+0MB tick=0MB rss=7561168KB free_disk=19G
20:45:42 t+17s swap_used=1570.25MB delta=+0MB tick=0MB rss=7518672KB free_disk=19G
20:45:43 t+18s swap_used=1570.25MB delta=+0MB tick=0MB rss=7522544KB free_disk=19G
20:45:44 t+19s swap_used=1570.25MB delta=+0MB tick=0MB rss=7513520KB free_disk=19G
20:45:45 t+20s swap_used=1570.25MB delta=+0MB tick=0MB rss=7527104KB free_disk=19G
20:45:47 t+22s swap_used=1570.25MB delta=+0MB tick=0MB rss=7507456KB free_disk=19G
20:45:48 t+23s swap_used=1570.25MB delta=+0MB tick=0MB rss=7541232KB free_disk=19G
20:45:49 t+24s swap_used=1570.25MB delta=+0MB tick=0MB rss=7518272KB free_disk=19G
20:45:50 t+25s swap_used=1570.25MB delta=+0MB tick=0MB rss=7550768KB free_disk=19G
20:45:51 t+26s swap_used=1570.25MB delta=+0MB tick=0MB rss=7546080KB free_disk=19G
20:45:52 t+27s swap_used=1570.25MB delta=+0MB tick=0MB rss=7538480KB free_disk=19G
20:45:53 t+28s swap_used=1570.25MB delta=+0MB tick=0MB rss=7532464KB free_disk=19G
20:45:54 t+29s swap_used=1570.25MB delta=+0MB tick=0MB rss=7532512KB free_disk=19G
20:45:55 t+30s swap_used=1570.25MB delta=+0MB tick=0MB rss=7510736KB free_disk=19G
20:45:56 t+31s swap_used=1570.25MB delta=+0MB tick=0MB rss=7509744KB free_disk=19G
20:45:57 t+32s swap_used=1570.25MB delta=+0MB tick=0MB rss=7533840KB free_disk=19G
20:45:59 t+34s swap_used=1570.25MB delta=+0MB tick=0MB rss=7537056KB free_disk=19G
20:46:00 t+35s swap_used=1570.25MB delta=+0MB tick=0MB rss=7546080KB free_disk=19G
20:46:01 t+36s swap_used=1570.25MB delta=+0MB tick=0MB rss=7536112KB free_disk=19G
20:46:02 t+37s swap_used=1570.25MB delta=+0MB tick=0MB rss=7516272KB free_disk=19G
20:46:03 t+38s swap_used=1570.25MB delta=+0MB tick=0MB rss=7512656KB free_disk=19G
20:46:04 t+39s swap_used=1570.25MB delta=+0MB tick=0MB rss=7481664KB free_disk=19G
20:46:05 t+40s swap_used=1570.25MB delta=+0MB tick=0MB rss=7497904KB free_disk=19G
20:46:06 t+41s swap_used=1570.25MB delta=+0MB tick=0MB rss=7499744KB free_disk=19G
20:46:07 t+42s swap_used=1570.25MB delta=+0MB tick=0MB rss=7376080KB free_disk=19G
20:46:08 t+43s swap_used=1570.25MB delta=+0MB tick=0MB rss=7279280KB free_disk=19G
20:46:10 t+45s swap_used=1570.25MB delta=+0MB tick=0MB rss=7133136KB free_disk=19G
20:46:11 t+46s swap_used=1570.25MB delta=+0MB tick=0MB rss=6921776KB free_disk=19G
20:46:12 t+47s swap_used=1562.25MB delta=+-8.00MB tick=-8.00MB rss=6646176KB free_disk=19G
20:46:13 t+48s swap_used=1562.25MB delta=+-8.00MB tick=0MB rss=6266112KB free_disk=19G
20:46:14 t+49s swap_used=1562.25MB delta=+-8.00MB tick=0MB rss=5654192KB free_disk=19G
20:46:16 t+51s swap_used=1562.25MB delta=+-8.00MB tick=0MB rss=5238784KB free_disk=19G
20:46:17 t+52s swap_used=1562.25MB delta=+-8.00MB tick=0MB rss=4906320KB free_disk=19G
20:46:18 t+53s swap_used=1562.25MB delta=+-8.00MB tick=0MB rss=4914656KB free_disk=19G
20:46:19 t+54s swap_used=1562.25MB delta=+-8.00MB tick=0MB rss=5136256KB free_disk=19G
20:46:20 t+55s swap_used=1562.25MB delta=+-8.00MB tick=0MB rss=5148560KB free_disk=19G
20:46:21 t+56s swap_used=1562.25MB delta=+-8.00MB tick=0MB rss=5049952KB free_disk=19G
20:46:22 t+57s swap_used=1562.25MB delta=+-8.00MB tick=0MB rss=4918064KB free_disk=19G
20:46:23 t+58s swap_used=1562.25MB delta=+-8.00MB tick=0MB rss=5294032KB free_disk=19G
20:46:24 t+60s swap_used=1562.25MB delta=+-8.00MB tick=0MB rss=5183360KB free_disk=19G
20:46:26 t+61s swap_used=1562.25MB delta=+-8.00MB tick=0MB rss=4446352KB free_disk=19G
20:46:27 t+62s swap_used=1562.25MB delta=+-8.00MB tick=0MB rss=4418992KB free_disk=19G
20:46:28 t+63s swap_used=1562.25MB delta=+-8.00MB tick=0MB rss=4016880KB free_disk=19G
20:46:29 t+64s swap_used=1562.25MB delta=+-8.00MB tick=0MB rss=3402464KB free_disk=19G
20:46:30 t+65s swap_used=1562.25MB delta=+-8.00MB tick=0MB rss=2518672KB free_disk=19G
20:46:31 t+66s swap_used=1562.25MB delta=+-8.00MB tick=0MB rss=1799504KB free_disk=19G
20:46:32 t+67s swap_used=1562.25MB delta=+-8.00MB tick=0MB rss=1660400KB free_disk=19G
20:46:33 t+68s swap_used=1562.25MB delta=+-8.00MB tick=0MB rss=1568352KB free_disk=19G
20:46:34 t+69s swap_used=1562.25MB delta=+-8.00MB tick=0MB rss=1654656KB free_disk=19G
20:46:36 t+71s swap_used=1562.25MB delta=+-8.00MB tick=0MB rss=1677984KB free_disk=19G
20:46:37 t+72s swap_used=1562.25MB delta=+-8.00MB tick=0MB rss=1713136KB free_disk=19G
20:46:38 t+73s swap_used=1562.25MB delta=+-8.00MB tick=0MB rss=1736752KB free_disk=19G
20:46:39 t+74s swap_used=1562.25MB delta=+-8.00MB tick=0MB rss=1750304KB free_disk=19G
20:46:40 t+75s swap_used=1562.25MB delta=+-8.00MB tick=0MB rss=1770480KB free_disk=19G
20:46:41 t+76s swap_used=1562.25MB delta=+-8.00MB tick=0MB rss=1805968KB free_disk=19G
20:46:42 t+77s swap_used=1562.25MB delta=+-8.00MB tick=0MB rss=1816576KB free_disk=19G
20:46:43 t+78s swap_used=1562.25MB delta=+-8.00MB tick=0MB rss=1866256KB free_disk=19G
20:46:44 t+79s swap_used=1562.25MB delta=+-8.00MB tick=0MB rss=1906512KB free_disk=19G
20:46:45 t+80s swap_used=1562.25MB delta=+-8.00MB tick=0MB rss=1943696KB free_disk=19G
20:46:46 t+81s swap_used=1562.25MB delta=+-8.00MB tick=0MB rss=1960400KB free_disk=19G
20:46:47 killwatch: pid 24418 exited on its own, stopping watch
