decoder: context capped at 132055 (model allows 262144) so that KV fits: weights 16.8 GB + KV 5.4 GB of budget 22.2 GB — pass -ctx to choose, or -stream-weights to lift
wrote /home/francis/models/gemma4-26b-int4-v14st.metal.giw: 15471 MB (int4)
	Command being timed: "./prequant -quant int4 -target metal -o /home/francis/models/gemma4-26b-int4-v14st.metal.giw /home/francis/models/gemma-4-26b-a4b-it"
	User time (seconds): 416.40
	System time (seconds): 223.54
	Percent of CPU this job got: 211%
	Elapsed (wall clock) time (h:mm:ss or m:ss): 5:02.74
	Average shared text size (kbytes): 0
	Average unshared data size (kbytes): 0
	Average stack size (kbytes): 0
	Average total size (kbytes): 0
	Maximum resident set size (kbytes): 40599668
	Average resident set size (kbytes): 0
	Major (requiring I/O) page faults: 267128
	Minor (reclaiming a frame) page faults: 5235273
	Voluntary context switches: 800245
	Involuntary context switches: 82681
	Swaps: 0
	File system inputs: 97313728
	File system outputs: 31685728
	Socket messages sent: 0
	Socket messages received: 0
	Signals delivered: 0
	Page size (bytes): 4096
	Exit status: 0
