gc 1 @0.028s 0%: 0.012+0.13+0.003 ms clock, 0.099+0/0.21/0.011+0.024 ms cpu, 31->31->31 MB, 31 MB goal, 0 MB stacks, 0 MB globals, 8 P
gc 2 @0.137s 0%: 0.019+3.1+0.010 ms clock, 0.15+0.12/5.8/10+0.081 ms cpu, 60->60->47 MB, 62 MB goal, 0 MB stacks, 0 MB globals, 8 P
gc 3 @0.228s 0%: 0.024+6.0+0.018 ms clock, 0.19+0/8.3/14+0.14 ms cpu, 93->94->51 MB, 94 MB goal, 0 MB stacks, 0 MB globals, 8 P
gc 4 @0.292s 1%: 0.026+5.6+0.013 ms clock, 0.21+0.049/10/20+0.10 ms cpu, 101->102->67 MB, 103 MB goal, 0 MB stacks, 0 MB globals, 8 P
gc 5 @0.323s 1%: 0.019+5.4+0.006 ms clock, 0.15+4.9/9.4/20+0.050 ms cpu, 132->138->98 MB, 135 MB goal, 0 MB stacks, 0 MB globals, 8 P
gc 6 @2.932s 0%: 0.092+9.0+0.059 ms clock, 0.73+0.083/17/31+0.47 ms cpu, 173->174->124 MB, 197 MB goal, 0 MB stacks, 0 MB globals, 8 P
gc 7 @3.223s 0%: 0.054+7.0+0.057 ms clock, 0.43+0.047/13/25+0.45 ms cpu, 222->223->214 MB, 248 MB goal, 0 MB stacks, 0 MB globals, 8 P
gc 8 @3.737s 0%: 0.048+25+0.16 ms clock, 0.39+0/32/32+1.3 ms cpu, 407->409->383 MB, 429 MB goal, 0 MB stacks, 0 MB globals, 8 P
gc 9 @4.816s 0%: 0.078+29+0.015 ms clock, 0.62+0.68/19/54+0.12 ms cpu, 742->743->665 MB, 766 MB goal, 0 MB stacks, 0 MB globals, 8 P
gc 10 @7.076s 0%: 0.042+6.6+0.020 ms clock, 0.34+0.024/12/29+0.16 ms cpu, 1303->1305->1157 MB, 1330 MB goal, 0 MB stacks, 0 MB globals, 8 P
[metal] weights aliased from the .giw mapping (GOINFER_METAL_ALIAS=1): 723 MB of int4 nibbles not copied (60 single tensors + 55 fused groups = 445 MB); copied as before: 0 heap-backed, 0 unaligned, 0 fused groups not adjacent
gc 11 @11.488s 0%: 0.049+6.8+0.004 ms clock, 0.39+0/13/32+0.037 ms cpu, 1658->1658->1531 MB, 2314 MB goal, 0 MB stacks, 0 MB globals, 8 P (forced)
loaded "gemma4-26b-int4-v13.giw": 30-layer model (vocab 262144) in 11.133s [chat: gemma4]
  decode path: metal-resident (int4)
  prefill path: sequential — arch/geometry not supported by f16 MMA prefill kernel
  context: 512 tokens (--ctx; model maximum 262144) · KV f32
  fit: 512-token cap needs 0.2 GB KV (weights 15.0 GB, budget 2.5 GB, 2.3 GB left for a request's own prefill)
  session reuse: OFF — resident decode is stateless, so every turn re-prefills its whole prompt
  features: tools: parse-only (a named tool_choice cannot be constrained on this template) · structured output
swap guard: armed, threshold +512 MB over baseline
goinfer serving on http://127.0.0.1:18113 [chat:[gemma4-26b-int4-v13.giw]]
  routes: /v1/chat/completions /v1/completions /v1/responses /v1/messages /v1/embeddings
  web UI: off (-web enables a browser UI at / for chat and model pulls)
warning: no -api-key set — any web page open in your browser can silently send requests to this API while it's running. Set -api-key (or $GOINFER_API_KEY) to require authentication.
request body cap: 48.0 MiB (text) / 80.0 MiB (vision) / 64.0 MiB (embeddings) / 64.0 MiB (batch files) [derived from context window]
swap guard: baseline 0.65 GB swap-used
goinfer: batched prefill declined for a 96-token prompt, falling back to the per-token path (slower TTFT; each distinct reason is reported once): metal: prefill not implemented for this arch's FFN shape (use the sequential path)

shutting down…
