gc 1 @0.004s 1%: 0.011+0.26+0.003 ms clock, 0.091+0/0.38/0.051+0.024 ms cpu, 31->31->31 MB, 31 MB goal, 0 MB stacks, 0 MB globals, 8 P
gc 2 @0.145s 0%: 0.017+6.2+0.011 ms clock, 0.13+0/9.3/10+0.088 ms cpu, 84->85->71 MB, 85 MB goal, 0 MB stacks, 0 MB globals, 8 P
gc 3 @0.255s 1%: 0.028+9.4+0.014 ms clock, 0.22+0/13/20+0.11 ms cpu, 140->141->73 MB, 142 MB goal, 0 MB stacks, 0 MB globals, 8 P
gc 4 @0.299s 1%: 0.028+4.2+0.004 ms clock, 0.22+3.9/7.9/19+0.035 ms cpu, 143->149->99 MB, 147 MB goal, 0 MB stacks, 0 MB globals, 8 P
gc 5 @3.372s 0%: 0.087+7.6+0.037 ms clock, 0.70+0.10/14/29+0.30 ms cpu, 176->177->126 MB, 200 MB goal, 0 MB stacks, 0 MB globals, 8 P
gc 6 @3.701s 0%: 0.058+11+0.041 ms clock, 0.46+0/15/35+0.32 ms cpu, 228->230->218 MB, 253 MB goal, 0 MB stacks, 0 MB globals, 8 P
gc 7 @4.286s 0%: 0.048+10+0.021 ms clock, 0.38+0/15/34+0.17 ms cpu, 412->414->359 MB, 437 MB goal, 0 MB stacks, 0 MB globals, 8 P
gc 8 @5.432s 0%: 0.041+26+0.016 ms clock, 0.32+3.8/11/28+0.13 ms cpu, 697->711->665 MB, 719 MB goal, 0 MB stacks, 0 MB globals, 8 P
gc 9 @8.111s 0%: 0.046+7.9+0.16 ms clock, 0.36+0/15/34+1.2 ms cpu, 1305->1305->1155 MB, 1330 MB goal, 0 MB stacks, 0 MB globals, 8 P
[metal] weights aliased from the .giw mapping (GOINFER_METAL_ALIAS=1): 723 MB of int4 nibbles not copied (60 single tensors + 55 fused groups = 445 MB); copied as before: 0 heap-backed, 0 unaligned, 0 fused groups not adjacent
gc 10 @12.251s 0%: 0.16+10+0.004 ms clock, 1.3+0/21/42+0.033 ms cpu, 1657->1657->1531 MB, 2311 MB goal, 0 MB stacks, 0 MB globals, 8 P (forced)
loaded "gemma4-26b-int4-v13.giw": 30-layer model (vocab 262144) in 11.925s [chat: gemma4]
  decode path: metal-resident (int4)
  prefill path: sequential — arch/geometry not supported by f16 MMA prefill kernel
  context: 512 tokens (--ctx; model maximum 262144) · KV f32
  fit: 512-token cap needs 0.2 GB KV (weights 15.0 GB, budget 2.4 GB, 2.2 GB left for a request's own prefill)
  session reuse: OFF — resident decode is stateless, so every turn re-prefills its whole prompt
  features: tools: parse-only (a named tool_choice cannot be constrained on this template) · structured output
swap guard: armed, threshold +512 MB over baseline
goinfer serving on http://127.0.0.1:18111 [chat:[gemma4-26b-int4-v13.giw]]
  routes: /v1/chat/completions /v1/completions /v1/responses /v1/messages /v1/embeddings
  web UI: off (-web enables a browser UI at / for chat and model pulls)
warning: no -api-key set — any web page open in your browser can silently send requests to this API while it's running. Set -api-key (or $GOINFER_API_KEY) to require authentication.
request body cap: 48.0 MiB (text) / 80.0 MiB (vision) / 64.0 MiB (embeddings) / 64.0 MiB (batch files) [derived from context window]
swap guard: baseline 0.65 GB swap-used
goinfer: batched prefill declined for a 96-token prompt, falling back to the per-token path (slower TTFT; each distinct reason is reported once): metal: prefill not implemented for this arch's FFN shape (use the sequential path)

shutting down…
