gc 1 @0.022s 0%: 0.014+0.14+0.003 ms clock, 0.11+0/0.23/0.013+0.028 ms cpu, 31->31->31 MB, 31 MB goal, 0 MB stacks, 0 MB globals, 8 P
gc 2 @0.130s 0%: 0.020+2.8+0.030 ms clock, 0.16+0.053/5.4/8.9+0.24 ms cpu, 60->60->47 MB, 62 MB goal, 0 MB stacks, 0 MB globals, 8 P
gc 3 @0.219s 0%: 0.024+6.1+0.008 ms clock, 0.19+0/8.4/14+0.070 ms cpu, 93->94->51 MB, 94 MB goal, 0 MB stacks, 0 MB globals, 8 P
gc 4 @0.283s 1%: 0.026+5.4+0.023 ms clock, 0.21+0.068/9.5/18+0.18 ms cpu, 101->102->67 MB, 103 MB goal, 0 MB stacks, 0 MB globals, 8 P
gc 5 @0.312s 1%: 0.031+5.9+0.004 ms clock, 0.24+5.4/11/12+0.038 ms cpu, 132->138->98 MB, 135 MB goal, 0 MB stacks, 0 MB globals, 8 P
gc 6 @2.843s 0%: 0.10+15+0.022 ms clock, 0.85+0.43/16/37+0.17 ms cpu, 182->185->141 MB, 196 MB goal, 0 MB stacks, 0 MB globals, 8 P
gc 7 @3.085s 0%: 0.072+11+0.075 ms clock, 0.57+0.087/15/33+0.60 ms cpu, 267->271->175 MB, 283 MB goal, 0 MB stacks, 0 MB globals, 8 P
gc 8 @3.431s 0%: 0.047+12+0.15 ms clock, 0.37+3.3/12/29+1.2 ms cpu, 332->339->279 MB, 351 MB goal, 0 MB stacks, 0 MB globals, 8 P
gc 9 @3.985s 0%: 0.036+7.0+0.10 ms clock, 0.29+0.094/13/28+0.81 ms cpu, 541->542->375 MB, 559 MB goal, 0 MB stacks, 0 MB globals, 8 P
gc 10 @4.797s 0%: 0.048+9.2+0.15 ms clock, 0.38+2.8/12/28+1.2 ms cpu, 733->742->554 MB, 751 MB goal, 0 MB stacks, 0 MB globals, 8 P
gc 11 @6.077s 0%: 0.037+7.8+0.068 ms clock, 0.30+0.081/14/29+0.54 ms cpu, 1082->1082->791 MB, 1108 MB goal, 0 MB stacks, 0 MB globals, 8 P
gc 12 @8.700s 0%: 0.20+51+0.016 ms clock, 1.6+0/52/126+0.13 ms cpu, 1556->1562->1176 MB, 1583 MB goal, 0 MB stacks, 0 MB globals, 8 P
gc 13 @14.039s 0%: 0.26+10+0.003 ms clock, 2.1+0/21/53+0.031 ms cpu, 1962->1962->1531 MB, 2352 MB goal, 0 MB stacks, 0 MB globals, 8 P (forced)
loaded "gemma4-26b-int4-v13.giw": 30-layer model (vocab 262144) in 13.715s [chat: gemma4]
  decode path: metal-resident (int4)
  prefill path: sequential — arch/geometry not supported by f16 MMA prefill kernel
  context: 512 tokens (--ctx; model maximum 262144) · KV f32
  fit: 512-token cap needs 0.2 GB KV (weights 15.0 GB, budget 2.2 GB, 2.0 GB left for a request's own prefill)
  session reuse: OFF — resident decode is stateless, so every turn re-prefills its whole prompt
  features: tools: parse-only (a named tool_choice cannot be constrained on this template) · structured output
swap guard: armed, threshold +512 MB over baseline
goinfer serving on http://127.0.0.1:18112 [chat:[gemma4-26b-int4-v13.giw]]
  routes: /v1/chat/completions /v1/completions /v1/responses /v1/messages /v1/embeddings
  web UI: off (-web enables a browser UI at / for chat and model pulls)
warning: no -api-key set — any web page open in your browser can silently send requests to this API while it's running. Set -api-key (or $GOINFER_API_KEY) to require authentication.
request body cap: 48.0 MiB (text) / 80.0 MiB (vision) / 64.0 MiB (embeddings) / 64.0 MiB (batch files) [derived from context window]
goinfer: batched prefill declined for a 96-token prompt, falling back to the per-token path (slower TTFT; each distinct reason is reported once): metal: prefill not implemented for this arch's FFN shape (use the sequential path)
swap guard: baseline 0.65 GB swap-used

shutting down…
