08:42:20 killwatch: baseline swap-used 2302.06MB; kill at +1024MB, tick rule 200MB x2 (0=off), poll 2s, pid 79449
08:42:20 t+0s swap_used=2302.06MB delta=+0MB tick=0MB rss=32KB free_disk=23G
08:42:22 t+2s swap_used=2302.06MB delta=+0MB tick=0MB rss=705216KB free_disk=23G
08:42:24 t+4s swap_used=2302.06MB delta=+0MB tick=0MB rss=1640960KB free_disk=23G
08:42:26 t+6s swap_used=2302.06MB delta=+0MB tick=0MB rss=2191184KB free_disk=23G
08:42:28 t+8s swap_used=2302.06MB delta=+0MB tick=0MB rss=2581008KB free_disk=23G
08:42:30 t+10s swap_used=2302.06MB delta=+0MB tick=0MB rss=3217504KB free_disk=23G
08:42:32 t+12s swap_used=2302.06MB delta=+0MB tick=0MB rss=3139520KB free_disk=23G
08:42:34 t+14s swap_used=2961.81MB delta=+659.75MB tick=659.75MB rss=2343248KB free_disk=22G
08:42:37 t+17s swap_used=2953.81MB delta=+651.75MB tick=-8.00MB rss=1240768KB free_disk=22G
08:42:39 t+19s swap_used=2953.81MB delta=+651.75MB tick=0MB rss=1277408KB free_disk=22G
08:42:41 t+21s swap_used=2953.81MB delta=+651.75MB tick=0MB rss=1526000KB free_disk=22G
08:42:43 t+23s swap_used=2953.81MB delta=+651.75MB tick=0MB rss=1709408KB free_disk=22G
08:42:45 t+25s swap_used=2953.81MB delta=+651.75MB tick=0MB rss=1988720KB free_disk=22G
08:42:47 t+27s swap_used=2953.81MB delta=+651.75MB tick=0MB rss=1802640KB free_disk=22G
08:42:49 t+29s swap_used=2953.81MB delta=+651.75MB tick=0MB rss=1869696KB free_disk=22G
08:42:51 t+31s swap_used=2953.81MB delta=+651.75MB tick=0MB rss=1993024KB free_disk=22G
08:42:53 t+33s swap_used=2953.81MB delta=+651.75MB tick=0MB rss=2046240KB free_disk=22G
08:42:55 t+35s swap_used=2953.81MB delta=+651.75MB tick=0MB rss=2078768KB free_disk=22G
08:42:57 t+37s swap_used=2953.81MB delta=+651.75MB tick=0MB rss=1858112KB free_disk=22G
08:42:59 t+39s swap_used=2945.81MB delta=+643.75MB tick=-8.00MB rss=1889632KB free_disk=22G
08:43:01 t+41s swap_used=2945.81MB delta=+643.75MB tick=0MB rss=1902672KB free_disk=22G
08:43:03 t+43s swap_used=2945.81MB delta=+643.75MB tick=0MB rss=1950704KB free_disk=22G
08:43:05 t+45s swap_used=2945.81MB delta=+643.75MB tick=0MB rss=1886592KB free_disk=22G
08:43:07 t+47s swap_used=2945.81MB delta=+643.75MB tick=0MB rss=1792368KB free_disk=22G
08:43:09 t+49s swap_used=2945.81MB delta=+643.75MB tick=0MB rss=1838400KB free_disk=22G
08:43:12 t+52s swap_used=2945.81MB delta=+643.75MB tick=0MB rss=1996608KB free_disk=22G
08:43:14 t+54s swap_used=2964.94MB delta=+662.88MB tick=19.13MB rss=2063728KB free_disk=22G
08:43:16 t+56s swap_used=2964.94MB delta=+662.88MB tick=0MB rss=2042704KB free_disk=22G
08:43:18 t+58s swap_used=2964.94MB delta=+662.88MB tick=0MB rss=1964400KB free_disk=22G
08:43:20 t+60s swap_used=2964.94MB delta=+662.88MB tick=0MB rss=1965952KB free_disk=22G
08:43:22 t+62s swap_used=2964.94MB delta=+662.88MB tick=0MB rss=2015552KB free_disk=22G
08:43:24 t+64s swap_used=3087.12MB delta=+785.06MB tick=122.18MB rss=3268688KB free_disk=22G
08:43:26 t+66s swap_used=3159.56MB delta=+857.50MB tick=72.44MB rss=2046080KB free_disk=22G
08:43:28 t+68s swap_used=3159.56MB delta=+857.50MB tick=0MB rss=2128352KB free_disk=22G
08:43:30 t+70s swap_used=3159.56MB delta=+857.50MB tick=0MB rss=2144816KB free_disk=22G
08:43:32 t+72s swap_used=3159.56MB delta=+857.50MB tick=0MB rss=2214160KB free_disk=22G
08:43:34 t+74s swap_used=3159.56MB delta=+857.50MB tick=0MB rss=2293296KB free_disk=22G
08:43:36 t+76s swap_used=3151.56MB delta=+849.50MB tick=-8.00MB rss=2120672KB free_disk=22G
08:43:38 t+78s swap_used=3151.56MB delta=+849.50MB tick=0MB rss=2063136KB free_disk=22G
08:43:40 t+80s swap_used=3151.56MB delta=+849.50MB tick=0MB rss=2148976KB free_disk=22G
08:43:42 t+82s swap_used=3151.56MB delta=+849.50MB tick=0MB rss=2231776KB free_disk=22G
08:43:44 t+84s swap_used=3151.56MB delta=+849.50MB tick=0MB rss=2052240KB free_disk=22G
08:43:46 t+86s swap_used=3151.56MB delta=+849.50MB tick=0MB rss=2073360KB free_disk=22G
08:43:49 t+89s swap_used=3151.56MB delta=+849.50MB tick=0MB rss=2158448KB free_disk=22G
08:43:51 t+91s swap_used=3143.56MB delta=+841.50MB tick=-8.00MB rss=2279024KB free_disk=22G
08:43:53 t+93s swap_used=3135.56MB delta=+833.50MB tick=-8.00MB rss=2140864KB free_disk=22G
08:43:55 t+95s swap_used=3127.56MB delta=+825.50MB tick=-8.00MB rss=2038064KB free_disk=22G
08:43:57 t+97s swap_used=3127.56MB delta=+825.50MB tick=0MB rss=2194848KB free_disk=22G
08:43:59 t+99s swap_used=3127.56MB delta=+825.50MB tick=0MB rss=2224752KB free_disk=22G
08:44:01 t+101s swap_used=3127.56MB delta=+825.50MB tick=0MB rss=2275664KB free_disk=22G
08:44:03 t+103s swap_used=3127.56MB delta=+825.50MB tick=0MB rss=2057264KB free_disk=22G
08:44:05 t+105s swap_used=3127.56MB delta=+825.50MB tick=0MB rss=2025232KB free_disk=22G
08:44:07 t+107s swap_used=3127.56MB delta=+825.50MB tick=0MB rss=2122160KB free_disk=22G
08:44:09 t+109s swap_used=3127.56MB delta=+825.50MB tick=0MB rss=2172480KB free_disk=22G
08:44:11 t+111s swap_used=3127.56MB delta=+825.50MB tick=0MB rss=2218720KB free_disk=22G
08:44:13 t+113s swap_used=3127.56MB delta=+825.50MB tick=0MB rss=2003280KB free_disk=22G
08:44:15 t+115s swap_used=3127.56MB delta=+825.50MB tick=0MB rss=2150528KB free_disk=22G
08:44:17 t+117s swap_used=3127.56MB delta=+825.50MB tick=0MB rss=3167808KB free_disk=22G
08:44:19 t+119s swap_used=3361.25MB delta=+1059.19MB tick=233.69MB rss=2108432KB free_disk=22G
08:44:19 killwatch: swap delta +1059.19MB > 1024MB -- KILLING 79449
