[22:48:34] gemma-3-4b-it: arm metal (--backend metal -vision-device cpu )
  decode path: metal-resident (int4)
  prefill path: batched f16-MMA above 16 prompt tokens; sequential below (§3 floor)
loaded vision tower for "gemma-3-4b-it" (256 image tokens/image, soft-token id 262144, encoder f32) from /Users/francistownsend-merino/models/gemma-3-4b-it
request body cap: 4.0 MiB (text) / 36.0 MiB (vision) / 64.0 MiB (embeddings) / 64.0 MiB (batch files) [derived from context window]
  metal (29.5s): 'The image shows quarterly unit sales data by region, broken down into North, South, East, West, and Central, as well as a total for all regions'
[22:49:23] gemma-3-4b-it: arm metal2 (--backend metal -vision-device cpu )
  decode path: cpu (int4) — requested metal → running on cpu: the resident build needs 5.15 GB (weights, host copy and KV), over 70% of 16.0 GB RAM (budget 4.92 GB (this machine's live-available memor
  prefill path: batched shape (CPU forwardLayersN, one weight stream for the whole prompt) — describes weight streaming, not throughput; this path is single-threaded
loaded vision tower for "gemma-3-4b-it" (256 image tokens/image, soft-token id 262144, encoder f32) from /Users/francistownsend-merino/models/gemma-3-4b-it
"gemma-3-4b-it" concurrency: one generation at a time — -max-concurrent 4 applies to CPU models and to GPU-resident models that batch decode (a weight-streaming or vision model runs one)
request body cap: 4.0 MiB (text) / 36.0 MiB (vision) / 64.0 MiB (embeddings) / 64.0 MiB (batch files) [derived from context window]
  metal2 (30.1s): 'The image shows quarterly unit sales data by region, broken down into North, South, East, West, and Central, along with a total for all regions.'
[22:50:10] gemma-3-4b-it: arm metal-towerauto (--backend metal -vision-device auto )
  decode path: metal-resident (int4)
  prefill path: batched f16-MMA above 16 prompt tokens; sequential below (§3 floor)
loaded vision tower for "gemma-3-4b-it" (256 image tokens/image, soft-token id 262144, encoder f32/metal-resident) from /Users/francistownsend-merino/models/gemma-3-4b-it
request body cap: 4.0 MiB (text) / 36.0 MiB (vision) / 64.0 MiB (embeddings) / 64.0 MiB (batch files) [derived from context window]
  metal-towerauto (14.3s): 'The image shows quarterly unit sales data for different regions (North, South, East, West, Central) and a total for all regions.'
[22:50:45] gemma-3-4b-it: arm metal-towerauto2 (--backend metal -vision-device auto )
  decode path: metal-resident (int4)
  prefill path: batched f16-MMA above 16 prompt tokens; sequential below (§3 floor)
loaded vision tower for "gemma-3-4b-it" (256 image tokens/image, soft-token id 262144, encoder f32/metal-resident) from /Users/francistownsend-merino/models/gemma-3-4b-it
request body cap: 4.0 MiB (text) / 36.0 MiB (vision) / 64.0 MiB (embeddings) / 64.0 MiB (batch files) [derived from context window]
  metal-towerauto2 (14.3s): 'The image shows quarterly unit sales data for different regions (North, South, East, West, Central) and a total for all regions.'
gemma-3-4b-it: reference arm metal
gemma-3-4b-it: metal2 against metal: first differing generated token 24: metal ' as', metal2 ' along'
  metal top-3: ' as' 0.400, ' and' 0.295, ' along' 0.283
  near-tie (p(other) >= half p(top) = 0.200): True
gemma-3-4b-it: metal-towerauto against metal: first differing generated token 7: metal ' by', metal-towerauto ' for'
  metal top-3: ' by' 0.489, ' broken' 0.375, ' for' 0.082
  near-tie (p(other) >= half p(top) = 0.244): False
gemma-3-4b-it: metal-towerauto2 against metal: first differing generated token 7: metal ' by', metal-towerauto2 ' for'
  metal top-3: ' by' 0.489, ' broken' 0.375, ' for' 0.082
  near-tie (p(other) >= half p(top) = 0.244): False
