=== RUN   TestAuditM26_pagedProbe
[m26    0.0s] pid 94510, model /Users/francistownsend-merino/models/gemma4-26b-int4-v14st.metal.giw, 8 slots per layer, 128 tokens, hold "/Users/francistownsend-merino/goinfer-logs/metal-audit-2026-10/cp01-ab/p1-old.hold"
[metal] weights aliased from gemma4-26b-int4-v14st.metal.giw (GOINFER_METAL_ALIAS=0 to copy instead): 1517 MB bound in place, 1 MB copied (anonymous) — 723 MB int4 nibbles (60 single tensors + 55 fused groups = 445 MB) + 704 MB int8 codes (1 matrices) + 90 MB f16 scales; copied: 0 heap-backed, 0 unaligned, 0 fused groups not adjacent, 0 scale sets converted
[m26   10.2s] built in 10.2 s: 30 paged MoE layers, scale cache 1361.2 MB
[m26   12.6s] token 8/128, 5.24 tok/s so far
[m26   13.4s] token 16/128, 7.04 tok/s so far
[m26   14.2s] token 24/128, 7.90 tok/s so far
[m26   14.9s] token 32/128, 8.58 tok/s so far
[m26   15.0s] HOLD at token 32: Go heap in use 3004.7 MB (heap sys 3934.8, sys 3951.9); scale cache 1361.2 MB = 0.453 of the heap in use
[m26   16.0s] released
[m26   17.0s] token 40/128, 8.30 tok/s so far
[m26   17.8s] token 48/128, 8.47 tok/s so far
[m26   18.6s] token 56/128, 8.66 tok/s so far
[m26   19.4s] token 64/128, 8.83 tok/s so far
[m26   20.2s] token 72/128, 8.94 tok/s so far
[m26   20.9s] token 80/128, 9.18 tok/s so far
[m26   21.6s] token 88/128, 9.37 tok/s so far
[m26   22.3s] token 96/128, 9.48 tok/s so far
[m26   23.0s] token 104/128, 9.59 tok/s so far
[m26   23.7s] token 112/128, 9.71 tok/s so far
[m26   24.4s] token 120/128, 9.85 tok/s so far
[m26   25.0s] token 128/128, 9.97 tok/s so far
[m26   25.1s] DECOMP/tok: token 100.1 ms | GPU-busy 44.0 | phase wall 65.7 | encode 4.2 | submit+wait 61.5 | stage 28.3 | idx-coord 0.0
[m26   25.1s] RESULT 8 slots: 9.99 tok/s (100.1 ms per token over 128 tokens); per-CB round trip (submit+wait - GPU-busy) 17.5 ms per token = 0.175 of the token; scale cache 1361.2 MB
--- PASS: TestAuditM26_pagedProbe (25.13s)
PASS
