=== RUN   TestAuditM26_pagedProbe
[m26    0.0s] pid 99466, model /Users/francistownsend-merino/models/gemma4-26b-int4-v14st.metal.giw, 8 slots per layer, 128 tokens, hold "/Users/francistownsend-merino/goinfer-logs/metal-audit-2026-10/cp01-ab/p2-old.hold"
[metal] weights aliased from gemma4-26b-int4-v14st.metal.giw (GOINFER_METAL_ALIAS=0 to copy instead): 1517 MB bound in place, 1 MB copied (anonymous) — 723 MB int4 nibbles (60 single tensors + 55 fused groups = 445 MB) + 704 MB int8 codes (1 matrices) + 90 MB f16 scales; copied: 0 heap-backed, 0 unaligned, 0 fused groups not adjacent, 0 scale sets converted
[m26    8.9s] built in 8.9 s: 30 paged MoE layers, scale cache 1361.2 MB
[m26   11.0s] token 8/128, 5.27 tok/s so far
[m26   11.8s] token 16/128, 7.02 tok/s so far
[m26   12.5s] token 24/128, 8.16 tok/s so far
[m26   13.2s] token 32/128, 8.87 tok/s so far
[m26   13.3s] HOLD at token 32: Go heap in use 3004.7 MB (heap sys 3930.2, sys 3947.5); scale cache 1361.2 MB = 0.453 of the heap in use
[m26   14.3s] released
[m26   15.4s] token 40/128, 8.34 tok/s so far
[m26   16.2s] token 48/128, 8.54 tok/s so far
[m26   17.0s] token 56/128, 8.75 tok/s so far
[m26   17.8s] token 64/128, 8.93 tok/s so far
[m26   18.6s] token 72/128, 9.01 tok/s so far
[m26   19.3s] token 80/128, 9.18 tok/s so far
[m26   20.0s] token 88/128, 9.37 tok/s so far
[m26   20.7s] token 96/128, 9.52 tok/s so far
[m26   21.4s] token 104/128, 9.64 tok/s so far
[m26   22.1s] token 112/128, 9.77 tok/s so far
[m26   22.8s] token 120/128, 9.91 tok/s so far
[m26   23.4s] token 128/128, 10.04 tok/s so far
[m26   23.5s] DECOMP/tok: token 99.4 ms | GPU-busy 44.1 | phase wall 65.3 | encode 4.1 | submit+wait 61.2 | stage 27.9 | idx-coord 0.0
[m26   23.5s] RESULT 8 slots: 10.06 tok/s (99.4 ms per token over 128 tokens); per-CB round trip (submit+wait - GPU-busy) 17.1 ms per token = 0.172 of the token; scale cache 1361.2 MB
--- PASS: TestAuditM26_pagedProbe (23.51s)
PASS
