=== RUN   TestAuditM26_pagedProbe
[m26    0.0s] pid 2913, model /Users/francistownsend-merino/models/gemma4-26b-int4-v14st.metal.giw, 8 slots per layer, 128 tokens, hold "/Users/francistownsend-merino/goinfer-logs/metal-audit-2026-10/cp01-ab/p3-copy.hold"
[metal] weights aliased from gemma4-26b-int4-v14st.metal.giw (GOINFER_METAL_ALIAS=0 to copy instead): 1517 MB bound in place, 1 MB copied (anonymous) — 723 MB int4 nibbles (60 single tensors + 55 fused groups = 445 MB) + 704 MB int8 codes (1 matrices) + 90 MB f16 scales; copied: 0 heap-backed, 0 unaligned, 0 fused groups not adjacent, 0 scale sets converted
[m26    8.1s] built in 8.1 s: 30 paged MoE layers
[m26    9.5s] token 8/128, 6.60 tok/s so far
[m26   10.3s] token 16/128, 8.06 tok/s so far
[m26   11.0s] token 24/128, 8.95 tok/s so far
[m26   11.7s] token 32/128, 9.56 tok/s so far
[m26   11.8s] HOLD at token 32: Go heap in use 1553.1 MB (heap sys 1798.9, sys 1811.3)
[m26   12.8s] released
[m26   13.7s] token 40/128, 9.20 tok/s so far
[m26   14.4s] token 48/128, 9.44 tok/s so far
[m26   15.2s] token 56/128, 9.61 tok/s so far
[m26   15.9s] token 64/128, 9.74 tok/s so far
[m26   16.7s] token 72/128, 9.86 tok/s so far
[m26   17.4s] token 80/128, 9.94 tok/s so far
[m26   18.1s] token 88/128, 10.11 tok/s so far
[m26   18.7s] token 96/128, 10.24 tok/s so far
[m26   19.4s] token 104/128, 10.32 tok/s so far
[m26   20.1s] token 112/128, 10.41 tok/s so far
[m26   20.8s] token 120/128, 10.54 tok/s so far
[m26   21.4s] token 128/128, 10.62 tok/s so far
[m26   21.5s] DECOMP/tok: token 94.0 ms | GPU-busy 42.6 | phase wall 64.0 | encode 4.1 | submit+wait 59.9 | stage 24.3 | idx-coord 0.0
[m26   21.5s] RESULT 8 slots: 10.64 tok/s (94.0 ms per token over 128 tokens); per-CB round trip (submit+wait - GPU-busy) 17.4 ms per token = 0.185 of the token
--- PASS: TestAuditM26_pagedProbe (21.54s)
PASS
