=== RUN   TestAuditM26_pagedProbe
[m26    0.0s] pid 4965, model /Users/francistownsend-merino/models/gemma4-26b-int4-v14st.metal.giw, 8 slots per layer, 128 tokens, hold "/Users/francistownsend-merino/goinfer-logs/metal-audit-2026-10/cp01-ab/p4-copy.hold"
[metal] weights aliased from gemma4-26b-int4-v14st.metal.giw (GOINFER_METAL_ALIAS=0 to copy instead): 1517 MB bound in place, 1 MB copied (anonymous) — 723 MB int4 nibbles (60 single tensors + 55 fused groups = 445 MB) + 704 MB int8 codes (1 matrices) + 90 MB f16 scales; copied: 0 heap-backed, 0 unaligned, 0 fused groups not adjacent, 0 scale sets converted
[m26    8.0s] built in 8.0 s: 30 paged MoE layers
[m26    9.5s] token 8/128, 6.86 tok/s so far
[m26   10.3s] token 16/128, 8.31 tok/s so far
[m26   11.0s] token 24/128, 9.19 tok/s so far
[m26   11.6s] token 32/128, 9.84 tok/s so far
[m26   11.8s] HOLD at token 32: Go heap in use 1552.9 MB (heap sys 1695.0, sys 1707.5)
[m26   12.8s] released
[m26   13.7s] token 40/128, 9.28 tok/s so far
[m26   14.4s] token 48/128, 9.52 tok/s so far
[m26   15.2s] token 56/128, 9.65 tok/s so far
[m26   15.9s] token 64/128, 9.81 tok/s so far
[m26   16.6s] token 72/128, 9.96 tok/s so far
[m26   17.3s] token 80/128, 10.11 tok/s so far
[m26   17.9s] token 88/128, 10.32 tok/s so far
[m26   18.6s] token 96/128, 10.43 tok/s so far
[m26   19.3s] token 104/128, 10.47 tok/s so far
[m26   20.0s] token 112/128, 10.57 tok/s so far
[m26   20.7s] token 120/128, 10.65 tok/s so far
[m26   21.3s] token 128/128, 10.74 tok/s so far
[m26   21.4s] DECOMP/tok: token 92.9 ms | GPU-busy 41.9 | phase wall 63.1 | encode 4.2 | submit+wait 58.9 | stage 23.9 | idx-coord 0.0
[m26   21.4s] RESULT 8 slots: 10.76 tok/s (92.9 ms per token over 128 tokens); per-CB round trip (submit+wait - GPU-busy) 17.0 ms per token = 0.183 of the token
--- PASS: TestAuditM26_pagedProbe (21.45s)
PASS
