=== RUN   TestAuditM26_pagedProbe
[m26    0.0s] pid 3886, model /Users/francistownsend-merino/models/gemma4-26b-int4-v14st.metal.giw, 8 slots per layer, 128 tokens, hold "/Users/francistownsend-merino/goinfer-logs/metal-audit-2026-10/cp01-ab/p4-old.hold"
[metal] weights aliased from gemma4-26b-int4-v14st.metal.giw (GOINFER_METAL_ALIAS=0 to copy instead): 1517 MB bound in place, 1 MB copied (anonymous) — 723 MB int4 nibbles (60 single tensors + 55 fused groups = 445 MB) + 704 MB int8 codes (1 matrices) + 90 MB f16 scales; copied: 0 heap-backed, 0 unaligned, 0 fused groups not adjacent, 0 scale sets converted
[m26   10.1s] built in 10.1 s: 30 paged MoE layers, scale cache 1361.2 MB
[m26   11.6s] token 8/128, 6.09 tok/s so far
[m26   12.4s] token 16/128, 7.76 tok/s so far
[m26   13.1s] token 24/128, 8.78 tok/s so far
[m26   13.8s] token 32/128, 9.34 tok/s so far
[m26   13.9s] HOLD at token 32: Go heap in use 3004.7 MB (heap sys 4098.6, sys 4115.9); scale cache 1361.2 MB = 0.453 of the heap in use
[m26   14.9s] released
[m26   16.0s] token 40/128, 8.72 tok/s so far
[m26   16.8s] token 48/128, 8.94 tok/s so far
[m26   17.5s] token 56/128, 9.13 tok/s so far
[m26   18.3s] token 64/128, 9.27 tok/s so far
[m26   19.1s] token 72/128, 9.39 tok/s so far
[m26   19.8s] token 80/128, 9.59 tok/s so far
[m26   20.4s] token 88/128, 9.77 tok/s so far
[m26   21.1s] token 96/128, 9.91 tok/s so far
[m26   21.8s] token 104/128, 10.03 tok/s so far
[m26   22.5s] token 112/128, 10.11 tok/s so far
[m26   23.1s] token 120/128, 10.26 tok/s so far
[m26   23.8s] token 128/128, 10.36 tok/s so far
[m26   23.9s] DECOMP/tok: token 96.4 ms | GPU-busy 41.4 | phase wall 62.2 | encode 4.2 | submit+wait 58.0 | stage 28.0 | idx-coord 0.0
[m26   23.9s] RESULT 8 slots: 10.38 tok/s (96.4 ms per token over 128 tokens); per-CB round trip (submit+wait - GPU-busy) 16.5 ms per token = 0.172 of the token; scale cache 1361.2 MB
--- PASS: TestAuditM26_pagedProbe (23.90s)
PASS
