=== RUN   TestAuditM26_pagedProbe
[m26    0.0s] pid 8708, model /Users/francistownsend-merino/models/gemma4-26b-int4-v14st.metal.giw, 8 slots per layer, 128 tokens, hold "/Users/francistownsend-merino/goinfer-logs/metal-audit-2026-10/cp01-ab/p5-old.hold"
[metal] weights aliased from gemma4-26b-int4-v14st.metal.giw (GOINFER_METAL_ALIAS=0 to copy instead): 1517 MB bound in place, 1 MB copied (anonymous) — 723 MB int4 nibbles (60 single tensors + 55 fused groups = 445 MB) + 704 MB int8 codes (1 matrices) + 90 MB f16 scales; copied: 0 heap-backed, 0 unaligned, 0 fused groups not adjacent, 0 scale sets converted
[m26    9.3s] built in 9.3 s: 30 paged MoE layers, scale cache 1361.2 MB
[m26   11.3s] token 8/128, 5.58 tok/s so far
[m26   12.2s] token 16/128, 7.19 tok/s so far
[m26   12.9s] token 24/128, 8.24 tok/s so far
[m26   13.6s] token 32/128, 8.97 tok/s so far
[m26   13.6s] HOLD at token 32: Go heap in use 3004.6 MB (heap sys 4098.8, sys 4115.9); scale cache 1361.2 MB = 0.453 of the heap in use
[m26   14.6s] released
[m26   15.6s] token 40/128, 8.64 tok/s so far
[m26   16.4s] token 48/128, 8.82 tok/s so far
[m26   17.2s] token 56/128, 9.00 tok/s so far
[m26   18.0s] token 64/128, 9.10 tok/s so far
[m26   18.8s] token 72/128, 9.22 tok/s so far
[m26   19.5s] token 80/128, 9.41 tok/s so far
[m26   20.3s] token 88/128, 9.51 tok/s so far
[m26   21.0s] token 96/128, 9.66 tok/s so far
[m26   21.7s] token 104/128, 9.76 tok/s so far
[m26   22.4s] token 112/128, 9.86 tok/s so far
[m26   23.0s] token 120/128, 10.00 tok/s so far
[m26   23.7s] token 128/128, 10.11 tok/s so far
[m26   23.8s] DECOMP/tok: token 98.7 ms | GPU-busy 44.3 | phase wall 65.7 | encode 4.2 | submit+wait 61.6 | stage 27.1 | idx-coord 0.0
[m26   23.8s] RESULT 8 slots: 10.13 tok/s (98.7 ms per token over 128 tokens); per-CB round trip (submit+wait - GPU-busy) 17.2 ms per token = 0.174 of the token; scale cache 1361.2 MB
--- PASS: TestAuditM26_pagedProbe (23.80s)
PASS
