=== RUN   TestAuditM26_pagedProbe
[m26    0.0s] pid 7819, model /Users/francistownsend-merino/models/gemma4-26b-int4-v14st.metal.giw, 8 slots per layer, 128 tokens, hold "/Users/francistownsend-merino/goinfer-logs/metal-audit-2026-10/cp01-ab/p5-pread.hold"
[metal] weights aliased from gemma4-26b-int4-v14st.metal.giw (GOINFER_METAL_ALIAS=0 to copy instead): 1517 MB bound in place, 1 MB copied (anonymous) — 723 MB int4 nibbles (60 single tensors + 55 fused groups = 445 MB) + 704 MB int8 codes (1 matrices) + 90 MB f16 scales; copied: 0 heap-backed, 0 unaligned, 0 fused groups not adjacent, 0 scale sets converted
[m26    6.7s] built in 6.7 s: 30 paged MoE layers
[m26    7.9s] token 8/128, 7.41 tok/s so far
[m26    8.7s] token 16/128, 8.77 tok/s so far
[m26    9.3s] token 24/128, 9.71 tok/s so far
[m26   10.0s] token 32/128, 10.23 tok/s so far
[m26   10.1s] HOLD at token 32: Go heap in use 1553.1 MB (heap sys 1695.0, sys 1707.7)
[m26   11.1s] released
[m26   12.1s] token 40/128, 9.50 tok/s so far
[m26   12.8s] token 48/128, 9.69 tok/s so far
[m26   13.6s] token 56/128, 9.84 tok/s so far
[m26   14.3s] token 64/128, 9.99 tok/s so far
[m26   15.0s] token 72/128, 10.08 tok/s so far
[m26   15.7s] token 80/128, 10.28 tok/s so far
[m26   16.3s] token 88/128, 10.44 tok/s so far
[m26   17.0s] token 96/128, 10.54 tok/s so far
[m26   17.7s] token 104/128, 10.65 tok/s so far
[m26   18.3s] token 112/128, 10.75 tok/s so far
[m26   18.9s] token 120/128, 10.88 tok/s so far
[m26   19.5s] token 128/128, 11.00 tok/s so far
[m26   19.6s] DECOMP/tok: token 90.8 ms | GPU-busy 40.4 | phase wall 61.3 | encode 4.1 | submit+wait 57.2 | stage 23.8 | idx-coord 0.0
[m26   19.6s] RESULT 8 slots: 11.02 tok/s (90.8 ms per token over 128 tokens); per-CB round trip (submit+wait - GPU-busy) 16.9 ms per token = 0.186 of the token
--- PASS: TestAuditM26_pagedProbe (19.66s)
PASS
