=== RUN   TestAuditM26_pagedProbe
[m26    0.0s] pid 10772, model /Users/francistownsend-merino/models/gemma4-26b-int4-v14st.metal.giw, 8 slots per layer, 128 tokens, hold "/Users/francistownsend-merino/goinfer-logs/metal-audit-2026-10/cp01-ab/p6-old.hold"
[metal] weights aliased from gemma4-26b-int4-v14st.metal.giw (GOINFER_METAL_ALIAS=0 to copy instead): 1517 MB bound in place, 1 MB copied (anonymous) — 723 MB int4 nibbles (60 single tensors + 55 fused groups = 445 MB) + 704 MB int8 codes (1 matrices) + 90 MB f16 scales; copied: 0 heap-backed, 0 unaligned, 0 fused groups not adjacent, 0 scale sets converted
[m26   10.6s] built in 10.6 s: 30 paged MoE layers, scale cache 1361.2 MB
[m26   12.3s] token 8/128, 5.61 tok/s so far
[m26   13.1s] token 16/128, 7.19 tok/s so far
[m26   14.0s] token 24/128, 7.91 tok/s so far
[m26   14.6s] token 32/128, 8.64 tok/s so far
[m26   14.7s] HOLD at token 32: Go heap in use 3004.6 MB (heap sys 4098.5, sys 4115.9); scale cache 1361.2 MB = 0.453 of the heap in use
[m26   15.7s] released
[m26   16.8s] token 40/128, 8.29 tok/s so far
[m26   17.6s] token 48/128, 8.50 tok/s so far
[m26   18.4s] token 56/128, 8.64 tok/s so far
[m26   19.2s] token 64/128, 8.82 tok/s so far
[m26   20.0s] token 72/128, 8.98 tok/s so far
[m26   20.7s] token 80/128, 9.16 tok/s so far
[m26   21.4s] token 88/128, 9.35 tok/s so far
[m26   22.1s] token 96/128, 9.48 tok/s so far
[m26   22.8s] token 104/128, 9.58 tok/s so far
[m26   23.5s] token 112/128, 9.71 tok/s so far
[m26   24.2s] token 120/128, 9.82 tok/s so far
[m26   24.9s] token 128/128, 9.94 tok/s so far
[m26   24.9s] DECOMP/tok: token 100.4 ms | GPU-busy 43.2 | phase wall 64.7 | encode 4.2 | submit+wait 60.5 | stage 29.8 | idx-coord 0.0
[m26   24.9s] RESULT 8 slots: 9.96 tok/s (100.4 ms per token over 128 tokens); per-CB round trip (submit+wait - GPU-busy) 17.2 ms per token = 0.172 of the token; scale cache 1361.2 MB
--- PASS: TestAuditM26_pagedProbe (24.98s)
PASS
