=== RUN   TestAuditM26_pagedProbe
[m26    0.0s] pid 13961, model /Users/francistownsend-merino/models/gemma4-26b-int4-v14st.metal.giw, 8 slots per layer, 128 tokens, hold "/Users/francistownsend-merino/goinfer-logs/metal-audit-2026-10/cp01-ab/p7-copy.hold"
[metal] weights aliased from gemma4-26b-int4-v14st.metal.giw (GOINFER_METAL_ALIAS=0 to copy instead): 1517 MB bound in place, 1 MB copied (anonymous) — 723 MB int4 nibbles (60 single tensors + 55 fused groups = 445 MB) + 704 MB int8 codes (1 matrices) + 90 MB f16 scales; copied: 0 heap-backed, 0 unaligned, 0 fused groups not adjacent, 0 scale sets converted
[m26    7.7s] built in 7.7 s: 30 paged MoE layers
[m26    9.1s] token 8/128, 6.71 tok/s so far
[m26   10.0s] token 16/128, 7.93 tok/s so far
[m26   10.7s] token 24/128, 8.88 tok/s so far
[m26   11.3s] token 32/128, 9.58 tok/s so far
[m26   11.4s] HOLD at token 32: Go heap in use 1553.1 MB (heap sys 1798.9, sys 1811.8)
[m26   12.4s] released
[m26   13.3s] token 40/128, 9.24 tok/s so far
[m26   14.1s] token 48/128, 9.40 tok/s so far
[m26   14.9s] token 56/128, 9.54 tok/s so far
[m26   15.6s] token 64/128, 9.72 tok/s so far
[m26   16.4s] token 72/128, 9.76 tok/s so far
[m26   17.1s] token 80/128, 9.91 tok/s so far
[m26   17.7s] token 88/128, 10.10 tok/s so far
[m26   18.5s] token 96/128, 10.15 tok/s so far
[m26   19.2s] token 104/128, 10.23 tok/s so far
[m26   19.8s] token 112/128, 10.36 tok/s so far
[m26   20.5s] token 120/128, 10.45 tok/s so far
[m26   21.2s] token 128/128, 10.55 tok/s so far
[m26   21.3s] DECOMP/tok: token 94.7 ms | GPU-busy 43.2 | phase wall 64.3 | encode 4.1 | submit+wait 60.2 | stage 24.4 | idx-coord 0.0
[m26   21.3s] RESULT 8 slots: 10.56 tok/s (94.7 ms per token over 128 tokens); per-CB round trip (submit+wait - GPU-busy) 17.0 ms per token = 0.180 of the token
--- PASS: TestAuditM26_pagedProbe (21.29s)
PASS
