=== RUN   TestAuditM26_pagedProbe
[m26    0.0s] pid 15882, model /Users/francistownsend-merino/models/gemma4-26b-int4-v14st.metal.giw, 8 slots per layer, 128 tokens, hold "/Users/francistownsend-merino/goinfer-logs/metal-audit-2026-10/cp01-ab/p8-copy.hold"
[metal] weights aliased from gemma4-26b-int4-v14st.metal.giw (GOINFER_METAL_ALIAS=0 to copy instead): 1517 MB bound in place, 1 MB copied (anonymous) — 723 MB int4 nibbles (60 single tensors + 55 fused groups = 445 MB) + 704 MB int8 codes (1 matrices) + 90 MB f16 scales; copied: 0 heap-backed, 0 unaligned, 0 fused groups not adjacent, 0 scale sets converted
[m26    7.1s] built in 7.1 s: 30 paged MoE layers
[m26    8.3s] token 8/128, 7.51 tok/s so far
[m26    9.1s] token 16/128, 8.30 tok/s so far
[m26    9.8s] token 24/128, 9.17 tok/s so far
[m26   10.5s] token 32/128, 9.82 tok/s so far
[m26   10.6s] HOLD at token 32: Go heap in use 1553.1 MB (heap sys 1803.0, sys 1815.5)
[m26   11.6s] released
[m26   12.5s] token 40/128, 9.40 tok/s so far
[m26   13.3s] token 48/128, 9.55 tok/s so far
[m26   14.1s] token 56/128, 9.62 tok/s so far
[m26   14.8s] token 64/128, 9.73 tok/s so far
[m26   15.6s] token 72/128, 9.86 tok/s so far
[m26   16.3s] token 80/128, 9.97 tok/s so far
[m26   17.0s] token 88/128, 10.10 tok/s so far
[m26   17.7s] token 96/128, 10.23 tok/s so far
[m26   18.4s] token 104/128, 10.29 tok/s so far
[m26   19.0s] token 112/128, 10.39 tok/s so far
[m26   19.7s] token 120/128, 10.53 tok/s so far
[m26   20.3s] token 128/128, 10.64 tok/s so far
[m26   20.4s] DECOMP/tok: token 93.9 ms | GPU-busy 42.5 | phase wall 63.4 | encode 4.0 | submit+wait 59.4 | stage 24.7 | idx-coord 0.0
[m26   20.4s] RESULT 8 slots: 10.65 tok/s (93.9 ms per token over 128 tokens); per-CB round trip (submit+wait - GPU-busy) 16.9 ms per token = 0.180 of the token
--- PASS: TestAuditM26_pagedProbe (20.43s)
PASS
