=== RUN   TestAuditM26_pagedProbe
[m26    0.0s] pid 17762, model /Users/francistownsend-merino/models/gemma4-26b-int4-v14st.metal.giw, 8 slots per layer, 128 tokens, hold "/Users/francistownsend-merino/goinfer-logs/metal-audit-2026-10/cp01-ab/p8-old.hold"
[metal] weights aliased from gemma4-26b-int4-v14st.metal.giw (GOINFER_METAL_ALIAS=0 to copy instead): 1517 MB bound in place, 1 MB copied (anonymous) — 723 MB int4 nibbles (60 single tensors + 55 fused groups = 445 MB) + 704 MB int8 codes (1 matrices) + 90 MB f16 scales; copied: 0 heap-backed, 0 unaligned, 0 fused groups not adjacent, 0 scale sets converted
[m26    9.8s] built in 9.8 s: 30 paged MoE layers, scale cache 1361.2 MB
[m26   11.7s] token 8/128, 5.63 tok/s so far
[m26   12.6s] token 16/128, 7.23 tok/s so far
[m26   13.3s] token 24/128, 8.27 tok/s so far
[m26   14.0s] token 32/128, 8.91 tok/s so far
[m26   14.1s] HOLD at token 32: Go heap in use 3004.5 MB (heap sys 4098.8, sys 4115.7); scale cache 1361.2 MB = 0.453 of the heap in use
[m26   15.1s] released
[m26   16.0s] token 40/128, 8.60 tok/s so far
[m26   16.9s] token 48/128, 8.66 tok/s so far
[m26   17.7s] token 56/128, 8.85 tok/s so far
[m26   18.6s] token 64/128, 8.86 tok/s so far
[m26   19.4s] token 72/128, 9.00 tok/s so far
[m26   20.1s] token 80/128, 9.16 tok/s so far
[m26   20.8s] token 88/128, 9.38 tok/s so far
[m26   21.5s] token 96/128, 9.49 tok/s so far
[m26   22.3s] token 104/128, 9.56 tok/s so far
[m26   23.0s] token 112/128, 9.67 tok/s so far
[m26   23.7s] token 120/128, 9.80 tok/s so far
[m26   24.3s] token 128/128, 9.92 tok/s so far
[m26   24.4s] DECOMP/tok: token 100.7 ms | GPU-busy 44.6 | phase wall 66.4 | encode 4.3 | submit+wait 62.1 | stage 28.1 | idx-coord 0.0
[m26   24.4s] RESULT 8 slots: 9.93 tok/s (100.7 ms per token over 128 tokens); per-CB round trip (submit+wait - GPU-busy) 17.6 ms per token = 0.175 of the token; scale cache 1361.2 MB
--- PASS: TestAuditM26_pagedProbe (24.44s)
PASS
