=== RUN   TestAuditM26_pagedProbe
[m26    0.0s] pid 93589, model /Users/francistownsend-merino/models/gemma4-26b-int4-v14st.metal.giw, 8 slots per layer, 128 tokens, hold "/Users/francistownsend-merino/goinfer-logs/metal-audit-2026-10/cp01-ab/warmup-old.hold"
[metal] weights aliased from gemma4-26b-int4-v14st.metal.giw (GOINFER_METAL_ALIAS=0 to copy instead): 1517 MB bound in place, 1 MB copied (anonymous) — 723 MB int4 nibbles (60 single tensors + 55 fused groups = 445 MB) + 704 MB int8 codes (1 matrices) + 90 MB f16 scales; copied: 0 heap-backed, 0 unaligned, 0 fused groups not adjacent, 0 scale sets converted
[m26    5.2s] built in 5.2 s: 30 paged MoE layers, scale cache 1361.2 MB
[m26    7.5s] token 8/128, 6.32 tok/s so far
[m26    8.3s] token 16/128, 7.95 tok/s so far
[m26    9.1s] token 24/128, 8.62 tok/s so far
[m26    9.8s] token 32/128, 9.23 tok/s so far
[m26    9.9s] HOLD at token 32: Go heap in use 3004.6 MB (heap sys 4258.1, sys 4277.3); scale cache 1361.2 MB = 0.453 of the heap in use
[m26   10.9s] released
[m26   11.9s] token 40/128, 8.68 tok/s so far
[m26   12.8s] token 48/128, 8.84 tok/s so far
[m26   13.5s] token 56/128, 9.03 tok/s so far
[m26   14.3s] token 64/128, 9.17 tok/s so far
[m26   15.1s] token 72/128, 9.28 tok/s so far
[m26   15.8s] token 80/128, 9.48 tok/s so far
[m26   16.5s] token 88/128, 9.65 tok/s so far
[m26   17.2s] token 96/128, 9.71 tok/s so far
[m26   17.9s] token 104/128, 9.82 tok/s so far
[m26   18.6s] token 112/128, 9.92 tok/s so far
[m26   19.3s] token 120/128, 10.03 tok/s so far
[m26   20.0s] token 128/128, 10.16 tok/s so far
[m26   20.0s] DECOMP/tok: token 98.3 ms | GPU-busy 43.1 | phase wall 64.9 | encode 4.1 | submit+wait 60.8 | stage 27.5 | idx-coord 0.0
[m26   20.0s] RESULT 8 slots: 10.18 tok/s (98.3 ms per token over 128 tokens); per-CB round trip (submit+wait - GPU-busy) 17.7 ms per token = 0.180 of the token; scale cache 1361.2 MB
--- PASS: TestAuditM26_pagedProbe (20.08s)
PASS
