swap guard (load): not armed for /Users/francistownsend-merino/models/glm-ocr — only a direct .gguf build is watched, so a swap-growing load is not stopped here; the serving watch arms once the server is up
decoder: context capped at 44084 (model allows 131072) so that KV fits: weights 1.4 GB + KV 5.4 GB of budget 6.7 GB — pass -ctx to choose, or -stream-weights to lift
loaded "glm-ocr": 16-layer model (vocab 59392) in 1.876s [chat: glm_ocr]
  decode path: cpu (int4) [int4 layout: canonical+row4 (down, gate/up, qkv)]
  prefill path: batched shape (CPU forwardLayersN, one weight stream for the whole prompt) — describes weight streaming, not throughput; this path is single-threaded
  context: 131072 tokens (model maximum) · KV f32 — the CPU path has no --ctx cap: KV is allocated per request, so this is a ceiling, not memory held
  fit: 44084-token cap needs 5.4 GB KV (weights 0.7 GB, budget 5.2 GB, -0.2 GB left for a request's own prefill)
  session reuse: on (4 conversations kept prefilled)
  features: tools: parse-only (a named tool_choice cannot be constrained on this template) · structured output
GLM-OCR vision for "glm-ocr": tower (f32, CPU) loads on first image (merge 2, image id 59280, pixel budget 6272..4816896 px = at most 6144 image tokens) from /Users/francistownsend-merino/models/glm-ocr
"glm-ocr" concurrency: one generation at a time — -max-concurrent 4 applies to CPU models and to GPU-resident models that batch decode (a weight-streaming or vision model runs one)
swap guard: armed, threshold +512 MB over baseline
goinfer serving on http://127.0.0.1:18453 [chat:[glm-ocr]]
  routes: /v1/chat/completions /v1/completions /v1/responses /v1/messages /v1/embeddings
  web UI: off (-web enables a browser UI at / for chat and model pulls)
warning: no -api-key set — any web page open in your browser can silently send requests to this API while it's running. Set -api-key (or $GOINFER_API_KEY) to require authentication.
request body cap: 48.0 MiB (text) / 80.0 MiB (vision) / 64.0 MiB (embeddings) / 64.0 MiB (batch files) [derived from context window]
swap guard: baseline 7.11 GB swap-used
vision: encoded a 59792-byte image in 35.177s (sha256 d4352b06); a resend of it will skip this

shutting down…
