=== RUN   TestPixtralReal_preprocess
[G-S10m-a] gemma3_preprocess_image.png         896x896  ->  896x896   pixels max|diff| 0.00000 (0.00 levels), mean 1.29e-07  [IMG] 1024 (HF 1024), breaks 31 (HF 31), end 1 (HF 1)
[G-S10m-a] qwen25vl_preprocess_image.png        84x56   ->   84x56    pixels max|diff| 0.00000 (0.00 levels), mean 1.28e-07  [IMG] 6 (HF 6), breaks 1 (HF 1), end 1 (HF 1)
[G-S10m-a] glm_ocr/formula.png                1000x1200 -> 1008x1204  pixels max|diff| 0.00000 (0.00 levels), mean 1.96e-07  [IMG] 1548 (HF 1548), breaks 42 (HF 42), end 1 (HF 1)
[G-S10m-a] glm_ocr/table.png                  1200x900  -> 1204x924   pixels max|diff| 0.00000 (0.00 levels), mean 1.94e-07  [IMG] 1419 (HF 1419), breaks 32 (HF 32), end 1 (HF 1)
[G-S10m-a] strip_1000x20.png                  1000x20   -> 1008x28    pixels max|diff| 0.00000 (0.00 levels), mean 1.33e-07  [IMG] 36 (HF 36), breaks 0 (HF 0), end 1 (HF 1)
[G-S10m-a] big_3000x2000.png                  3000x2000 -> 1540x1036  pixels max|diff| 0.00000 (0.00 levels), mean 1.32e-07  [IMG] 2035 (HF 2035), breaks 36 (HF 36), end 1 (HF 1)
--- PASS: TestPixtralReal_preprocess (0.73s)
=== RUN   TestPixtralReal_towerAndProjector
[G-S10m-b] gemma3_preprocess_image.png        conv               worst row cosine 1.000000000  max|diff| 7.153e-06
[G-S10m-b] gemma3_preprocess_image.png        lnpre              worst row cosine 1.000000000  max|diff| 6.557e-07
[G-S10m-b] gemma3_preprocess_image.png        block0             worst row cosine 1.000000000  max|diff| 7.153e-07
[G-S10m-b] gemma3_preprocess_image.png        block1             worst row cosine 1.000000000  max|diff| 2.783e-06
[G-S10m-b] gemma3_preprocess_image.png        block2             worst row cosine 1.000000000  max|diff| 8.222e-06
[G-S10m-b] gemma3_preprocess_image.png        block3             worst row cosine 1.000000000  max|diff| 1.152e-05
[G-S10m-b] gemma3_preprocess_image.png        block4             worst row cosine 1.000000000  max|diff| 1.928e-05
[G-S10m-b] gemma3_preprocess_image.png        block5             worst row cosine 1.000000000  max|diff| 2.015e-05
[G-S10m-b] gemma3_preprocess_image.png        block6             worst row cosine 1.000000000  max|diff| 2.030e-05
[G-S10m-b] gemma3_preprocess_image.png        block7             worst row cosine 1.000000000  max|diff| 2.909e-05
[G-S10m-b] gemma3_preprocess_image.png        block8             worst row cosine 1.000000000  max|diff| 4.947e-05
[G-S10m-b] gemma3_preprocess_image.png        block9             worst row cosine 0.999999999  max|diff| 8.988e-05
[G-S10m-b] gemma3_preprocess_image.png        block10            worst row cosine 0.999999999  max|diff| 1.292e-04
[G-S10m-b] gemma3_preprocess_image.png        block11            worst row cosine 0.999999997  max|diff| 1.709e-04
[G-S10m-b] gemma3_preprocess_image.png        block12            worst row cosine 0.999999995  max|diff| 2.496e-04
[G-S10m-b] gemma3_preprocess_image.png        block13            worst row cosine 0.999999994  max|diff| 3.765e-04
[G-S10m-b] gemma3_preprocess_image.png        block14            worst row cosine 0.999999994  max|diff| 4.568e-04
[G-S10m-b] gemma3_preprocess_image.png        block15            worst row cosine 0.999999996  max|diff| 5.116e-04
[G-S10m-b] gemma3_preprocess_image.png        block16            worst row cosine 0.999999996  max|diff| 5.341e-04
[G-S10m-b] gemma3_preprocess_image.png        block17            worst row cosine 0.999999996  max|diff| 6.065e-04
[G-S10m-b] gemma3_preprocess_image.png        block18            worst row cosine 0.999999997  max|diff| 6.371e-04
[G-S10m-b] gemma3_preprocess_image.png        block19            worst row cosine 0.999999997  max|diff| 6.299e-04
[G-S10m-b] gemma3_preprocess_image.png        block20            worst row cosine 0.999999998  max|diff| 6.189e-04
[G-S10m-b] gemma3_preprocess_image.png        block21            worst row cosine 0.999999998  max|diff| 6.499e-04
[G-S10m-b] gemma3_preprocess_image.png        block22            worst row cosine 0.999999997  max|diff| 8.988e-04
[G-S10m-b] gemma3_preprocess_image.png        block23            worst row cosine 0.999999999  max|diff| 2.351e-01
[G-S10m-b] gemma3_preprocess_image.png        proj_norm          worst row cosine 0.999999999  max|diff| 2.780e-04
[G-S10m-b] gemma3_preprocess_image.png        proj_patch_merger  worst row cosine 0.999999999  max|diff| 7.236e-05
[G-S10m-b] gemma3_preprocess_image.png        proj_linear_1      worst row cosine 0.999999999  max|diff| 5.686e-05
[G-S10m-b] gemma3_preprocess_image.png        proj_linear_2      worst row cosine 0.999999999  max|diff| 6.378e-05
[G-S10m-b] gemma3_preprocess_image.png: PASS, worst 0.999999994 (block13)
[G-S10m-b] qwen25vl_preprocess_image.png      conv               worst row cosine 1.000000000  max|diff| 2.146e-06
[G-S10m-b] qwen25vl_preprocess_image.png      lnpre              worst row cosine 1.000000000  max|diff| 2.738e-07
[G-S10m-b] qwen25vl_preprocess_image.png      block0             worst row cosine 1.000000000  max|diff| 2.459e-07
[G-S10m-b] qwen25vl_preprocess_image.png      block1             worst row cosine 1.000000000  max|diff| 9.164e-07
[G-S10m-b] qwen25vl_preprocess_image.png      block2             worst row cosine 1.000000000  max|diff| 2.414e-06
[G-S10m-b] qwen25vl_preprocess_image.png      block3             worst row cosine 1.000000000  max|diff| 3.137e-06
[G-S10m-b] qwen25vl_preprocess_image.png      block4             worst row cosine 1.000000000  max|diff| 3.994e-06
[G-S10m-b] qwen25vl_preprocess_image.png      block5             worst row cosine 1.000000000  max|diff| 3.953e-06
[G-S10m-b] qwen25vl_preprocess_image.png      block6             worst row cosine 1.000000000  max|diff| 3.904e-06
[G-S10m-b] qwen25vl_preprocess_image.png      block7             worst row cosine 1.000000000  max|diff| 4.850e-06
[G-S10m-b] qwen25vl_preprocess_image.png      block8             worst row cosine 1.000000000  max|diff| 6.333e-06
[G-S10m-b] qwen25vl_preprocess_image.png      block9             worst row cosine 1.000000000  max|diff| 9.060e-06
[G-S10m-b] qwen25vl_preprocess_image.png      block10            worst row cosine 1.000000000  max|diff| 9.321e-06
[G-S10m-b] qwen25vl_preprocess_image.png      block11            worst row cosine 1.000000000  max|diff| 1.168e-05
[G-S10m-b] qwen25vl_preprocess_image.png      block12            worst row cosine 1.000000000  max|diff| 1.410e-05
[G-S10m-b] qwen25vl_preprocess_image.png      block13            worst row cosine 1.000000000  max|diff| 1.587e-03
[G-S10m-b] qwen25vl_preprocess_image.png      block14            worst row cosine 1.000000000  max|diff| 1.587e-03
[G-S10m-b] qwen25vl_preprocess_image.png      block15            worst row cosine 1.000000000  max|diff| 1.587e-03
[G-S10m-b] qwen25vl_preprocess_image.png      block16            worst row cosine 1.000000000  max|diff| 1.587e-03
[G-S10m-b] qwen25vl_preprocess_image.png      block17            worst row cosine 1.000000000  max|diff| 1.587e-03
[G-S10m-b] qwen25vl_preprocess_image.png      block18            worst row cosine 1.000000000  max|diff| 1.587e-03
[G-S10m-b] qwen25vl_preprocess_image.png      block19            worst row cosine 1.000000000  max|diff| 1.587e-03
[G-S10m-b] qwen25vl_preprocess_image.png      block20            worst row cosine 1.000000000  max|diff| 1.587e-03
[G-S10m-b] qwen25vl_preprocess_image.png      block21            worst row cosine 1.000000000  max|diff| 1.587e-03
[G-S10m-b] qwen25vl_preprocess_image.png      block22            worst row cosine 1.000000000  max|diff| 1.587e-03
[G-S10m-b] qwen25vl_preprocess_image.png      block23            worst row cosine 1.000000000  max|diff| 1.904e-02
[G-S10m-b] qwen25vl_preprocess_image.png      proj_norm          worst row cosine 1.000000000  max|diff| 1.634e-04
[G-S10m-b] qwen25vl_preprocess_image.png      proj_patch_merger  worst row cosine 0.999999999  max|diff| 4.604e-05
[G-S10m-b] qwen25vl_preprocess_image.png      proj_linear_1      worst row cosine 0.999999999  max|diff| 4.745e-05
[G-S10m-b] qwen25vl_preprocess_image.png      proj_linear_2      worst row cosine 0.999999999  max|diff| 5.427e-05
[G-S10m-b] qwen25vl_preprocess_image.png: PASS, worst 0.999999999 (proj_patch_merger)
[G-S10m-b] glm_ocr/formula.png                conv               worst row cosine 1.000000000  max|diff| 5.245e-06
[G-S10m-b] glm_ocr/formula.png                lnpre              worst row cosine 1.000000000  max|diff| 5.364e-07
[G-S10m-b] glm_ocr/formula.png                block0             worst row cosine 1.000000000  max|diff| 5.066e-07
[G-S10m-b] glm_ocr/formula.png                block1             worst row cosine 1.000000000  max|diff| 9.537e-07
[G-S10m-b] glm_ocr/formula.png                block2             worst row cosine 1.000000000  max|diff| 9.537e-07
[G-S10m-b] glm_ocr/formula.png                block3             worst row cosine 1.000000000  max|diff| 1.431e-06
[G-S10m-b] glm_ocr/formula.png                block4             worst row cosine 1.000000000  max|diff| 1.669e-06
[G-S10m-b] glm_ocr/formula.png                block5             worst row cosine 1.000000000  max|diff| 1.431e-06
[G-S10m-b] glm_ocr/formula.png                block6             worst row cosine 1.000000000  max|diff| 1.669e-06
[G-S10m-b] glm_ocr/formula.png                block7             worst row cosine 1.000000000  max|diff| 2.205e-06
[G-S10m-b] glm_ocr/formula.png                block8             worst row cosine 1.000000000  max|diff| 5.186e-06
[G-S10m-b] glm_ocr/formula.png                block9             worst row cosine 1.000000000  max|diff| 9.090e-06
[G-S10m-b] glm_ocr/formula.png                block10            worst row cosine 1.000000000  max|diff| 1.520e-05
[G-S10m-b] glm_ocr/formula.png                block11            worst row cosine 1.000000000  max|diff| 2.241e-05
[G-S10m-b] glm_ocr/formula.png                block12            worst row cosine 1.000000000  max|diff| 3.362e-05
[G-S10m-b] glm_ocr/formula.png                block13            worst row cosine 1.000000000  max|diff| 6.683e-03
[G-S10m-b] glm_ocr/formula.png                block14            worst row cosine 1.000000000  max|diff| 6.683e-03
[G-S10m-b] glm_ocr/formula.png                block15            worst row cosine 1.000000000  max|diff| 6.699e-03
[G-S10m-b] glm_ocr/formula.png                block16            worst row cosine 0.999999999  max|diff| 6.729e-03
[G-S10m-b] glm_ocr/formula.png                block17            worst row cosine 0.999999999  max|diff| 6.744e-03
[G-S10m-b] glm_ocr/formula.png                block18            worst row cosine 0.999999999  max|diff| 6.821e-03
[G-S10m-b] glm_ocr/formula.png                block19            worst row cosine 1.000000000  max|diff| 6.836e-03
[G-S10m-b] glm_ocr/formula.png                block20            worst row cosine 1.000000000  max|diff| 6.836e-03
[G-S10m-b] glm_ocr/formula.png                block21            worst row cosine 1.000000000  max|diff| 6.851e-03
[G-S10m-b] glm_ocr/formula.png                block22            worst row cosine 1.000000000  max|diff| 6.851e-03
[G-S10m-b] glm_ocr/formula.png                block23            worst row cosine 1.000000000  max|diff| 2.051e-01
[G-S10m-b] glm_ocr/formula.png                proj_norm          worst row cosine 1.000000000  max|diff| 1.435e-04
[G-S10m-b] glm_ocr/formula.png                proj_patch_merger  worst row cosine 1.000000000  max|diff| 1.693e-05
[G-S10m-b] glm_ocr/formula.png                proj_linear_1      worst row cosine 1.000000000  max|diff| 1.180e-05
[G-S10m-b] glm_ocr/formula.png                proj_linear_2      worst row cosine 1.000000000  max|diff| 1.401e-05
[G-S10m-b] glm_ocr/formula.png: PASS, worst 0.999999999 (block17)
[G-S10m-b] glm_ocr/table.png                  conv               worst row cosine 1.000000000  max|diff| 4.768e-06
[G-S10m-b] glm_ocr/table.png                  lnpre              worst row cosine 1.000000000  max|diff| 5.364e-07
[G-S10m-b] glm_ocr/table.png                  block0             worst row cosine 1.000000000  max|diff| 5.066e-07
[G-S10m-b] glm_ocr/table.png                  block1             worst row cosine 1.000000000  max|diff| 1.580e-06
[G-S10m-b] glm_ocr/table.png                  block2             worst row cosine 1.000000000  max|diff| 3.474e-06
[G-S10m-b] glm_ocr/table.png                  block3             worst row cosine 1.000000000  max|diff| 3.157e-06
[G-S10m-b] glm_ocr/table.png                  block4             worst row cosine 1.000000000  max|diff| 3.599e-06
[G-S10m-b] glm_ocr/table.png                  block5             worst row cosine 1.000000000  max|diff| 3.934e-06
[G-S10m-b] glm_ocr/table.png                  block6             worst row cosine 1.000000000  max|diff| 4.470e-06
[G-S10m-b] glm_ocr/table.png                  block7             worst row cosine 1.000000000  max|diff| 7.451e-06
[G-S10m-b] glm_ocr/table.png                  block8             worst row cosine 1.000000000  max|diff| 1.216e-05
[G-S10m-b] glm_ocr/table.png                  block9             worst row cosine 1.000000000  max|diff| 1.937e-05
[G-S10m-b] glm_ocr/table.png                  block10            worst row cosine 1.000000000  max|diff| 3.195e-05
[G-S10m-b] glm_ocr/table.png                  block11            worst row cosine 1.000000000  max|diff| 4.959e-05
[G-S10m-b] glm_ocr/table.png                  block12            worst row cosine 1.000000000  max|diff| 5.960e-05
[G-S10m-b] glm_ocr/table.png                  block13            worst row cosine 0.999999998  max|diff| 6.775e-03
[G-S10m-b] glm_ocr/table.png                  block14            worst row cosine 0.999999998  max|diff| 6.775e-03
[G-S10m-b] glm_ocr/table.png                  block15            worst row cosine 0.999999999  max|diff| 6.790e-03
[G-S10m-b] glm_ocr/table.png                  block16            worst row cosine 0.999999999  max|diff| 6.821e-03
[G-S10m-b] glm_ocr/table.png                  block17            worst row cosine 0.999999999  max|diff| 6.836e-03
[G-S10m-b] glm_ocr/table.png                  block18            worst row cosine 0.999999999  max|diff| 6.927e-03
[G-S10m-b] glm_ocr/table.png                  block19            worst row cosine 0.999999999  max|diff| 6.943e-03
[G-S10m-b] glm_ocr/table.png                  block20            worst row cosine 0.999999999  max|diff| 6.958e-03
[G-S10m-b] glm_ocr/table.png                  block21            worst row cosine 0.999999999  max|diff| 6.973e-03
[G-S10m-b] glm_ocr/table.png                  block22            worst row cosine 0.999999999  max|diff| 6.973e-03
[G-S10m-b] glm_ocr/table.png                  block23            worst row cosine 1.000000000  max|diff| 2.793e-01
[G-S10m-b] glm_ocr/table.png                  proj_norm          worst row cosine 1.000000000  max|diff| 8.583e-05
[G-S10m-b] glm_ocr/table.png                  proj_patch_merger  worst row cosine 0.999999999  max|diff| 2.259e-05
[G-S10m-b] glm_ocr/table.png                  proj_linear_1      worst row cosine 0.999999999  max|diff| 1.973e-05
[G-S10m-b] glm_ocr/table.png                  proj_linear_2      worst row cosine 0.999999999  max|diff| 2.405e-05
[G-S10m-b] glm_ocr/table.png: PASS, worst 0.999999998 (block13)
[G-S10m-b] two images, glm_ocr/table.png: against itself alone 1.000000000 (max|diff| 0.000e+00), against HF's two-image call 0.999999999 (2.488e-05)
[G-S10m-b] two images, gemma3_preprocess_image.png: against itself alone 1.000000000 (max|diff| 0.000e+00), against HF's two-image call 0.999999999 (6.449e-05)
--- PASS: TestPixtralReal_towerAndProjector (161.14s)
PASS
ok  	github.com/townsendmerino/goinfer/multimodal	161.894s
