wrote /home/francis/models/gemma4-26b-int4-v14.metal.giw: 15456 MB (int4)
	Command being timed: "./prequant -quant int4 -target metal -o /home/francis/models/gemma4-26b-int4-v14.metal.giw /home/francis/models/gemma4-26b-q4_k_m.gguf"
	User time (seconds): 412.33
	System time (seconds): 16.59
	Percent of CPU this job got: 387%
	Elapsed (wall clock) time (h:mm:ss or m:ss): 1:50.67
	Average shared text size (kbytes): 0
	Average unshared data size (kbytes): 0
	Average stack size (kbytes): 0
	Average total size (kbytes): 0
	Maximum resident set size (kbytes): 34715048
	Average resident set size (kbytes): 0
	Major (requiring I/O) page faults: 22536
	Minor (reclaiming a frame) page faults: 2083120
	Voluntary context switches: 97585
	Involuntary context switches: 30567
	Swaps: 0
	File system inputs: 52273800
	File system outputs: 31653600
	Socket messages sent: 0
	Socket messages received: 0
	Signals delivered: 0
	Page size (bytes): 4096
	Exit status: 0
