13:03:53 start d16a04a5 + uncommitted gemv_r18_test.go; load1=2.32
=== RUN   TestR18Step0Standalone
    gemv_r18_test.go:235: 1.5B qkv gemv_w4a8_sa_fm1: 1720 of 2048 outputs differ from gemv_w4a8_sa
    gemv_r18_test.go:235: 1.5B qkv gemv_w4a8_sa_fm2: 1743 of 2048 outputs differ from gemv_w4a8_sa
    gemv_r18_test.go:235: 1.5B qkv gemv_w4a8_sa_fm4: 1743 of 2048 outputs differ from gemv_w4a8_sa
    gemv_r18_test.go:235: 1.5B qkv gemv_w4a8_sa_fm8: 1743 of 2048 outputs differ from gemv_w4a8_sa
[r18-s0    0.6s] 1.5B qkv      N=2048   K=1536     1.8 MB:  sa 0.025 ms (71 GB/s, 1.00x)  sa_r2 0.023 ms (77 GB/s, 1.09x)  sa_r4 0.025 ms (72 GB/s, 1.02x)  sa_fm1 0.042 ms (43 GB/s, 0.60x)  sa_fm2 0.028 ms (63 GB/s, 0.89x)  sa_fm4 0.023 ms (76 GB/s, 1.08x)  sa_fm8 0.148 ms (12 GB/s, 0.17x)
    gemv_r18_test.go:235: 1.5B o gemv_w4a8_sa_fm1: 1245 of 1536 outputs differ from gemv_w4a8_sa
    gemv_r18_test.go:235: 1.5B o gemv_w4a8_sa_fm2: 1259 of 1536 outputs differ from gemv_w4a8_sa
    gemv_r18_test.go:235: 1.5B o gemv_w4a8_sa_fm4: 1259 of 1536 outputs differ from gemv_w4a8_sa
    gemv_r18_test.go:235: 1.5B o gemv_w4a8_sa_fm8: 1259 of 1536 outputs differ from gemv_w4a8_sa
[r18-s0    1.0s] 1.5B o        N=1536   K=1536     1.3 MB:  sa 0.024 ms (55 GB/s, 1.00x)  sa_r2 0.019 ms (70 GB/s, 1.28x)  sa_r4 0.020 ms (65 GB/s, 1.19x)  sa_fm1 0.033 ms (40 GB/s, 0.73x)  sa_fm2 0.022 ms (61 GB/s, 1.11x)  sa_fm4 0.019 ms (70 GB/s, 1.27x)  sa_fm8 0.147 ms (9 GB/s, 0.16x)
    gemv_r18_test.go:235: 1.5B gate/up gemv_w4a8_sa_fm1: 14743 of 17920 outputs differ from gemv_w4a8_sa
    gemv_r18_test.go:235: 1.5B gate/up gemv_w4a8_sa_fm2: 14739 of 17920 outputs differ from gemv_w4a8_sa
    gemv_r18_test.go:235: 1.5B gate/up gemv_w4a8_sa_fm4: 14739 of 17920 outputs differ from gemv_w4a8_sa
    gemv_r18_test.go:235: 1.5B gate/up gemv_w4a8_sa_fm8: 14739 of 17920 outputs differ from gemv_w4a8_sa
[r18-s0    1.9s] 1.5B gate/up  N=17920  K=1536    15.5 MB:  sa 0.172 ms (90 GB/s, 1.00x)  sa_r2 0.146 ms (106 GB/s, 1.18x)  sa_r4 0.139 ms (111 GB/s, 1.23x)  sa_fm1 0.296 ms (52 GB/s, 0.58x)  sa_fm2 0.173 ms (90 GB/s, 0.99x)  sa_fm4 0.139 ms (111 GB/s, 1.23x)  sa_fm8 1.052 ms (15 GB/s, 0.16x)
    gemv_r18_test.go:235: 7B qkv gemv_w4a8_sa_fm1: 3791 of 4608 outputs differ from gemv_w4a8_sa
    gemv_r18_test.go:235: 7B qkv gemv_w4a8_sa_fm2: 3787 of 4608 outputs differ from gemv_w4a8_sa
    gemv_r18_test.go:235: 7B qkv gemv_w4a8_sa_fm4: 3787 of 4608 outputs differ from gemv_w4a8_sa
    gemv_r18_test.go:235: 7B qkv gemv_w4a8_sa_fm8: 3787 of 4608 outputs differ from gemv_w4a8_sa
[r18-s0    2.8s] 7B   qkv      N=4608   K=3584     9.3 MB:  sa 0.093 ms (100 GB/s, 1.00x)  sa_r2 0.080 ms (117 GB/s, 1.17x)  sa_r4 0.081 ms (115 GB/s, 1.15x)  sa_fm1 0.185 ms (50 GB/s, 0.50x)  sa_fm2 0.106 ms (88 GB/s, 0.88x)  sa_fm4 0.085 ms (110 GB/s, 1.09x)  sa_fm8 0.621 ms (15 GB/s, 0.15x)
    gemv_r18_test.go:235: 7B o gemv_w4a8_sa_fm1: 3038 of 3584 outputs differ from gemv_w4a8_sa
    gemv_r18_test.go:235: 7B o gemv_w4a8_sa_fm2: 3066 of 3584 outputs differ from gemv_w4a8_sa
    gemv_r18_test.go:235: 7B o gemv_w4a8_sa_fm4: 3066 of 3584 outputs differ from gemv_w4a8_sa
    gemv_r18_test.go:235: 7B o gemv_w4a8_sa_fm8: 3066 of 3584 outputs differ from gemv_w4a8_sa
[r18-s0    3.7s] 7B   o        N=3584   K=3584     7.2 MB:  sa 0.075 ms (97 GB/s, 1.00x)  sa_r2 0.064 ms (113 GB/s, 1.17x)  sa_r4 0.061 ms (117 GB/s, 1.22x)  sa_fm1 0.144 ms (50 GB/s, 0.52x)  sa_fm2 0.086 ms (84 GB/s, 0.87x)  sa_fm4 0.063 ms (114 GB/s, 1.18x)  sa_fm8 0.510 ms (14 GB/s, 0.15x)
    gemv_r18_test.go:235: 7B gate/up gemv_w4a8_sa_fm1: 31167 of 37888 outputs differ from gemv_w4a8_sa
    gemv_r18_test.go:235: 7B gate/up gemv_w4a8_sa_fm2: 31249 of 37888 outputs differ from gemv_w4a8_sa
    gemv_r18_test.go:235: 7B gate/up gemv_w4a8_sa_fm4: 31249 of 37888 outputs differ from gemv_w4a8_sa
    gemv_r18_test.go:235: 7B gate/up gemv_w4a8_sa_fm8: 31249 of 37888 outputs differ from gemv_w4a8_sa
[r18-s0    4.6s] 7B   gate/up  N=37888  K=3584    76.4 MB:  sa 0.689 ms (111 GB/s, 1.00x)  sa_r2 0.579 ms (132 GB/s, 1.19x)  sa_r4 0.545 ms (140 GB/s, 1.26x)  sa_fm1 1.423 ms (54 GB/s, 0.48x)  sa_fm2 0.768 ms (99 GB/s, 0.90x)  sa_fm4 0.552 ms (138 GB/s, 1.25x)  sa_fm8 4.459 ms (17 GB/s, 0.15x)
--- FAIL: TestR18Step0Standalone (4.94s)
FAIL
FAIL	github.com/townsendmerino/goinfer/metal	5.301s
FAIL
