[gemm16] moe gate|up  rows  8 (us/dispatch): m64n64 380.3  m64n32 348.6  m32n64 247.8  m32n32 210.6  m16n64 166.2  m16n32 125.6
[gemm16] moe gate|up  rows 16 (us/dispatch): m64n64 381.9  m64n32 351.1  m32n64 251.3  m32n32 211.6  m16n64 168.0  m16n32 124.9
[gemm16] moe gate|up  rows 24 (us/dispatch): m64n64 387.6  m64n32 351.3  m32n64 251.6  m32n32 211.8  m16n64 247.2  m16n32 223.7
[gemm16] moe gate|up  rows 32 (us/dispatch): m64n64 390.3  m64n32 353.1  m32n64 251.7  m32n32 212.5  m16n64 247.8  m16n32 223.2
[gemm16] moe gate|up  rows 40 (us/dispatch): m64n64 391.1  m64n32 355.3  m32n64 370.1  m32n32 378.6  m16n64 361.0  m16n32 327.7
[gemm16] moe gate|up  rows 48 (us/dispatch): m64n64 390.3  m64n32 353.2  m32n64 371.8  m32n32 380.7  m16n64 360.9  m16n32 328.0
[gemm16] moe gate|up  rows 56 (us/dispatch): m64n64 392.4  m64n32 354.0  m32n64 371.9  m32n32 381.1  m16n64 446.2  m16n32 418.5
[gemm16] moe gate|up  rows 64 (us/dispatch): m64n64 392.5  m64n32 354.2  m32n64 372.7  m32n32 381.8  m16n64 447.0  m16n32 419.8
[gemm16] moe gate|up  rows 72 (us/dispatch): m64n64 635.8  m64n32 641.6  m32n64 541.4  m32n32 563.1  m16n64 537.6  m16n32 513.2
[gemm16] moe gate|up  rows 96 (us/dispatch): m64n64 646.5  m64n32 645.2  m32n64 545.1  m32n32 567.2  m16n64 668.4  m16n32 602.7
[gemm16] moe gate|up  rows 128 (us/dispatch): m64n64 651.8  m64n32 648.7  m32n64 678.5  m32n32 728.4  m16n64 858.1  m16n32 804.0
[gemm16] moe gate|up  rows 160 (us/dispatch): m64n64 874.1  m64n32 970.7  m32n64 819.8  m32n32 888.9  m16n64 1047.0  m16n32 985.8
[gemm16] moe gate|up  rows 192 (us/dispatch): m64n64 877.4  m64n32 973.2  m32n64 1019.8  m32n32 1047.7  m16n64 1235.6  m16n32 1186.6
[gemm16] moe gate|up  rows 256 (us/dispatch): m64n64 1125.7  m64n32 1252.8  m32n64 1311.6  m32n32 1397.5  m16n64 1638.1  m16n32 1568.9
[gemm16] moe down     rows  8 (us/dispatch): m64n64 224.4  m64n32 188.6  m32n64 148.1  m32n32 114.0  m16n64 102.4  m16n32 69.6
[gemm16] moe down     rows 16 (us/dispatch): m64n64 225.3  m64n32 189.3  m32n64 150.6  m32n32 115.3  m16n64 102.8  m16n32 70.5
[gemm16] moe down     rows 24 (us/dispatch): m64n64 231.1  m64n32 192.1  m32n64 152.6  m32n32 115.7  m16n64 135.6  m16n32 119.1
[gemm16] moe down     rows 32 (us/dispatch): m64n64 231.7  m64n32 193.1  m32n64 151.8  m32n32 114.5  m16n64 135.1  m16n32 118.7
[gemm16] moe down     rows 40 (us/dispatch): m64n64 234.3  m64n32 194.0  m32n64 201.1  m32n32 205.7  m16n64 173.3  m16n32 166.6
[gemm16] moe down     rows 48 (us/dispatch): m64n64 234.9  m64n32 193.9  m32n64 203.1  m32n32 205.4  m16n64 174.7  m16n32 167.5
[gemm16] moe down     rows 56 (us/dispatch): m64n64 236.3  m64n32 193.7  m32n64 203.2  m32n32 204.6  m16n64 250.4  m16n32 215.5
[gemm16] moe down     rows 64 (us/dispatch): m64n64 236.0  m64n32 193.0  m32n64 203.8  m32n32 204.7  m16n64 251.1  m16n32 217.6
[gemm16] moe down     rows 72 (us/dispatch): m64n64 315.0  m64n32 355.5  m32n64 258.5  m32n32 282.3  m16n64 291.2  m16n32 261.4
[gemm16] moe down     rows 96 (us/dispatch): m64n64 321.0  m64n32 358.7  m32n64 261.3  m32n32 283.3  m16n64 333.3  m16n32 312.2
[gemm16] moe down     rows 128 (us/dispatch): m64n64 324.9  m64n32 362.4  m32n64 381.7  m32n32 374.6  m16n64 445.0  m16n32 407.6
[gemm16] moe down     rows 160 (us/dispatch): m64n64 453.2  m64n32 478.0  m32n64 440.9  m32n32 449.1  m16n64 529.5  m16n32 502.9
[gemm16] moe down     rows 192 (us/dispatch): m64n64 456.1  m64n32 479.9  m32n64 503.8  m32n32 541.3  m16n64 638.6  m16n32 600.9
[gemm16] moe down     rows 256 (us/dispatch): m64n64 614.0  m64n32 643.2  m32n64 675.4  m32n32 707.1  m16n64 835.0  m16n32 800.5
[gemm16] 1.5B qkv     rows  8 (us/dispatch): m64n64 243.0  m64n32 203.1  m32n64 160.0  m32n32 122.6  m16n64 109.9  m16n32 76.2
[gemm16] 1.5B qkv     rows 16 (us/dispatch): m64n64 246.4  m64n32 204.1  m32n64 163.8  m32n32 124.0  m16n64 111.7  m16n32 76.6
[gemm16] 1.5B qkv     rows 24 (us/dispatch): m64n64 248.6  m64n32 207.4  m32n64 163.3  m32n32 124.1  m16n64 145.2  m16n32 128.4
[gemm16] 1.5B qkv     rows 32 (us/dispatch): m64n64 249.9  m64n32 207.5  m32n64 163.0  m32n32 124.4  m16n64 146.4  m16n32 129.1
[gemm16] 1.5B qkv     rows 40 (us/dispatch): m64n64 252.5  m64n32 210.3  m32n64 217.4  m32n32 222.1  m16n64 187.9  m16n32 180.7
[gemm16] 1.5B qkv     rows 48 (us/dispatch): m64n64 253.0  m64n32 208.4  m32n64 219.0  m32n32 224.4  m16n64 189.3  m16n32 182.2
[gemm16] 1.5B qkv     rows 56 (us/dispatch): m64n64 255.1  m64n32 211.0  m32n64 219.1  m32n32 222.4  m16n64 274.1  m16n32 234.5
[gemm16] 1.5B qkv     rows 64 (us/dispatch): m64n64 255.1  m64n32 211.5  m32n64 220.9  m32n32 224.5  m16n64 275.4  m16n32 237.5
[gemm16] 1.5B qkv     rows 72 (us/dispatch): m64n64 341.8  m64n32 387.0  m32n64 281.6  m32n32 305.8  m16n64 314.8  m16n32 282.4
[gemm16] 1.5B qkv     rows 96 (us/dispatch): m64n64 348.3  m64n32 389.7  m32n64 282.2  m32n32 306.6  m16n64 360.8  m16n32 339.9
[gemm16] 1.5B qkv     rows 128 (us/dispatch): m64n64 350.8  m64n32 392.1  m32n64 413.1  m32n32 406.5  m16n64 481.6  m16n32 444.0
[gemm16] 1.5B qkv     rows 160 (us/dispatch): m64n64 492.6  m64n32 522.0  m32n64 481.9  m32n32 489.3  m16n64 577.4  m16n32 547.8
[gemm16] 1.5B qkv     rows 192 (us/dispatch): m64n64 496.2  m64n32 521.8  m32n64 547.3  m32n32 588.4  m16n64 694.6  m16n32 652.0
[gemm16] 1.5B qkv     rows 256 (us/dispatch): m64n64 665.7  m64n32 700.1  m32n64 736.4  m32n32 770.0  m16n64 907.6  m16n32 870.3
[gemm16] 1.5B o       rows  8 (us/dispatch): m64n64 243.2  m64n32 178.1  m32n64 160.7  m32n32 106.9  m16n64 110.4  m16n32 68.2
[gemm16] 1.5B o       rows 16 (us/dispatch): m64n64 244.3  m64n32 178.0  m32n64 162.6  m32n32 108.3  m16n64 110.9  m16n32 68.1
[gemm16] 1.5B o       rows 24 (us/dispatch): m64n64 249.8  m64n32 181.0  m32n64 164.6  m32n32 109.6  m16n64 130.3  m16n32 95.7
[gemm16] 1.5B o       rows 32 (us/dispatch): m64n64 250.5  m64n32 181.0  m32n64 163.7  m32n32 109.2  m16n64 129.2  m16n32 95.8
[gemm16] 1.5B o       rows 40 (us/dispatch): m64n64 252.2  m64n32 183.0  m32n64 190.0  m32n32 159.6  m16n64 167.0  m16n32 150.5
[gemm16] 1.5B o       rows 48 (us/dispatch): m64n64 252.7  m64n32 183.1  m32n64 192.6  m32n32 160.1  m16n64 167.6  m16n32 151.7
[gemm16] 1.5B o       rows 56 (us/dispatch): m64n64 253.6  m64n32 183.8  m32n64 193.4  m32n32 161.6  m16n64 189.2  m16n32 179.2
[gemm16] 1.5B o       rows 64 (us/dispatch): m64n64 253.1  m64n32 182.5  m32n64 191.9  m32n32 159.9  m16n64 188.1  m16n32 180.5
[gemm16] 1.5B o       rows 72 (us/dispatch): m64n64 292.5  m64n32 265.9  m32n64 246.7  m32n32 249.7  m16n64 273.9  m16n32 224.3
[gemm16] 1.5B o       rows 96 (us/dispatch): m64n64 299.6  m64n32 269.8  m32n64 248.8  m32n32 252.6  m16n64 296.3  m16n32 263.6
[gemm16] 1.5B o       rows 128 (us/dispatch): m64n64 302.0  m64n32 268.9  m32n64 282.1  m32n32 307.4  m16n64 362.7  m16n32 341.0
[gemm16] 1.5B o       rows 160 (us/dispatch): m64n64 402.4  m64n32 424.6  m32n64 412.9  m32n32 387.0  m16n64 461.2  m16n32 422.1
[gemm16] 1.5B o       rows 192 (us/dispatch): m64n64 406.8  m64n32 427.5  m32n64 448.6  m32n32 450.5  m16n64 528.4  m16n32 502.0
[gemm16] 1.5B o       rows 256 (us/dispatch): m64n64 493.9  m64n32 523.2  m32n64 549.3  m32n32 588.6  m16n64 695.4  m16n32 652.9
[gemm16] 1.5B gate|up rows  8 (us/dispatch): m64n64 1308.0  m64n32 1411.4  m32n64 800.9  m32n32 829.4  m16n64 526.7  m16n32 478.0
[gemm16] 1.5B gate|up rows 16 (us/dispatch): m64n64 1312.0  m64n32 1415.4  m32n64 806.0  m32n32 832.0  m16n64 530.9  m16n32 479.8
[gemm16] 1.5B gate|up rows 24 (us/dispatch): m64n64 1321.8  m64n32 1421.3  m32n64 805.6  m32n32 832.8  m16n64 980.2  m16n32 938.6
[gemm16] 1.5B gate|up rows 32 (us/dispatch): m64n64 1325.7  m64n32 1423.3  m32n64 808.5  m32n32 833.8  m16n64 984.9  m16n32 942.7
[gemm16] 1.5B gate|up rows 40 (us/dispatch): m64n64 1328.8  m64n32 1427.4  m32n64 1495.9  m32n32 1636.7  m16n64 1475.7  m16n32 1398.9
[gemm16] 1.5B gate|up rows 48 (us/dispatch): m64n64 1331.8  m64n32 1429.0  m32n64 1501.9  m32n32 1639.5  m16n64 1480.8  m16n32 1403.2
[gemm16] 1.5B gate|up rows 56 (us/dispatch): m64n64 1337.2  m64n32 1431.1  m32n64 1502.8  m32n32 1639.9  m16n64 1933.6  m16n32 1862.4
[gemm16] 1.5B gate|up rows 64 (us/dispatch): m64n64 1338.5  m64n32 1432.4  m32n64 1501.9  m32n32 1638.4  m16n64 1937.6  m16n32 1862.7
[gemm16] 1.5B gate|up rows 72 (us/dispatch): m64n64 2463.7  m64n32 2807.7  m32n64 2262.0  m32n32 2444.3  m16n64 2428.6  m16n32 2321.2
[gemm16] 1.5B gate|up rows 96 (us/dispatch): m64n64 2482.6  m64n32 2818.7  m32n64 2269.3  m32n32 2446.9  m16n64 2891.8  m16n32 2784.0
[gemm16] 1.5B gate|up rows 128 (us/dispatch): m64n64 2493.2  m64n32 2827.8  m32n64 2965.3  m32n32 3251.6  m16n64 3852.1  m16n32 3706.6
[gemm16] 1.5B gate|up rows 160 (us/dispatch): m64n64 3757.1  m64n32 4233.3  m32n64 3728.5  m32n32 4059.9  m16n64 4793.5  m16n32 4630.7
[gemm16] 1.5B gate|up rows 192 (us/dispatch): m64n64 3767.5  m64n32 4220.2  m32n64 4427.0  m32n32 4889.6  m16n64 5767.9  m16n32 5552.5
[gemm16] 1.5B gate|up rows 256 (us/dispatch): m64n64 4933.6  m64n32 5614.1  m32n64 5912.8  m32n32 6502.7  m16n64 7671.2  m16n32 7420.1
[gemm16] 1.5B down    rows  8 (us/dispatch): m64n64 1353.5  m64n32 1000.0  m32n64 897.8  m32n32 604.4  m16n64 624.4  m16n32 376.7
[gemm16] 1.5B down    rows 16 (us/dispatch): m64n64 1360.3  m64n32 1000.2  m32n64 907.3  m32n32 609.1  m16n64 629.4  m16n32 380.1
[gemm16] 1.5B down    rows 24 (us/dispatch): m64n64 1370.5  m64n32 1008.0  m32n64 909.1  m32n32 610.6  m16n64 720.8  m16n32 527.4
[gemm16] 1.5B down    rows 32 (us/dispatch): m64n64 1373.2  m64n32 1008.2  m32n64 915.2  m32n32 615.0  m16n64 729.3  m16n32 534.1
[gemm16] 1.5B down    rows 40 (us/dispatch): m64n64 1385.1  m64n32 1013.4  m32n64 1059.6  m32n32 892.8  m16n64 937.8  m16n32 854.5
[gemm16] 1.5B down    rows 48 (us/dispatch): m64n64 1384.0  m64n32 1014.6  m32n64 1065.6  m32n32 896.3  m16n64 941.1  m16n32 859.0
[gemm16] 1.5B down    rows 56 (us/dispatch): m64n64 1390.4  m64n32 1023.6  m32n64 1071.2  m32n32 899.0  m16n64 1056.3  m16n32 1017.4
[gemm16] 1.5B down    rows 64 (us/dispatch): m64n64 1390.9  m64n32 1024.7  m32n64 1074.9  m32n32 898.2  m16n64 1061.8  m16n32 1025.1
[gemm16] 1.5B down    rows 72 (us/dispatch): m64n64 1633.4  m64n32 1499.8  m32n64 1392.5  m32n32 1428.5  m16n64 1566.5  m16n32 1271.7
[gemm16] 1.5B down    rows 96 (us/dispatch): m64n64 1646.8  m64n32 1505.7  m32n64 1403.6  m32n32 1444.4  m16n64 1679.8  m16n32 1495.9
[gemm16] 1.5B down    rows 128 (us/dispatch): m64n64 1656.9  m64n32 1515.2  m32n64 1588.7  m32n32 1750.6  m16n64 2060.7  m16n32 1944.9
[gemm16] 1.5B down    rows 160 (us/dispatch): m64n64 2242.7  m64n32 2400.7  m32n64 2344.6  m32n32 2205.0  m16n64 2639.0  m16n32 2407.8
[gemm16] 1.5B down    rows 192 (us/dispatch): m64n64 2252.4  m64n32 2418.1  m32n64 2533.9  m32n32 2568.7  m16n64 3030.8  m16n32 2877.6
[gemm16] 1.5B down    rows 256 (us/dispatch): m64n64 2765.1  m64n32 2967.1  m32n64 3110.1  m32n32 3365.1  m16n64 3989.1  m16n32 3734.1
[gemm16] 7B qkv       rows  8 (us/dispatch): m64n64 899.2  m64n32 959.3  m32n64 564.1  m32n32 575.2  m16n64 380.4  m16n32 343.8
[gemm16] 7B qkv       rows 16 (us/dispatch): m64n64 900.6  m64n32 960.7  m32n64 567.6  m32n32 578.3  m16n64 383.0  m16n32 348.7
[gemm16] 7B qkv       rows 24 (us/dispatch): m64n64 905.2  m64n32 965.4  m32n64 568.3  m32n32 580.5  m16n64 673.4  m16n32 598.7
[gemm16] 7B qkv       rows 32 (us/dispatch): m64n64 910.2  m64n32 967.1  m32n64 569.3  m32n32 582.6  m16n64 678.4  m16n32 601.3
[gemm16] 7B qkv       rows 40 (us/dispatch): m64n64 912.5  m64n32 970.7  m32n64 1016.5  m32n32 1030.8  m16n64 935.3  m16n32 862.2
[gemm16] 7B qkv       rows 48 (us/dispatch): m64n64 912.7  m64n32 969.3  m32n64 1019.1  m32n32 1032.6  m16n64 938.4  m16n32 864.7
[gemm16] 7B qkv       rows 56 (us/dispatch): m64n64 915.7  m64n32 974.2  m32n64 1022.2  m32n32 1033.0  m16n64 1216.4  m16n32 1154.1
[gemm16] 7B qkv       rows 64 (us/dispatch): m64n64 915.6  m64n32 972.8  m32n64 1022.6  m32n32 1031.7  m16n64 1218.4  m16n32 1158.6
[gemm16] 7B qkv       rows 72 (us/dispatch): m64n64 1624.3  m64n32 1752.1  m32n64 1416.3  m32n32 1493.5  m16n64 1543.1  m16n32 1419.6
[gemm16] 7B qkv       rows 96 (us/dispatch): m64n64 1636.0  m64n32 1757.5  m32n64 1420.2  m32n32 1494.9  m16n64 1770.5  m16n32 1689.2
[gemm16] 7B qkv       rows 128 (us/dispatch): m64n64 1644.4  m64n32 1766.6  m32n64 1850.2  m32n32 2010.9  m16n64 2369.9  m16n32 2244.7
[gemm16] 7B qkv       rows 160 (us/dispatch): m64n64 2344.2  m64n32 2561.4  m32n64 2357.7  m32n32 2492.6  m16n64 2914.8  m16n32 2777.4
[gemm16] 7B qkv       rows 192 (us/dispatch): m64n64 2349.8  m64n32 2568.1  m32n64 2693.8  m32n32 2938.5  m16n64 3479.6  m16n32 3337.9
[gemm16] 7B qkv       rows 256 (us/dispatch): m64n64 3053.6  m64n32 3474.0  m32n64 3626.0  m32n32 3916.5  m16n64 4612.6  m16n32 4429.2
[gemm16] 7B down      rows  8 (us/dispatch): m64n64 4045.6  m64n32 3602.2  m32n64 2586.6  m32n32 2153.2  m16n64 1765.1  m16n32 1256.9
[gemm16] 7B down      rows 16 (us/dispatch): m64n64 4045.3  m64n32 3599.0  m32n64 2594.3  m32n32 2154.5  m16n64 1782.3  m16n32 1262.9
[gemm16] 7B down      rows 24 (us/dispatch): m64n64 4064.1  m64n32 3609.1  m32n64 2603.0  m32n32 2154.9  m16n64 2510.8  m16n32 2423.5
[gemm16] 7B down      rows 32 (us/dispatch): m64n64 4072.3  m64n32 3606.3  m32n64 2611.8  m32n32 2151.4  m16n64 2525.1  m16n32 2434.6
[gemm16] 7B down      rows 40 (us/dispatch): m64n64 4078.5  m64n32 3625.8  m32n64 3780.7  m32n32 4159.1  m16n64 4095.1  m16n32 3553.2
[gemm16] 7B down      rows 48 (us/dispatch): m64n64 4081.6  m64n32 3615.7  m32n64 3798.4  m32n32 4160.5  m16n64 4110.2  m16n32 3567.4
[gemm16] 7B down      rows 56 (us/dispatch): m64n64 4097.1  m64n32 3622.9  m32n64 3792.1  m32n32 4178.0  m16n64 4940.5  m16n32 4679.4
[gemm16] 7B down      rows 64 (us/dispatch): m64n64 4099.8  m64n32 3624.1  m32n64 3795.3  m32n32 4165.5  m16n64 4968.8  m16n32 4692.4
[gemm16] 7B down      rows 72 (us/dispatch): m64n64 6490.9  m64n32 7075.7  m32n64 6176.1  m32n32 6144.7  m16n64 6448.7  m16n32 5809.7
[gemm16] 7B down      rows 96 (us/dispatch): m64n64 6513.7  m64n32 7084.9  m32n64 6190.2  m32n32 6135.0  m16n64 7340.7  m16n32 6941.1
[gemm16] 7B down      rows 128 (us/dispatch): m64n64 6564.8  m64n32 7120.1  m32n64 7471.9  m32n32 8111.6  m16n64 9699.8  m16n32 9187.9
[gemm16] 7B down      rows 160 (us/dispatch): m64n64 10125.2  m64n32 10483.7  m32n64 9736.5  m32n32 10054.2  m16n64 12014.5  m16n32 11418.7
[gemm16] 7B down      rows 192 (us/dispatch): m64n64 10164.0  m64n32 10517.0  m32n64 11053.1  m32n32 12007.9  m16n64 14346.2  m16n32 13659.0
[gemm16] 7B down      rows 256 (us/dispatch): m64n64 12286.6  m64n32 13909.5  m32n64 14624.1  m32n32 15925.9  m16n64 19009.4  m16n32 18149.3
