[08:48:22] testing c7f8eff76c  docs: fix citation drift in fitguard.go from the fit-guard fix
[08:49:22]   ... c7f8eff76c running 60s
[08:50:22]   ... c7f8eff76c running 120s
[08:51:22]   ... c7f8eff76c running 180s
[08:52:22]   ... c7f8eff76c running 240s
[08:53:22]   ... c7f8eff76c running 300s
[08:54:22]   ... c7f8eff76c running 360s
[08:55:22]   ... c7f8eff76c running 420s
[08:56:22]   ... c7f8eff76c running 480s
[08:57:22]   ... c7f8eff76c running 540s
[08:57:36]   c7f8eff76c GOOD 554s test-rc=0 argmax 68/80 (85.0%) | 7/10 prompts coherent | cosine min=0.98740 mean=0.99608 | worst div gap=0.0080
[08:57:36] testing 972d2ed5f3  feat(backends): BuildResident declines with a typed reason; CUDA and Metal read their MoE 
[08:58:36]   ... 972d2ed5f3 running 60s
[08:59:36]   ... 972d2ed5f3 running 120s
[09:00:36]   ... 972d2ed5f3 running 180s
[09:01:36]   ... 972d2ed5f3 running 240s
[09:02:36]   ... 972d2ed5f3 running 300s
[09:03:36]   ... 972d2ed5f3 running 360s
[09:04:36]   ... 972d2ed5f3 running 420s
[09:05:36]   ... 972d2ed5f3 running 480s
[09:06:36]   ... 972d2ed5f3 running 540s
[09:06:51]   972d2ed5f3 GOOD 555s test-rc=0 argmax 68/80 (85.0%) | 7/10 prompts coherent | cosine min=0.98740 mean=0.99608 | worst div gap=0.0080
[09:06:51] testing ee7bf67a2f  measure(MC3c S1, exploratory): post-S1 shape probe and an A/A-controlled width sweep — wid
[09:07:52]   ... ee7bf67a2f running 61s
[09:08:52]   ... ee7bf67a2f running 121s
[09:09:52]   ... ee7bf67a2f running 181s
[09:10:52]   ... ee7bf67a2f running 241s
[09:11:52]   ... ee7bf67a2f running 301s
[09:12:52]   ... ee7bf67a2f running 361s
[09:13:52]   ... ee7bf67a2f running 421s
[09:14:52]   ... ee7bf67a2f running 481s
[09:15:52]   ... ee7bf67a2f running 541s
[09:16:23]   ee7bf67a2f GOOD 572s test-rc=0 argmax 68/80 (85.0%) | 7/10 prompts coherent | cosine min=0.98740 mean=0.99608 | worst div gap=0.0080
[09:16:24] testing 84475accc0  registry: checkpoints carry a label (the model in words) for goinfer.dev; a test refuses a
[09:17:24]   ... 84475accc0 running 60s
[09:18:24]   ... 84475accc0 running 120s
[09:19:24]   ... 84475accc0 running 180s
[09:20:24]   ... 84475accc0 running 240s
[09:21:24]   ... 84475accc0 running 300s
[09:21:53]   84475accc0 BAD 329s test-rc=1 argmax 57/80 (71.2%) | 5/10 prompts coherent | cosine min=0.98786 mean=0.99619 | worst div gap=0.0072
[09:21:54] testing 1c9a605449  sidecar: an int4 .giw older than v15 is stale and rebuilt once — it loaded by converting i
[09:22:54]   ... 1c9a605449 running 60s
[09:23:54]   ... 1c9a605449 running 120s
[09:24:54]   ... 1c9a605449 running 180s
[09:25:54]   ... 1c9a605449 running 240s
[09:26:54]   ... 1c9a605449 running 300s
[09:27:54]   ... 1c9a605449 running 360s
[09:28:54]   ... 1c9a605449 running 420s
[09:29:54]   ... 1c9a605449 running 480s
[09:30:47]   1c9a605449 GOOD 533s test-rc=0 argmax 68/80 (85.0%) | 7/10 prompts coherent | cosine min=0.98740 mean=0.99608 | worst div gap=0.0080
[09:30:47] testing cd6ce3360b  owner decisions (TE5(b), TE6(b), TE3): in-process-first for kernel questions; validation i
[09:31:47]   ... cd6ce3360b running 60s
[09:32:47]   ... cd6ce3360b running 120s
[09:33:47]   ... cd6ce3360b running 180s
[09:34:47]   ... cd6ce3360b running 240s
[09:35:47]   ... cd6ce3360b running 300s
[09:36:46]   cd6ce3360b BAD 359s test-rc=1 argmax 57/80 (71.2%) | 5/10 prompts coherent | cosine min=0.98786 mean=0.99619 | worst div gap=0.0072
[09:36:46] testing 96d0ef2600  test(parity): re-capture TestDecodeParityInt4's int4 golden for L1's binary16 scales — red
[09:37:46]   ... 96d0ef2600 running 60s
[09:38:46]   ... 96d0ef2600 running 120s
[09:39:46]   ... 96d0ef2600 running 180s
[09:40:46]   ... 96d0ef2600 running 240s
[09:41:46]   ... 96d0ef2600 running 300s
[09:42:46]   ... 96d0ef2600 running 360s
[09:43:46]   ... 96d0ef2600 running 420s
[09:44:46]   ... 96d0ef2600 running 480s
[09:45:46]   ... 96d0ef2600 running 540s
[09:45:46]   96d0ef2600 GOOD 540s test-rc=0 argmax 68/80 (85.0%) | 7/10 prompts coherent | cosine min=0.98740 mean=0.99608 | worst div gap=0.0080
[09:45:46] testing 81c250d706  deps: aikit v1.50.2 (amd64 AVX2 activation quantizer) in every module
[09:46:46]   ... 81c250d706 running 60s
[09:47:46]   ... 81c250d706 running 120s
[09:48:46]   ... 81c250d706 running 180s
[09:49:46]   ... 81c250d706 running 240s
[09:50:46]   ... 81c250d706 running 300s
[09:51:16]   81c250d706 BAD 330s test-rc=1 argmax 57/80 (71.2%) | 5/10 prompts coherent | cosine min=0.98786 mean=0.99619 | worst div gap=0.0072
