17:48:24 killwatch: baseline swap-used 2202.12MB; kill at +600MB, tick rule 80MB x2 (0=off), poll 1s, pid 99756
17:48:24 t+0s swap_used=2202.12MB delta=+0MB tick=0MB rss=844656KB free_disk=2G
17:48:25 t+1s swap_used=2202.12MB delta=+0MB tick=0MB rss=1821344KB free_disk=2G
17:48:26 t+2s swap_used=2202.12MB delta=+0MB tick=0MB rss=2434768KB free_disk=2G
17:48:27 t+3s swap_used=2202.12MB delta=+0MB tick=0MB rss=2367136KB free_disk=2G
17:48:28 t+4s swap_used=2202.12MB delta=+0MB tick=0MB rss=2655696KB free_disk=2G
17:48:29 t+5s swap_used=2202.12MB delta=+0MB tick=0MB rss=2792144KB free_disk=2G
17:48:30 t+6s swap_used=2202.12MB delta=+0MB tick=0MB rss=2710240KB free_disk=2G
17:48:31 t+7s swap_used=2202.12MB delta=+0MB tick=0MB rss=2923216KB free_disk=2G
17:48:32 t+8s swap_used=2202.12MB delta=+0MB tick=0MB rss=2672336KB free_disk=2G
17:48:33 t+9s swap_used=2202.12MB delta=+0MB tick=0MB rss=2478640KB free_disk=2G
17:48:34 t+10s swap_used=2202.12MB delta=+0MB tick=0MB rss=2406576KB free_disk=2G
17:48:35 t+11s swap_used=2202.12MB delta=+0MB tick=0MB rss=2366432KB free_disk=2G
17:48:37 t+13s swap_used=2202.12MB delta=+0MB tick=0MB rss=2349824KB free_disk=2G
17:48:38 t+14s swap_used=2202.12MB delta=+0MB tick=0MB rss=2303696KB free_disk=2G
17:48:39 t+15s swap_used=2194.12MB delta=+-8.00MB tick=-8.00MB rss=2153008KB free_disk=2G
17:48:40 t+16s swap_used=2194.12MB delta=+-8.00MB tick=0MB rss=1718592KB free_disk=2G
17:48:41 t+17s swap_used=2194.12MB delta=+-8.00MB tick=0MB rss=1684720KB free_disk=2G
17:48:42 t+18s swap_used=2196.50MB delta=+-5.62MB tick=2.38MB rss=1539840KB free_disk=2G
17:48:43 t+19s swap_used=2257.69MB delta=+55.57MB tick=61.19MB rss=1573168KB free_disk=2G
17:48:44 t+20s swap_used=2257.69MB delta=+55.57MB tick=0MB rss=1573168KB free_disk=2G
17:48:45 t+21s swap_used=2257.69MB delta=+55.57MB tick=0MB rss=1571552KB free_disk=2G
17:48:46 t+22s swap_used=2257.69MB delta=+55.57MB tick=0MB rss=1403072KB free_disk=2G
17:48:48 t+24s swap_used=2257.69MB delta=+55.57MB tick=0MB rss=1245744KB free_disk=2G
17:48:49 t+25s swap_used=2257.69MB delta=+55.57MB tick=0MB rss=1244192KB free_disk=2G
17:48:50 t+26s swap_used=2257.69MB delta=+55.57MB tick=0MB rss=1273728KB free_disk=2G
17:48:51 t+27s swap_used=2257.69MB delta=+55.57MB tick=0MB rss=1274480KB free_disk=2G
17:48:52 killwatch: pid 99756 exited on its own, stopping watch
