=== RUN   TestCPUBatchS0_matmulScaling
[s0    2.4s 1/8] q        N=3584   K=3584   layout=canonical  t(1)=     234 us  t(2)/t(1)=1.58  t(3)/t(1)=1.89  t(4)/t(1)=1.69  t(8)/t(1)=3.23
    cpu_batch_s0_test.go:76: q        N=3584   K=3584   layout=canonical  t(1)=     234 us  t(2)/t(1)=1.58  t(3)/t(1)=1.89  t(4)/t(1)=1.69  t(8)/t(1)=3.23
[s0   15.1s 2/8] k        N=512    K=3584   layout=canonical  t(1)=     115 us  t(2)/t(1)=2.00  t(3)/t(1)=2.91  t(4)/t(1)=2.99  t(8)/t(1)=5.68
    cpu_batch_s0_test.go:76: k        N=512    K=3584   layout=canonical  t(1)=     115 us  t(2)/t(1)=2.00  t(3)/t(1)=2.91  t(4)/t(1)=2.99  t(8)/t(1)=5.68
[s0   28.0s 3/8] v        N=512    K=3584   layout=canonical  t(1)=     116 us  t(2)/t(1)=1.92  t(3)/t(1)=2.93  t(4)/t(1)=2.98  t(8)/t(1)=5.60
    cpu_batch_s0_test.go:76: v        N=512    K=3584   layout=canonical  t(1)=     116 us  t(2)/t(1)=1.92  t(3)/t(1)=2.93  t(4)/t(1)=2.98  t(8)/t(1)=5.60
[s0   30.5s 4/8] o        N=3584   K=3584   layout=canonical  t(1)=     226 us  t(2)/t(1)=1.74  t(3)/t(1)=2.15  t(4)/t(1)=1.87  t(8)/t(1)=3.34
    cpu_batch_s0_test.go:76: o        N=3584   K=3584   layout=canonical  t(1)=     226 us  t(2)/t(1)=1.74  t(3)/t(1)=2.15  t(4)/t(1)=1.87  t(8)/t(1)=3.34
[s0   32.4s 5/8] gate     N=18944  K=3584   layout=canonical  t(1)=    1453 us  t(2)/t(1)=1.03  t(3)/t(1)=1.23  t(4)/t(1)=1.08  t(8)/t(1)=1.92
    cpu_batch_s0_test.go:76: gate     N=18944  K=3584   layout=canonical  t(1)=    1453 us  t(2)/t(1)=1.03  t(3)/t(1)=1.23  t(4)/t(1)=1.08  t(8)/t(1)=1.92
[s0   34.3s 6/8] up       N=18944  K=3584   layout=canonical  t(1)=    1450 us  t(2)/t(1)=1.03  t(3)/t(1)=1.25  t(4)/t(1)=1.09  t(8)/t(1)=1.94
    cpu_batch_s0_test.go:76: up       N=18944  K=3584   layout=canonical  t(1)=    1450 us  t(2)/t(1)=1.03  t(3)/t(1)=1.25  t(4)/t(1)=1.09  t(8)/t(1)=1.94
[s0   36.7s 7/8] down     N=3584   K=18944  layout=canonical  t(1)=    1552 us  t(2)/t(1)=1.11  t(3)/t(1)=1.33  t(4)/t(1)=1.34  t(8)/t(1)=2.35
    cpu_batch_s0_test.go:76: down     N=3584   K=18944  layout=canonical  t(1)=    1552 us  t(2)/t(1)=1.11  t(3)/t(1)=1.33  t(4)/t(1)=1.34  t(8)/t(1)=2.35
[s0   39.5s 8/8] lm_head  N=152064 K=3584   layout=           t(1)=   20010 us  t(2)/t(1)=1.00  t(3)/t(1)=1.00  t(4)/t(1)=1.02  t(8)/t(1)=1.02
    cpu_batch_s0_test.go:76: lm_head  N=152064 K=3584   layout=           t(1)=   20010 us  t(2)/t(1)=1.00  t(3)/t(1)=1.00  t(4)/t(1)=1.02  t(8)/t(1)=1.02
--- PASS: TestCPUBatchS0_matmulScaling (56.57s)
PASS
ok  	github.com/townsendmerino/goinfer/decoder	56.605s
