=== RUN   TestCPUBatchS0b_fusedShapesAndWidth
[s0b    1.8s 1/4] E1 qkv      N=4608   K=3584   t(1)=    268 us  t(2)/t(1)=1.45  t(4)/t(1)=1.83  t(8)/t(1)=3.37
    cpu_batch_s0_test.go:273: E1 qkv      N=4608   K=3584   t(1)=    268 us  t(2)/t(1)=1.45  t(4)/t(1)=1.83  t(8)/t(1)=3.37
[s0b    7.4s 1/4] E2 qkv      M=4 default     731 us:  w4 0.751x  w6 0.919x  w8 1.095x  w12 1.277x  w16 1.412x  serial 0.293x   (x = speed-up over default)
    cpu_batch_s0_test.go:294: E2 qkv      M=4 default     731 us:  w4 0.751x  w6 0.919x  w8 1.095x  w12 1.277x  w16 1.412x  serial 0.293x
[s0b   10.0s 1/4] E2 qkv      M=1 default     370 us:  w4 0.869x  w6 1.104x  w8 1.301x  w12 1.445x  w16 1.281x  serial 0.349x   (x = speed-up over default)
    cpu_batch_s0_test.go:294: E2 qkv      M=1 default     370 us:  w4 0.869x  w6 1.104x  w8 1.301x  w12 1.445x  w16 1.281x  serial 0.349x
[s0b   12.1s 2/4] E1 o        N=3584   K=3584   t(1)=    244 us  t(2)/t(1)=1.58  t(4)/t(1)=1.95  t(8)/t(1)=3.23
    cpu_batch_s0_test.go:273: E1 o        N=3584   K=3584   t(1)=    244 us  t(2)/t(1)=1.58  t(4)/t(1)=1.95  t(8)/t(1)=3.23
[s0b   18.2s 2/4] E2 o        M=4 default     640 us:  w4 0.975x  w6 1.024x  w8 1.133x  w12 1.258x  w16 1.313x  serial 0.325x   (x = speed-up over default)
    cpu_batch_s0_test.go:294: E2 o        M=4 default     640 us:  w4 0.975x  w6 1.024x  w8 1.133x  w12 1.258x  w16 1.313x  serial 0.325x
[s0b   21.4s 2/4] E2 o        M=1 default     354 us:  w4 1.070x  w6 1.348x  w8 1.465x  w12 1.357x  w16 1.179x  serial 0.423x   (x = speed-up over default)
    cpu_batch_s0_test.go:294: E2 o        M=1 default     354 us:  w4 1.070x  w6 1.348x  w8 1.465x  w12 1.357x  w16 1.179x  serial 0.423x
[s0b   23.1s 3/4] E1 gate‖up  N=37888  K=3584   t(1)=   3371 us  t(2)/t(1)=1.03  t(4)/t(1)=1.10  t(8)/t(1)=1.78
    cpu_batch_s0_test.go:273: E1 gate‖up  N=37888  K=3584   t(1)=   3371 us  t(2)/t(1)=1.03  t(4)/t(1)=1.10  t(8)/t(1)=1.78
[s0b   27.9s 3/4] E2 gate‖up  M=4 default    3753 us:  w4 0.704x  w6 0.803x  w8 0.943x  w12 1.015x  w16 1.056x  serial 0.189x   (x = speed-up over default)
    cpu_batch_s0_test.go:294: E2 gate‖up  M=4 default    3753 us:  w4 0.704x  w6 0.803x  w8 0.943x  w12 1.015x  w16 1.056x  serial 0.189x
[s0b   30.9s 3/4] E2 gate‖up  M=1 default    3351 us:  w4 1.091x  w6 1.021x  w8 0.994x  w12 0.974x  w16 0.994x  serial 0.371x   (x = speed-up over default)
    cpu_batch_s0_test.go:294: E2 gate‖up  M=1 default    3351 us:  w4 1.091x  w6 1.021x  w8 0.994x  w12 0.974x  w16 0.994x  serial 0.371x
[s0b   32.9s 4/4] E1 down     N=3584   K=18944  t(1)=   1572 us  t(2)/t(1)=1.14  t(4)/t(1)=1.36  t(8)/t(1)=2.35
    cpu_batch_s0_test.go:273: E1 down     N=3584   K=18944  t(1)=   1572 us  t(2)/t(1)=1.14  t(4)/t(1)=1.36  t(8)/t(1)=2.35
[s0b   38.7s 4/4] E2 down     M=4 default    2980 us:  w4 0.800x  w6 0.963x  w8 1.040x  w12 1.123x  w16 1.283x  serial 0.291x   (x = speed-up over default)
    cpu_batch_s0_test.go:294: E2 down     M=4 default    2980 us:  w4 0.800x  w6 0.963x  w8 1.040x  w12 1.123x  w16 1.283x  serial 0.291x
[s0b   41.8s 4/4] E2 down     M=1 default    1697 us:  w4 0.983x  w6 1.027x  w8 1.030x  w12 1.036x  w16 1.074x  serial 0.393x   (x = speed-up over default)
    cpu_batch_s0_test.go:294: E2 down     M=1 default    1697 us:  w4 0.983x  w6 1.027x  w8 1.030x  w12 1.036x  w16 1.074x  serial 0.393x
--- PASS: TestCPUBatchS0b_fusedShapesAndWidth (58.67s)
PASS
ok  	github.com/townsendmerino/goinfer/decoder	58.694s
