=== RUN   TestGemma4DenseTwoGeom_residentParity
    gemma4_twogeom_test.go:88:   pos  0 cosine 1.000000 maxAbs 1.1921e-07 argmax cpu=183 webgpu=183
    gemma4_twogeom_test.go:88:   pos  1 cosine 1.000000 maxAbs 1.1921e-07 argmax cpu=7 webgpu=7
    gemma4_twogeom_test.go:88:   pos  2 cosine 1.000000 maxAbs 1.7881e-07 argmax cpu=42 webgpu=42
    gemma4_twogeom_test.go:88:   pos  3 cosine 1.000000 maxAbs 0.0000e+00 argmax cpu=107 webgpu=107
    gemma4_twogeom_test.go:88:   pos  4 cosine 1.000000 maxAbs 1.1921e-07 argmax cpu=5 webgpu=5
    gemma4_twogeom_test.go:88:   pos  5 cosine 1.000000 maxAbs 1.1921e-07 argmax cpu=179 webgpu=179
    gemma4_twogeom_test.go:88:   pos  6 cosine 1.000000 maxAbs 1.1921e-07 argmax cpu=13 webgpu=13
    gemma4_twogeom_test.go:88:   pos  7 cosine 1.000000 maxAbs 1.1921e-07 argmax cpu=67 webgpu=67
    gemma4_twogeom_test.go:90: webgpu two-geometry K=V resident parity: minCosine=1.000000 maxAbs=1.7881e-07 exact-argmax 8/8
--- PASS: TestGemma4DenseTwoGeom_residentParity (1.70s)
=== RUN   TestGemma4DenseScaled_webgpuParity
    gemma4_twogeom_test.go:142:   pos  0  cosine 1.000000 maxAbs 0.0000e+00 argmax cpu=1 webgpu=1
    gemma4_twogeom_test.go:142:   pos  1  cosine 1.000000 maxAbs 0.0000e+00 argmax cpu=7 webgpu=7
    gemma4_twogeom_test.go:142:   pos  2  cosine 1.000000 maxAbs 0.0000e+00 argmax cpu=42 webgpu=42
    gemma4_twogeom_test.go:142:   pos  3  cosine 1.000000 maxAbs 4.7684e-07 argmax cpu=100 webgpu=100
    gemma4_twogeom_test.go:142:   pos  4  cosine 1.000000 maxAbs 7.1526e-07 argmax cpu=5 webgpu=5
    gemma4_twogeom_test.go:142:   pos  5  cosine 1.000000 maxAbs 0.0000e+00 argmax cpu=200 webgpu=200
    gemma4_twogeom_test.go:142:   pos  6  cosine 1.000000 maxAbs 4.7684e-07 argmax cpu=66 webgpu=66
    gemma4_twogeom_test.go:142:   pos  7  cosine 1.000000 maxAbs 4.7684e-07 argmax cpu=88 webgpu=88
    gemma4_twogeom_test.go:142:   pos  8  cosine 1.000000 maxAbs 2.3842e-07 argmax cpu=3 webgpu=3
    gemma4_twogeom_test.go:142:   pos  9  cosine 1.000000 maxAbs 0.0000e+00 argmax cpu=71 webgpu=71
    gemma4_twogeom_test.go:142:   pos 10  cosine 0.996006 maxAbs 2.0339e-01 argmax cpu=128 webgpu=128
    gemma4_twogeom_test.go:142:   pos 11  cosine 0.998444 maxAbs 1.0378e-01 argmax cpu=9 webgpu=9
    gemma4_twogeom_test.go:142:   pos 12  cosine 0.992512 maxAbs 2.4431e-01 argmax cpu=250 webgpu=250
    gemma4_twogeom_test.go:142:   pos 13  cosine 0.975300 maxAbs 5.6683e-01 argmax cpu=17 webgpu=17
    gemma4_twogeom_test.go:142:   pos 14  cosine 0.980779 maxAbs 3.9479e-01 argmax cpu=60 webgpu=60
    gemma4_twogeom_test.go:142:   pos 15  cosine 0.992335 maxAbs 3.2373e-01 argmax cpu=200 webgpu=200
    gemma4_twogeom_test.go:144: scaled dense (256-local / 512-global, 12 layers): minCosine=0.975300 exact-argmax 16/16 pos0=1.000000
--- PASS: TestGemma4DenseScaled_webgpuParity (0.77s)
PASS
ok  	github.com/townsendmerino/goinfer/gpu	2.553s
