=== RUN   TestGemma4DenseScaled_metalParity
    gemma4_dense_scaled_test.go:95:   pos  0  Metal-vs-CPUint4 0.982297 | CPUint4-vs-f32 0.936365  argmax metal=1 cpu4=1
    gemma4_dense_scaled_test.go:95:   pos  1  Metal-vs-CPUint4 0.910208 | CPUint4-vs-f32 0.877579  argmax metal=7 cpu4=7
    gemma4_dense_scaled_test.go:95:   pos  2  Metal-vs-CPUint4 0.918497 | CPUint4-vs-f32 0.703074  argmax metal=42 cpu4=42
    gemma4_dense_scaled_test.go:95:   pos  3  Metal-vs-CPUint4 0.936777 | CPUint4-vs-f32 0.795401  argmax metal=100 cpu4=100
    gemma4_dense_scaled_test.go:95:   pos  4  Metal-vs-CPUint4 0.881426 | CPUint4-vs-f32 0.780281  argmax metal=5 cpu4=5
    gemma4_dense_scaled_test.go:95:   pos  5  Metal-vs-CPUint4 0.828620 | CPUint4-vs-f32 0.650813  argmax metal=200 cpu4=200
    gemma4_dense_scaled_test.go:95:   pos  6  Metal-vs-CPUint4 0.820839 | CPUint4-vs-f32 0.474604  argmax metal=154 cpu4=66
    gemma4_dense_scaled_test.go:95:   pos  7  Metal-vs-CPUint4 0.818366 | CPUint4-vs-f32 0.599062  argmax metal=88 cpu4=88
    gemma4_dense_scaled_test.go:95:   pos  8  Metal-vs-CPUint4 0.838322 | CPUint4-vs-f32 0.760084  argmax metal=3 cpu4=3
    gemma4_dense_scaled_test.go:95:   pos  9  Metal-vs-CPUint4 0.842822 | CPUint4-vs-f32 0.595481  argmax metal=71 cpu4=71
    gemma4_dense_scaled_test.go:95:   pos 10  Metal-vs-CPUint4 0.861471 | CPUint4-vs-f32 0.624925  argmax metal=128 cpu4=128
    gemma4_dense_scaled_test.go:95:   pos 11  Metal-vs-CPUint4 0.866807 | CPUint4-vs-f32 0.612792  argmax metal=9 cpu4=9
    gemma4_dense_scaled_test.go:95:   pos 12  Metal-vs-CPUint4 0.884363 | CPUint4-vs-f32 0.445377  argmax metal=250 cpu4=250
    gemma4_dense_scaled_test.go:95:   pos 13  Metal-vs-CPUint4 0.852074 | CPUint4-vs-f32 0.544460  argmax metal=17 cpu4=17
    gemma4_dense_scaled_test.go:95:   pos 14  Metal-vs-CPUint4 0.768325 | CPUint4-vs-f32 0.473476  argmax metal=60 cpu4=60
    gemma4_dense_scaled_test.go:95:   pos 15  Metal-vs-CPUint4 0.727134 | CPUint4-vs-f32 0.482932  argmax metal=200 cpu4=200
    gemma4_dense_scaled_test.go:99: scaled dense (256-local, 12 layers): pos0=0.982297 exact-argmax 15/16 | mean Metal-vs-CPUint4=0.858647  CPUint4-vs-f32=0.647294 (min floor 0.4454)
--- PASS: TestGemma4DenseScaled_metalParity (0.85s)
=== RUN   TestGemma4MoE_localize
    gemma4_moe_parity_test.go:73: after layer 0: cosine 0.999740 maxAbs 1.3644e-01
    gemma4_moe_parity_test.go:73: after layer 1: cosine 0.999644 maxAbs 2.5228e-01
    gemma4_moe_parity_test.go:78: gemma4 MoE localize: worst layer 1 cosine 0.999644 over 2 layers
--- PASS: TestGemma4MoE_localize (0.05s)
=== RUN   TestGemma4MoE_residentParity
    gemma4_moe_parity_test.go:126:   pos  0 cosine 0.999626 maxAbs 2.7075e-02 argmax cpu=216 metal=216
    gemma4_moe_parity_test.go:126:   pos  1 cosine 0.997161 maxAbs 7.7923e-02 argmax cpu=53 metal=53
    gemma4_moe_parity_test.go:126:   pos  2 cosine 0.978678 maxAbs 2.0948e-01 argmax cpu=200 metal=200
    gemma4_moe_parity_test.go:126:   pos  3 cosine 0.958904 maxAbs 2.6943e-01 argmax cpu=100 metal=100
    gemma4_moe_parity_test.go:126:   pos  4 cosine 0.970187 maxAbs 2.2561e-01 argmax cpu=42 metal=42
    gemma4_moe_parity_test.go:126:   pos  5 cosine 0.940105 maxAbs 2.9120e-01 argmax cpu=200 metal=200
    gemma4_moe_parity_test.go:126:   pos  6 cosine 0.981587 maxAbs 2.0925e-01 argmax cpu=111 metal=111
    gemma4_moe_parity_test.go:126:   pos  7 cosine 0.872764 maxAbs 4.9020e-01 argmax cpu=88 metal=88
    gemma4_moe_parity_test.go:128: gemma4 dense‖MoE resident parity: exact-argmax 8/8 gaps>3%=0 worstNearTie=0.00% minCosine=0.872764 maxAbs=4.9020e-01
--- PASS: TestGemma4MoE_residentParity (0.07s)
=== RUN   TestGemma4TwoGeom_localize
    gemma4_twogeom_test.go:92: layer 0 (LOCAL hd=16, real V — geometry seam): cosine 0.987958 maxAbs 1.0597e+00
    gemma4_twogeom_test.go:93: layer 1 (GLOBAL hd=512, K=V — v_norm(raw k)) : cosine 0.980768 maxAbs 1.3999e+00
--- PASS: TestGemma4TwoGeom_localize (0.05s)
=== RUN   TestGemma4TwoGeom_f16ScaleConfound
    gemma4_twogeom_test.go:164:   pos  0 cosine 0.982504 (vs f16-scale CPU)
    gemma4_twogeom_test.go:164:   pos  1 cosine 0.981251 (vs f16-scale CPU)
    gemma4_twogeom_test.go:164:   pos  2 cosine 0.991256 (vs f16-scale CPU)
    gemma4_twogeom_test.go:164:   pos  3 cosine 0.993403 (vs f16-scale CPU)
    gemma4_twogeom_test.go:164:   pos  4 cosine 0.989408 (vs f16-scale CPU)
    gemma4_twogeom_test.go:164:   pos  5 cosine 0.990362 (vs f16-scale CPU)
    gemma4_twogeom_test.go:164:   pos  6 cosine 0.986775 (vs f16-scale CPU)
    gemma4_twogeom_test.go:164:   pos  7 cosine 0.988997 (vs f16-scale CPU)
    gemma4_twogeom_test.go:166: f16-scale-matched minCosine = 0.981251 — vs ~0.9806 against the f32-scale CPU: the group-scale representation is ~0 of the gap; the residual is the broader resident quant path (f16 KV / int8 act)
--- PASS: TestGemma4TwoGeom_f16ScaleConfound (0.06s)
=== RUN   TestGemma4TwoGeom_residentParity
    gemma4_twogeom_test.go:216:   pos  0 cosine 0.982504 maxAbs 1.9060e-01 argmax cpu=183 metal=183
    gemma4_twogeom_test.go:216:   pos  1 cosine 0.981251 maxAbs 2.1126e-01 argmax cpu=7 metal=7
    gemma4_twogeom_test.go:216:   pos  2 cosine 0.991256 maxAbs 1.4299e-01 argmax cpu=42 metal=42
    gemma4_twogeom_test.go:216:   pos  3 cosine 0.993403 maxAbs 1.0432e-01 argmax cpu=107 metal=107
    gemma4_twogeom_test.go:216:   pos  4 cosine 0.989408 maxAbs 1.3201e-01 argmax cpu=5 metal=5
    gemma4_twogeom_test.go:216:   pos  5 cosine 0.990362 maxAbs 1.3168e-01 argmax cpu=179 metal=179
    gemma4_twogeom_test.go:216:   pos  6 cosine 0.986775 maxAbs 1.6304e-01 argmax cpu=13 metal=13
    gemma4_twogeom_test.go:216:   pos  7 cosine 0.988997 maxAbs 1.6019e-01 argmax cpu=67 metal=67
    gemma4_twogeom_test.go:218: two-geometry K=V resident parity: exact-argmax 8/8 gaps>3%=0 worstNearTie=0.00% minCosine=0.981251 maxAbs=2.1126e-01
--- PASS: TestGemma4TwoGeom_residentParity (0.06s)
PASS
ok  	github.com/townsendmerino/goinfer/metal	1.531s
