# preflight OK: loadavg [0.470703125, 1.55078125, 1.59130859375] · gpu {'driver': '595.91.07', 'name': 'NVIDIA GeForce RTX 2070 SUPER', 'temp_c': 49, 'mem_used_mib': 639, 'mem_total_mib': 8192} · compute apps ['1748, 20 MiB']
  7B:14800 pair 0 A: 104.9 tok/s (prompt 3998 tok) [104.98909747037881, 104.79943905476541]
  7B:14800 pair 0 B: 153.0 tok/s (prompt 3998 tok) [152.606261581976, 153.34800572112866]
      -> B/A 1.458
  7B:14800 pair 1 B: 153.2 tok/s (prompt 3998 tok) [153.11198412445097, 153.29213662025302]
  7B:14800 pair 1 A: 105.0 tok/s (prompt 3998 tok) [105.00784093052508, 104.97113094961213]
      -> B/A 1.459
  7B:14800 pair 2 A: 104.8 tok/s (prompt 3998 tok) [104.76717660176544, 104.90979399567769]
  7B:14800 pair 2 B: 152.9 tok/s (prompt 3998 tok) [152.624781692313, 153.1348422683266]
      -> B/A 1.458
  7B:14800 A/A floor: 1.000
  7B:14800 context P0: 51.4 tok/s
  7B:14800 context PL: 66.1 tok/s
  7B:28500 pair 0 A: 70.3 tok/s (prompt 7848 tok) [70.27235315330046, 70.29136864648554]
  7B:28500 pair 0 B: 131.5 tok/s (prompt 7848 tok) [131.33527221124544, 131.61841453705222]
      -> B/A 1.871
  7B:28500 pair 1 B: 131.5 tok/s (prompt 7848 tok) [131.50004210367354, 131.56746602839917]
  7B:28500 pair 1 A: 70.4 tok/s (prompt 7848 tok) [70.38405905459581, 70.33964413821273]
      -> B/A 1.869
  7B:28500 pair 2 A: 70.0 tok/s (prompt 7848 tok) [70.01467690386843, 69.94801816787499]
  7B:28500 pair 2 B: 131.6 tok/s (prompt 7848 tok) [131.49617844473437, 131.63971782101507]
      -> B/A 1.880
  7B:28500 A/A floor: 0.996
  7B:28500 context P0: 39.9 tok/s
  7B:28500 context PL: 61.1 tok/s

# B/A (lane+spec / exact+spec), median of pairs
  7B:14800: 1.4583936394753128  (A/A floor 0.9999681601402691)
  7B:28500: 1.8707080559722202  (A/A floor 0.9957208626975355)
