# preflight OK: loadavg [0.40576171875, 1.27978515625, 1.1796875] · gpu {'driver': '595.91.07', 'name': 'NVIDIA GeForce RTX 2070 SUPER', 'temp_c': 50, 'mem_used_mib': 639, 'mem_total_mib': 8192} · compute apps ['1748, 20 MiB']
  1.5B:7000 pair 0 A: 354.3 tok/s (prompt 1838 tok) [353.11207073242656, 355.43908289135203]
  1.5B:7000 pair 0 B: 356.2 tok/s (prompt 1838 tok) [357.2280236281531, 355.2685312477272]
      -> B/A 1.006
  1.5B:7000 pair 1 B: 357.1 tok/s (prompt 1838 tok) [356.5664313627745, 357.72762829394935]
  1.5B:7000 pair 1 A: 357.3 tok/s (prompt 1838 tok) [357.24618399841245, 357.3147002611467]
      -> B/A 1.000
  1.5B:7000 pair 2 A: 355.0 tok/s (prompt 1838 tok) [354.891754993262, 355.0318903446164]
  1.5B:7000 pair 2 B: 356.8 tok/s (prompt 1838 tok) [356.58754023289345, 357.0384058972176]
      -> B/A 1.005
  1.5B:7000 A/A floor: 1.005
  1.5B:7000 context P0: 165.3 tok/s
  1.5B:7000 context PL: 165.7 tok/s
  1.5B:14800 pair 0 A: 255.9 tok/s (prompt 3998 tok) [255.86558108814214, 255.9950099140252]
  1.5B:14800 pair 0 B: 380.8 tok/s (prompt 3998 tok) [378.99213736803364, 382.5982110662872]
      -> B/A 1.488
  1.5B:14800 pair 1 B: 385.7 tok/s (prompt 3998 tok) [386.5074523748067, 384.8519555286747]
  1.5B:14800 pair 1 A: 257.1 tok/s (prompt 3998 tok) [257.55238705769716, 256.6885288133421]
      -> B/A 1.500
  1.5B:14800 pair 2 A: 258.1 tok/s (prompt 3998 tok) [258.35915671241554, 257.87322781216324]
  1.5B:14800 pair 2 B: 381.9 tok/s (prompt 3998 tok) [381.1947685124825, 382.64828364935215]
      -> B/A 1.480
  1.5B:14800 A/A floor: 0.998
  1.5B:14800 context P0: 122.4 tok/s
  1.5B:14800 context PL: 192.9 tok/s
  1.5B:28500 pair 0 A: 165.7 tok/s (prompt 7848 tok) [165.801157506865, 165.6624701265083]
  1.5B:28500 pair 0 B: 316.6 tok/s (prompt 7848 tok) [315.22048733116816, 317.9272235025282]
      -> B/A 1.910
  1.5B:28500 pair 1 B: 317.6 tok/s (prompt 7848 tok) [316.8210266966438, 318.3169405160384]
  1.5B:28500 pair 1 A: 165.6 tok/s (prompt 7848 tok) [165.7162032261114, 165.49806067950485]
      -> B/A 1.918
  1.5B:28500 pair 2 A: 165.6 tok/s (prompt 7848 tok) [165.7633168882984, 165.51785875884343]
  1.5B:28500 pair 2 B: 316.9 tok/s (prompt 7848 tok) [321.1272853067339, 312.64068872797236]
      -> B/A 1.913
  1.5B:28500 A/A floor: 1.005
  1.5B:28500 context P0: 84.6 tok/s
  1.5B:28500 context PL: 169.8 tok/s

# B/A (lane+spec / exact+spec), median of pairs
  1.5B:7000: 1.0052150689958645  (A/A floor 1.0048573759194994)
  1.5B:14800: 1.4878862757205236  (A/A floor 0.9977495776998797)
  1.5B:28500: 1.9130817584086115  (A/A floor 1.0050387254230906)
