# preflight OK: loadavg [0.00048828125, 0.12744140625, 0.1357421875] · gpu {'driver': '595.91.07', 'name': 'NVIDIA GeForce RTX 2070 SUPER', 'temp_c': 51, 'mem_used_mib': 501, 'mem_total_mib': 8192} · compute apps ['1777, 16 MiB']
# 48 cells: 4 geometries x 6 depths x 2 arms
  [1/48] 0.5B:128 on: 332.83 tok/s (spread 2.92) · elapsed 0.2m eta 8.7m
  [2/48] 0.5B:128 off: 326.23 tok/s (spread 6.18) · elapsed 0.4m eta 8.5m
      -> ratio 1.020
  [3/48] 0.5B:256 on: 302.71 tok/s (spread 11.76) · elapsed 0.6m eta 8.6m
  [4/48] 0.5B:256 off: 308.46 tok/s (spread 2.52) · elapsed 0.8m eta 8.5m
      -> ratio 0.981
  [5/48] 0.5B:512 on: 302.10 tok/s (spread 3.82) · elapsed 1.0m eta 8.7m
  [6/48] 0.5B:512 off: 296.22 tok/s (spread 6.33) · elapsed 1.2m eta 8.7m
      -> ratio 1.020
  [7/48] 0.5B:1024 on: 294.97 tok/s (spread 7.20) · elapsed 1.5m eta 9.0m
  [8/48] 0.5B:1024 off: 295.32 tok/s (spread 5.77) · elapsed 1.8m eta 9.2m
      -> ratio 0.999
  [9/48] 0.5B:2048 on: 251.53 tok/s (spread 1.77) · elapsed 2.3m eta 10.2m
  [10/48] 0.5B:2048 off: 252.88 tok/s (spread 2.21) · elapsed 2.8m eta 10.8m
      -> ratio 0.995
  [11/48] 0.5B:3900 on: 203.02 tok/s (spread 0.32) · elapsed 3.8m eta 12.9m
  [12/48] 0.5B:3900 off: 182.19 tok/s (spread 0.04) · elapsed 4.9m eta 14.6m
      -> ratio 1.114
  [13/48] 1.5B:128 off: 220.11 tok/s (spread 1.31) · elapsed 5.1m eta 13.9m
  [14/48] 1.5B:128 on: 221.88 tok/s (spread 1.16) · elapsed 5.4m eta 13.2m
      -> ratio 1.008
  [15/48] 1.5B:256 off: 214.78 tok/s (spread 0.68) · elapsed 5.8m eta 12.7m
  [16/48] 1.5B:256 on: 211.28 tok/s (spread 1.06) · elapsed 6.1m eta 12.2m
      -> ratio 0.984
  [17/48] 1.5B:512 off: 196.43 tok/s (spread 1.64) · elapsed 6.4m eta 11.7m
  [18/48] 1.5B:512 on: 198.23 tok/s (spread 0.72) · elapsed 6.8m eta 11.3m
      -> ratio 1.009
  [19/48] 1.5B:1024 off: 171.05 tok/s (spread 0.10) · elapsed 7.3m eta 11.1m
  [20/48] 1.5B:1024 on: 185.32 tok/s (spread 1.88) · elapsed 7.8m eta 10.9m
      -> ratio 1.083
  [21/48] 1.5B:2048 off: 133.37 tok/s (spread 0.10) · elapsed 8.8m eta 11.3m
  [22/48] 1.5B:2048 on: 159.14 tok/s (spread 0.63) · elapsed 9.7m eta 11.4m
      -> ratio 1.193
  [23/48] 1.5B:3900 off: 95.98 tok/s (spread 0.10) · elapsed 11.6m eta 12.6m
  [24/48] 1.5B:3900 on: 122.94 tok/s (spread 0.05) · elapsed 13.5m eta 13.5m
      -> ratio 1.281
  [25/48] gemma3-1b:128 on: 173.73 tok/s (spread 6.95) · elapsed 13.7m eta 12.6m
  [26/48] gemma3-1b:128 off: 173.65 tok/s (spread 2.29) · elapsed 13.9m eta 11.8m
      -> ratio 1.001
  [27/48] gemma3-1b:256 on: 177.66 tok/s (spread 0.84) · elapsed 14.2m eta 11.1m
  [28/48] gemma3-1b:256 off: 174.19 tok/s (spread 3.87) · elapsed 14.5m eta 10.4m
      -> ratio 1.020
  [29/48] gemma3-1b:512 on: 163.67 tok/s (spread 5.86) · elapsed 14.8m eta 9.7m
  [30/48] gemma3-1b:512 off: 168.09 tok/s (spread 7.63) · elapsed 15.1m eta 9.0m
      -> ratio 0.974
  [31/48] gemma3-1b:1024 on: 169.21 tok/s (spread 0.98) · elapsed 15.5m eta 8.5m
  [32/48] gemma3-1b:1024 off: 169.83 tok/s (spread 0.72) · elapsed 15.9m eta 7.9m
      -> ratio 0.996
  [33/48] gemma3-1b:2048 on: 157.34 tok/s (spread 0.11) · elapsed 16.4m eta 7.5m
  [34/48] gemma3-1b:2048 off: 158.29 tok/s (spread 3.38) · elapsed 17.0m eta 7.0m
      -> ratio 0.994
  [35/48] gemma3-1b:3900 on: 165.97 tok/s (spread 0.80) · elapsed 17.9m eta 6.7m
  [36/48] gemma3-1b:3900 off: 144.28 tok/s (spread 0.00) · elapsed 18.9m eta 6.3m
      -> ratio 1.150
  [37/48] phi3-mini:128 off: 124.80 tok/s (spread 0.05) · elapsed 19.3m eta 5.7m
  [38/48] phi3-mini:128 on: 124.82 tok/s (spread 0.01) · elapsed 19.7m eta 5.2m
      -> ratio 1.000
  [39/48] phi3-mini:256 off: 120.35 tok/s (spread 0.11) · elapsed 20.3m eta 4.7m
  [40/48] phi3-mini:256 on: 120.40 tok/s (spread 0.05) · elapsed 20.8m eta 4.2m
      -> ratio 1.000
  [41/48] phi3-mini:512 off: 112.49 tok/s (spread 0.06) · elapsed 21.5m eta 3.7m
  [42/48] phi3-mini:512 on: 112.59 tok/s (spread 0.08) · elapsed 22.2m eta 3.2m
      -> ratio 1.001
  [43/48] phi3-mini:1024 off: 98.29 tok/s (spread 0.06) · elapsed 23.5m eta 2.7m
  [44/48] phi3-mini:1024 on: 98.19 tok/s (spread 0.12) · elapsed 24.9m eta 2.3m
      -> ratio 0.999
  [45/48] phi3-mini:2048 off: 78.18 tok/s (spread 0.08) · elapsed 28.6m eta 1.9m
  [46/48] phi3-mini:2048 on: 78.19 tok/s (spread 0.09) · elapsed 32.3m eta 1.4m
      -> ratio 1.000
  [47/48] phi3-mini:3900 off: 56.25 tok/s (spread 0.02) · elapsed 42.7m eta 0.9m
  [48/48] phi3-mini:3900 on: 56.26 tok/s (spread 0.02) · elapsed 53.2m eta 0.0m
      -> ratio 1.000

# ratios (ON / OFF; >1 means split-KV wins)  [53.2 min]
| geometry | 128 | 256 | 512 | 1024 | 2048 | 3900 |
|---|---|---|---|---|---|---|
| 0.5B | 1.020 | 0.981 | 1.020 | 0.999 | 0.995 | 1.114 |
| 1.5B | 1.008 | 0.984 | 1.009 | 1.083 | 1.193 | 1.281 |
| gemma3-1b | 1.001 | 1.020 | 0.974 | 0.996 | 0.994 | 1.150 |
| phi3-mini | 1.000 | 1.000 | 1.001 | 0.999 | 1.000 | 1.000 |

raw cells: docs/measurements/b6-splitkv-bb42106.json
