=== 16:12:40 ARM=BASELINE48 slots=48 startload=0.76 2.56 2.32 1/766 151074 ===
LOADSAMPLE 16:12:40 0.76 2.56 2.32 2/768 151078
=== RUN   TestGemma4_26B_cache_B
LOADSAMPLE 16:12:55 2.38 2.81 2.41 26/816 151201
LOADSAMPLE 16:13:10 5.53 3.49 2.64 12/816 151205
LOADSAMPLE 16:13:25 6.95 3.92 2.79 2/816 151209
LOADSAMPLE 16:13:40 5.77 3.81 2.77 2/816 151216
LOADSAMPLE 16:13:55 4.86 3.70 2.75 3/816 151219
LOADSAMPLE 16:14:10 4.07 3.59 2.73 2/823 151229
LOADSAMPLE 16:14:25 3.39 3.46 2.70 2/823 151232
LOADSAMPLE 16:14:41 2.86 3.34 2.67 3/821 151239
LOADSAMPLE 16:14:56 2.45 3.22 2.65 2/821 151242
LOADSAMPLE 16:15:11 2.13 3.11 2.62 2/822 151246
LOADSAMPLE 16:15:26 2.17 3.07 2.62 2/822 151250
LOADSAMPLE 16:15:41 1.98 2.99 2.59 3/820 151257
LOADSAMPLE 16:15:56 2.40 3.04 2.62 2/820 151261
LOADSAMPLE 16:16:11 2.09 2.94 2.59 2/820 151264
LOADSAMPLE 16:16:26 2.15 2.91 2.59 2/820 151267
LOADSAMPLE 16:16:41 2.13 2.86 2.58 1/820 151274
LOADSAMPLE 16:16:56 1.95 2.79 2.56 3/821 151278
LOADSAMPLE 16:17:12 1.81 2.71 2.54 2/820 151282
LOADSAMPLE 16:17:27 1.69 2.65 2.52 1/820 151287
LOADSAMPLE 16:17:42 1.61 2.58 2.50 3/820 151294
LOADSAMPLE 16:17:57 1.55 2.52 2.48 1/820 151298
LOADSAMPLE 16:18:12 1.78 2.53 2.48 1/819 151302
[cuda] C′ cache: 48 slots/layer would need 4.9 GB VRAM but only 3.6 GB free — capping to 30 (3.1 GB)
    gemma4_26b_cache_test.go:87: loaded 26B resident + C′ staging in 5m35s (11.4 GB experts host-pinned; ~0.7 GB slots + ~1.3 GB core in VRAM)
    gemma4_26b_cache_test.go:159: B′ OK — 26B resident via C′ (30 slots/layer): 64 tok, distinct-trigram 0.789, 65 ms/tok (15.44 tok/s — capture OFF; sync H2D; informative capability number, NOT a same-machine benchmark)
          cont: "The capital of France is **Paris**.\n\nIt is famous for its-\n* **Iconic Landmarks:** It is home to world-famous landmarks like the Eiffel Tower, the Louvre Museum, the Arc de Triomphes, and the Notre-Dामe.\n* **Culture and Art:** It is a"
    gemma4_26b_cache_test.go:162: C′ cache: 16611 hits / 5229 misses = 76.1% hit rate (each hit is one skipped expert DMA; nSlots=30, topK=8, nE=128) — set GOINFER_MOE_CACHE_SLOTS>topK for cross-token reuse
--- PASS: TestGemma4_26B_cache_B (342.52s)
PASS
ok  	github.com/townsendmerino/goinfer/cuda	345.196s
=== 16:18:26 ARM=BASELINE48 END endload=2.05 2.55 2.49 1/763 151306 ===
=== 16:19:26 ARM=G4ZERO48 slots=48 startload=0.80 2.10 2.33 1/762 151327 ===
LOADSAMPLE 16:19:26 0.80 2.10 2.33 2/764 151331
=== RUN   TestGemma4_26B_cache_B
LOADSAMPLE 16:19:41 2.40 2.37 2.42 15/815 151460
LOADSAMPLE 16:19:56 5.63 3.09 2.65 14/816 151464
LOADSAMPLE 16:20:12 6.59 3.44 2.78 2/816 151467
LOADSAMPLE 16:20:27 5.42 3.34 2.75 2/816 151470
LOADSAMPLE 16:20:42 4.51 3.24 2.73 3/816 151477
LOADSAMPLE 16:20:57 3.80 3.14 2.71 4/816 151480
LOADSAMPLE 16:21:12 3.26 3.06 2.68 2/823 151490
LOADSAMPLE 16:21:27 2.84 2.97 2.66 3/823 151493
LOADSAMPLE 16:21:42 2.57 2.91 2.64 3/823 151500
LOADSAMPLE 16:21:57 2.59 2.89 2.64 2/823 151504
LOADSAMPLE 16:22:13 2.63 2.88 2.65 6/823 151508
LOADSAMPLE 16:22:28 2.49 2.84 2.63 1/824 151513
LOADSAMPLE 16:22:43 2.23 2.77 2.61 1/823 151520
LOADSAMPLE 16:22:58 2.72 2.84 2.64 1/824 151524
LOADSAMPLE 16:23:13 2.41 2.77 2.62 2/823 151528
LOADSAMPLE 16:23:28 2.10 2.68 2.59 2/823 151531
[cuda] C′ cache: 48 slots/layer would need 4.9 GB VRAM but only 3.6 GB free — capping to 30 (3.1 GB)
    gemma4_26b_cache_test.go:87: loaded 26B resident + C′ staging in 4m5s (11.4 GB experts host-pinned; ~0.7 GB slots + ~1.3 GB core in VRAM)
    gemma4_26b_cache_test.go:159: B′ OK — 26B resident via C′ (30 slots/layer): 64 tok, distinct-trigram 0.789, 64 ms/tok (15.51 tok/s — capture OFF; sync H2D; informative capability number, NOT a same-machine benchmark)
          cont: "The capital of France is **Paris**.\n\nIt is famous for its-\n* **Iconic Landmarks:** It is home to world-famous landmarks like the Eiffel Tower, the Louvre Museum, the Arc de Triomphes, and the Notre-Dामe.\n* **Culture and Art:** It is a"
    gemma4_26b_cache_test.go:162: C′ cache: 16611 hits / 5229 misses = 76.1% hit rate (each hit is one skipped expert DMA; nSlots=30, topK=8, nE=128) — set GOINFER_MOE_CACHE_SLOTS>topK for cross-token reuse
--- PASS: TestGemma4_26B_cache_B (252.21s)
PASS
ok  	github.com/townsendmerino/goinfer/cuda	255.339s
=== 16:23:43 ARM=G4ZERO48 END endload=2.46 2.73 2.61 1/765 151541 ===
=== 16:25:03 ARM=BASELINE16 slots=16 startload=0.67 2.10 2.40 1/762 151566 ===
LOADSAMPLE 16:25:03 0.67 2.10 2.40 2/764 151570
=== RUN   TestGemma4_26B_cache_B
LOADSAMPLE 16:25:18 2.02 2.31 2.46 15/813 151694
LOADSAMPLE 16:25:33 5.00 2.94 2.66 16/814 151698
LOADSAMPLE 16:25:48 6.27 3.33 2.80 2/813 151706
LOADSAMPLE 16:26:03 5.17 3.23 2.77 3/813 151709
LOADSAMPLE 16:26:18 4.31 3.14 2.75 3/813 151712
LOADSAMPLE 16:26:33 3.65 3.05 2.72 2/820 151722
LOADSAMPLE 16:26:48 3.22 2.98 2.71 2/820 151729
LOADSAMPLE 16:27:03 2.81 2.90 2.68 3/820 151732
LOADSAMPLE 16:27:18 2.54 2.84 2.67 2/820 151737
LOADSAMPLE 16:27:34 2.27 2.76 2.65 2/819 151740
LOADSAMPLE 16:27:49 2.36 2.75 2.64 3/819 151748
LOADSAMPLE 16:28:05 2.64 2.79 2.66 5/819 151751
LOADSAMPLE 16:28:20 2.35 2.72 2.64 2/819 151755
LOADSAMPLE 16:28:35 3.03 2.85 2.68 1/819 151759
LOADSAMPLE 16:28:50 3.20 2.90 2.70 2/819 151766
LOADSAMPLE 16:29:05 2.71 2.81 2.67 2/819 151769
LOADSAMPLE 16:29:20 2.40 2.74 2.65 2/819 151772
LOADSAMPLE 16:29:35 2.09 2.65 2.62 2/819 151775
LOADSAMPLE 16:29:50 1.92 2.58 2.60 2/819 151782
LOADSAMPLE 16:30:05 1.79 2.52 2.58 3/819 151785
LOADSAMPLE 16:30:20 1.62 2.45 2.56 1/819 151789
    gemma4_26b_cache_test.go:87: loaded 26B resident + C′ staging in 5m20s (11.4 GB experts host-pinned; ~0.7 GB slots + ~1.3 GB core in VRAM)
    gemma4_26b_cache_test.go:159: B′ OK — 26B resident via C′ (16 slots/layer): 64 tok, distinct-trigram 0.789, 86 ms/tok (11.61 tok/s — capture OFF; sync H2D; informative capability number, NOT a same-machine benchmark)
          cont: "The capital of France is **Paris**.\n\nIt is famous for its-\n* **Iconic Landmarks:** It is home to world-famous landmarks like the Eiffel Tower, the Louvre Museum, the Arc de Triomphes, and the Notre-Dामe.\n* **Culture and Art:** It is a"
    gemma4_26b_cache_test.go:162: C′ cache: 12524 hits / 9316 misses = 57.3% hit rate (each hit is one skipped expert DMA; nSlots=16, topK=8, nE=128) — set GOINFER_MOE_CACHE_SLOTS>topK for cross-token reuse
--- PASS: TestGemma4_26B_cache_B (329.77s)
PASS
LOADSAMPLE 16:30:35 1.92 2.47 2.56 3/797 151793
ok  	github.com/townsendmerino/goinfer/cuda	332.824s
=== 16:30:36 ARM=BASELINE16 END endload=1.92 2.47 2.56 1/764 151796 ===
=== 16:31:37 ARM=G4ZERO16 slots=16 startload=0.80 2.05 2.41 1/762 151817 ===
LOADSAMPLE 16:31:37 0.80 2.05 2.41 2/764 151821
=== RUN   TestGemma4_26B_cache_B
LOADSAMPLE 16:31:52 2.96 2.45 2.53 15/811 151945
LOADSAMPLE 16:32:07 6.51 3.26 2.80 14/812 151949
LOADSAMPLE 16:32:22 8.86 3.93 3.03 3/812 151954
LOADSAMPLE 16:32:37 7.12 3.79 2.99 3/812 151957
LOADSAMPLE 16:32:52 5.76 3.65 2.96 2/812 151965
LOADSAMPLE 16:33:07 4.79 3.54 2.93 3/812 151969
LOADSAMPLE 16:33:22 4.10 3.44 2.91 2/819 151979
LOADSAMPLE 16:33:37 3.41 3.32 2.88 2/819 151982
LOADSAMPLE 16:33:52 2.95 3.23 2.85 2/819 151991
LOADSAMPLE 16:34:07 2.75 3.17 2.84 2/819 151994
LOADSAMPLE 16:34:22 2.36 3.06 2.81 2/819 151997
LOADSAMPLE 16:34:37 2.13 2.97 2.79 2/819 152000
LOADSAMPLE 16:34:52 1.95 2.89 2.76 2/819 152007
LOADSAMPLE 16:35:07 2.42 2.95 2.78 5/819 152010
LOADSAMPLE 16:35:22 2.18 2.87 2.76 2/820 152014
LOADSAMPLE 16:35:37 2.29 2.86 2.76 1/819 152017
LOADSAMPLE 16:35:53 2.14 2.80 2.74 1/818 152024
LOADSAMPLE 16:36:08 2.05 2.74 2.72 1/818 152027
LOADSAMPLE 16:36:23 1.89 2.67 2.70 1/818 152030
LOADSAMPLE 16:36:38 1.86 2.62 2.68 1/818 152033
    gemma4_26b_cache_test.go:87: loaded 26B resident + C′ staging in 5m6s (11.4 GB experts host-pinned; ~0.7 GB slots + ~1.3 GB core in VRAM)
    gemma4_26b_cache_test.go:159: B′ OK — 26B resident via C′ (16 slots/layer): 64 tok, distinct-trigram 0.789, 86 ms/tok (11.67 tok/s — capture OFF; sync H2D; informative capability number, NOT a same-machine benchmark)
          cont: "The capital of France is **Paris**.\n\nIt is famous for its-\n* **Iconic Landmarks:** It is home to world-famous landmarks like the Eiffel Tower, the Louvre Museum, the Arc de Triomphes, and the Notre-Dामe.\n* **Culture and Art:** It is a"
    gemma4_26b_cache_test.go:162: C′ cache: 12524 hits / 9316 misses = 57.3% hit rate (each hit is one skipped expert DMA; nSlots=16, topK=8, nE=128) — set GOINFER_MOE_CACHE_SLOTS>topK for cross-token reuse
--- PASS: TestGemma4_26B_cache_B (314.93s)
PASS
LOADSAMPLE 16:36:53 1.83 2.58 2.66 2/796 152044
ok  	github.com/townsendmerino/goinfer/cuda	318.499s
=== 16:36:56 ARM=G4ZERO16 END endload=1.84 2.57 2.66 1/764 152047 ===
=== 16:36:56 DONE ===
