=== 16:56:57 slots=48 startload=0.00 0.11 0.79 1/758 159342 ===
=== RUN   TestGemma4_26B_cache_B
[cuda] C′ cache: 48 slots/layer would need 4.9 GB VRAM but only 3.6 GB free — capping to 30 (3.1 GB)
    gemma4_26b_cache_test.go:87: loaded 26B resident + C′ staging in 4m44s (11.4 GB experts host-pinned; ~0.7 GB slots + ~1.3 GB core in VRAM)
    gemma4_26b_cache_test.go:159: B′ OK — 26B resident via C′ (30 slots/layer): 64 tok, distinct-trigram 0.789, 63 ms/tok (15.98 tok/s — capture OFF; sync H2D; informative capability number, NOT a same-machine benchmark)
          cont: "The capital of France is **Paris**.\n\nIt is famous for its-\n* **Iconic Landmarks:** It is home to world-famous landmarks like the Eiffel Tower, the Louvre Museum, the Arc de Triomphes, and the Notre-Dामe.\n* **Culture and Art:** It is a"
    gemma4_26b_cache_test.go:162: C′ cache: 16611 hits / 5229 misses = 76.1% hit rate (each hit is one skipped expert DMA; nSlots=30, topK=8, nE=128) — set GOINFER_MOE_CACHE_SLOTS>topK for cross-token reuse
    gemma4_26b_cache_test.go:174: C′ ROUND TRIP over 2730 calls: stall 15ms (0.4% of decode) + host 107ms (2.7%) + dma 1.808s (45.1%) = 1.929s (48.2%); per call 707µs; per token 30.14 ms of a 62.60 ms token
--- PASS: TestGemma4_26B_cache_B (291.39s)
PASS
ok  	github.com/townsendmerino/goinfer/cuda	294.260s
=== 17:03:14 slots=16 startload=0.69 1.78 1.55 1/760 159738 ===
=== RUN   TestGemma4_26B_cache_B
    gemma4_26b_cache_test.go:87: loaded 26B resident + C′ staging in 4m32s (11.4 GB experts host-pinned; ~0.7 GB slots + ~1.3 GB core in VRAM)
    gemma4_26b_cache_test.go:159: B′ OK — 26B resident via C′ (16 slots/layer): 64 tok, distinct-trigram 0.789, 84 ms/tok (11.88 tok/s — capture OFF; sync H2D; informative capability number, NOT a same-machine benchmark)
          cont: "The capital of France is **Paris**.\n\nIt is famous for its-\n* **Iconic Landmarks:** It is home to world-famous landmarks like the Eiffel Tower, the Louvre Museum, the Arc de Triomphes, and the Notre-Dामe.\n* **Culture and Art:** It is a"
    gemma4_26b_cache_test.go:162: C′ cache: 12524 hits / 9316 misses = 57.3% hit rate (each hit is one skipped expert DMA; nSlots=16, topK=8, nE=128) — set GOINFER_MOE_CACHE_SLOTS>topK for cross-token reuse
    gemma4_26b_cache_test.go:174: C′ ROUND TRIP over 2730 calls: stall 15ms (0.3% of decode) + host 108ms (2.0%) + dma 3.227s (59.9%) = 3.35s (62.2%); per call 1.227ms; per token 52.35 ms of a 84.17 ms token
--- PASS: TestGemma4_26B_cache_B (280.88s)
PASS
ok  	github.com/townsendmerino/goinfer/cuda	284.215s
=== 17:08:00 DONE ===
