=== RUN   TestMoEPerLayerHitRate
[cuda] C′ cache: 64 slots/layer would need 6.5 GB VRAM but only 3.4 GB free — capping to 29 (3.0 GB)
    moe_perlayer_hitrate_test.go:57: loaded 26B .giw in 1m6s, cacheSlots=29 (per layer, auto-capped to free VRAM)
    moe_perlayer_hitrate_test.go:80: generated 200 tokens in 4.804s (41.63 tok/s)
    moe_perlayer_hitrate_test.go:118: per-layer hit rate over 30 MoE layers, 29 slots/layer:
    moe_perlayer_hitrate_test.go:120:   layer 10:  94.38% (1510 hits / 90 misses)
    moe_perlayer_hitrate_test.go:120:   layer 11:  94.56% (1513 hits / 87 misses)
    moe_perlayer_hitrate_test.go:120:   layer 17:  95.75% (1532 hits / 68 misses)
    moe_perlayer_hitrate_test.go:120:   layer 25:  96.06% (1537 hits / 63 misses)
    moe_perlayer_hitrate_test.go:120:   layer  0:  96.44% (1543 hits / 57 misses)
    moe_perlayer_hitrate_test.go:120:   layer 23:  96.44% (1543 hits / 57 misses)
    moe_perlayer_hitrate_test.go:120:   layer 20:  96.44% (1543 hits / 57 misses)
    moe_perlayer_hitrate_test.go:120:   layer 28:  96.50% (1544 hits / 56 misses)
    moe_perlayer_hitrate_test.go:120:   layer 21:  96.50% (1544 hits / 56 misses)
    moe_perlayer_hitrate_test.go:120:   layer 26:  96.50% (1544 hits / 56 misses)
    moe_perlayer_hitrate_test.go:120:   layer 18:  96.56% (1545 hits / 55 misses)
    moe_perlayer_hitrate_test.go:120:   layer 29:  96.69% (1547 hits / 53 misses)
    moe_perlayer_hitrate_test.go:120:   layer 24:  96.88% (1550 hits / 50 misses)
    moe_perlayer_hitrate_test.go:120:   layer 22:  97.06% (1553 hits / 47 misses)
    moe_perlayer_hitrate_test.go:120:   layer 13:  97.06% (1553 hits / 47 misses)
    moe_perlayer_hitrate_test.go:120:   layer 12:  97.19% (1555 hits / 45 misses)
    moe_perlayer_hitrate_test.go:120:   layer 19:  97.19% (1555 hits / 45 misses)
    moe_perlayer_hitrate_test.go:120:   layer  1:  97.19% (1555 hits / 45 misses)
    moe_perlayer_hitrate_test.go:120:   layer 27:  97.25% (1556 hits / 44 misses)
    moe_perlayer_hitrate_test.go:120:   layer  2:  97.31% (1557 hits / 43 misses)
    moe_perlayer_hitrate_test.go:120:   layer 16:  97.38% (1558 hits / 42 misses)
    moe_perlayer_hitrate_test.go:120:   layer  8:  97.44% (1559 hits / 41 misses)
    moe_perlayer_hitrate_test.go:120:   layer 15:  97.50% (1560 hits / 40 misses)
    moe_perlayer_hitrate_test.go:120:   layer  9:  97.50% (1560 hits / 40 misses)
    moe_perlayer_hitrate_test.go:120:   layer  5:  97.50% (1560 hits / 40 misses)
    moe_perlayer_hitrate_test.go:120:   layer 14:  97.62% (1562 hits / 38 misses)
    moe_perlayer_hitrate_test.go:120:   layer  3:  97.81% (1565 hits / 35 misses)
    moe_perlayer_hitrate_test.go:120:   layer  7:  97.88% (1566 hits / 34 misses)
    moe_perlayer_hitrate_test.go:120:   layer  6:  97.88% (1566 hits / 34 misses)
    moe_perlayer_hitrate_test.go:120:   layer  4:  99.00% (1584 hits / 16 misses)
    moe_perlayer_hitrate_test.go:122: overall (pooled) hit rate: 96.91% | per-layer mean 96.91% stdev 0.93 pp | spread [min 94.38%, max 99.00%]
    moe_perlayer_hitrate_test.go:133: VERDICT: spread 4.63 pp — layers are UNEVEN. Lead 4's premise holds; a global pool sized to the same total slot count is worth prototyping next.
--- PASS: TestMoEPerLayerHitRate (73.75s)
PASS
ok  	github.com/townsendmerino/goinfer/cuda	74.003s
