=== RUN   TestP20ExpertLocality
[cuda] C′ cache: 64 slots/layer would need 6.5 GB VRAM but only 1.6 GB free — capping to 10 (1.1 GB)
    p20_expert_locality_test.go:61: loaded gemma4-26b-int4.giw in 45s
=== P20 EXPERT LOCALITY: gemma4-26b-int4.giw, M=8, cacheSlots=10, nE=128, topK=8 ===
layer      rows distinct   row*topK  dupFactor fitsInSlots?
0             8       30         64       2.13           NO
1             8       38         64       1.68           NO
2             8       32         64       2.00           NO
3             8       26         64       2.46           NO
4             8       24         64       2.67           NO
5             8       37         64       1.73           NO
6             8       34         64       1.88           NO
7             8       29         64       2.21           NO
8             8       26         64       2.46           NO
9             8       22         64       2.91           NO
10            8       19         64       3.37           NO
11            8       16         64       4.00           NO
12            8       14         64       4.57           NO
13            8       13         64       4.92           NO
14            8       16         64       4.00           NO
15            8       17         64       3.76           NO
16            8       13         64       4.92           NO
17            8       17         64       3.76           NO
18            8       21         64       3.05           NO
19            8       19         64       3.37           NO
20            8       24         64       2.67           NO
21            8       20         64       3.20           NO
22            8       19         64       3.37           NO
23            8       28         64       2.29           NO
24            8       26         64       2.46           NO
25            8       25         64       2.56           NO
26            8       26         64       2.46           NO
27            8       21         64       3.05           NO
28            8       21         64       3.05           NO
29            8       26         64       2.46           NO
MoE layers=30, worst-case distinct/layer=38 (cacheSlots=10), mean row-to-distinct dup factor=2.98
EXISTING per-row LRU cache, this same prefill: 938 hits / 982 misses (48.9% hit rate) — the headroom expert-major would have to beat
distinct-per-layer distribution: min=13 p25=19 median=24 p75=26 max=38
--- PASS: TestP20ExpertLocality (48.54s)
PASS
