=== RUN   TestR9_s05FoldAB
DECODE TIMING (24 tok, gpu=false): forward 19.4 ms | sample 0.10 ms | logitProc 0.00 ms | embed 0.00 ms /token
DECODE SPLIT: attention 5.23 ms | MLP 11.78 ms | LM head 2.14 ms | residual 0.27 ms /token
DECODE SPLIT MLP: gate+up matmuls 6.87 ms | activation 1.34 ms | down matmul 3.53 ms /token
DECODE SPLIT ATTN: q/k/v matmuls 1.76 ms | rope+KV+scores/softmax/AV core 2.28 ms | o matmul 1.18 ms /token
DECODE TIMING (24 tok, gpu=false): forward 19.4 ms | sample 0.10 ms | logitProc 0.00 ms | embed 0.00 ms /token
DECODE SPLIT: attention 5.10 ms | MLP 11.84 ms | LM head 2.14 ms | residual 0.30 ms /token
DECODE SPLIT MLP: gate+up matmuls 6.92 ms | activation 1.31 ms | down matmul 3.58 ms /token
DECODE SPLIT ATTN: q/k/v matmuls 1.75 ms | rope+KV+scores/softmax/AV core 2.19 ms | o matmul 1.15 ms /token
DECODE TIMING (24 tok, gpu=false): forward 20.8 ms | sample 0.10 ms | logitProc 0.00 ms | embed 0.00 ms /token
DECODE SPLIT: attention 5.47 ms | MLP 12.84 ms | LM head 2.19 ms | residual 0.27 ms /token
DECODE SPLIT MLP: gate+up matmuls 7.58 ms | activation 1.32 ms | down matmul 3.91 ms /token
DECODE SPLIT ATTN: q/k/v matmuls 1.99 ms | rope+KV+scores/softmax/AV core 2.21 ms | o matmul 1.27 ms /token
    r9_s05_fold_ab_test.go:100: pair 0: fold ON 19.38 ms/tok (matmul terms 15.55) | OFF 20.77 ms/tok (matmul terms 16.94) | ON is 1.072x faster on the token, 1.090x on the matmul terms
DECODE TIMING (24 tok, gpu=false): forward 21.3 ms | sample 0.10 ms | logitProc 0.00 ms | embed 0.00 ms /token
DECODE SPLIT: attention 5.57 ms | MLP 13.07 ms | LM head 2.40 ms | residual 0.26 ms /token
DECODE SPLIT MLP: gate+up matmuls 7.68 ms | activation 1.42 ms | down matmul 3.94 ms /token
DECODE SPLIT ATTN: q/k/v matmuls 2.01 ms | rope+KV+scores/softmax/AV core 2.25 ms | o matmul 1.30 ms /token
DECODE TIMING (24 tok, gpu=false): forward 19.2 ms | sample 0.10 ms | logitProc 0.00 ms | embed 0.00 ms /token
DECODE SPLIT: attention 5.08 ms | MLP 11.76 ms | LM head 2.11 ms | residual 0.26 ms /token
DECODE SPLIT MLP: gate+up matmuls 6.83 ms | activation 1.36 ms | down matmul 3.53 ms /token
DECODE SPLIT ATTN: q/k/v matmuls 1.75 ms | rope+KV+scores/softmax/AV core 2.16 ms | o matmul 1.16 ms /token
    r9_s05_fold_ab_test.go:100: pair 1: fold ON 19.21 ms/tok (matmul terms 15.38) | OFF 21.30 ms/tok (matmul terms 17.33) | ON is 1.109x faster on the token, 1.126x on the matmul terms
DECODE TIMING (24 tok, gpu=false): forward 19.7 ms | sample 0.10 ms | logitProc 0.00 ms | embed 0.00 ms /token
DECODE SPLIT: attention 5.14 ms | MLP 12.13 ms | LM head 2.17 ms | residual 0.27 ms /token
DECODE SPLIT MLP: gate+up matmuls 7.14 ms | activation 1.27 ms | down matmul 3.69 ms /token
DECODE SPLIT ATTN: q/k/v matmuls 1.77 ms | rope+KV+scores/softmax/AV core 2.20 ms | o matmul 1.16 ms /token
DECODE TIMING (24 tok, gpu=false): forward 20.3 ms | sample 0.10 ms | logitProc 0.00 ms | embed 0.00 ms /token
DECODE SPLIT: attention 5.37 ms | MLP 12.51 ms | LM head 2.18 ms | residual 0.26 ms /token
DECODE SPLIT MLP: gate+up matmuls 7.38 ms | activation 1.28 ms | down matmul 3.83 ms /token
DECODE SPLIT ATTN: q/k/v matmuls 1.96 ms | rope+KV+scores/softmax/AV core 2.16 ms | o matmul 1.25 ms /token
    r9_s05_fold_ab_test.go:100: pair 2: fold ON 19.71 ms/tok (matmul terms 15.93) | OFF 20.32 ms/tok (matmul terms 16.59) | ON is 1.031x faster on the token, 1.041x on the matmul terms
DECODE TIMING (24 tok, gpu=false): forward 20.6 ms | sample 0.10 ms | logitProc 0.00 ms | embed 0.00 ms /token
DECODE SPLIT: attention 5.51 ms | MLP 12.72 ms | LM head 2.13 ms | residual 0.26 ms /token
DECODE SPLIT MLP: gate+up matmuls 7.44 ms | activation 1.40 ms | down matmul 3.84 ms /token
DECODE SPLIT ATTN: q/k/v matmuls 1.97 ms | rope+KV+scores/softmax/AV core 2.26 ms | o matmul 1.27 ms /token
DECODE TIMING (24 tok, gpu=false): forward 19.1 ms | sample 0.10 ms | logitProc 0.00 ms | embed 0.00 ms /token
DECODE SPLIT: attention 5.06 ms | MLP 11.65 ms | LM head 2.16 ms | residual 0.26 ms /token
DECODE SPLIT MLP: gate+up matmuls 6.81 ms | activation 1.27 ms | down matmul 3.53 ms /token
DECODE SPLIT ATTN: q/k/v matmuls 1.75 ms | rope+KV+scores/softmax/AV core 2.15 ms | o matmul 1.16 ms /token
    r9_s05_fold_ab_test.go:100: pair 3: fold ON 19.14 ms/tok (matmul terms 15.41) | OFF 20.62 ms/tok (matmul terms 16.65) | ON is 1.077x faster on the token, 1.080x on the matmul terms
DECODE TIMING (24 tok, gpu=false): forward 18.9 ms | sample 0.10 ms | logitProc 0.00 ms | embed 0.00 ms /token
DECODE SPLIT: attention 5.04 ms | MLP 11.49 ms | LM head 2.07 ms | residual 0.28 ms /token
DECODE SPLIT MLP: gate+up matmuls 6.63 ms | activation 1.40 ms | down matmul 3.44 ms /token
DECODE SPLIT ATTN: q/k/v matmuls 1.73 ms | rope+KV+scores/softmax/AV core 2.17 ms | o matmul 1.14 ms /token
DECODE TIMING (24 tok, gpu=false): forward 23.6 ms | sample 0.38 ms | logitProc 0.00 ms | embed 0.00 ms /token
DECODE SPLIT: attention 5.57 ms | MLP 14.91 ms | LM head 2.40 ms | residual 0.72 ms /token
DECODE SPLIT MLP: gate+up matmuls 8.48 ms | activation 1.73 ms | down matmul 4.67 ms /token
DECODE SPLIT ATTN: q/k/v matmuls 2.02 ms | rope+KV+scores/softmax/AV core 2.28 ms | o matmul 1.27 ms /token
    r9_s05_fold_ab_test.go:100: pair 4: fold ON 18.88 ms/tok (matmul terms 15.00) | OFF 23.60 ms/tok (matmul terms 18.83) | ON is 1.250x faster on the token, 1.256x on the matmul terms
DECODE TIMING (24 tok, gpu=false): forward 20.1 ms | sample 0.10 ms | logitProc 0.00 ms | embed 0.00 ms /token
DECODE SPLIT: attention 5.34 ms | MLP 12.32 ms | LM head 2.12 ms | residual 0.27 ms /token
DECODE SPLIT MLP: gate+up matmuls 7.26 ms | activation 1.34 ms | down matmul 3.70 ms /token
DECODE SPLIT ATTN: q/k/v matmuls 1.95 ms | rope+KV+scores/softmax/AV core 2.15 ms | o matmul 1.22 ms /token
DECODE TIMING (24 tok, gpu=false): forward 19.1 ms | sample 0.10 ms | logitProc 0.00 ms | embed 0.00 ms /token
DECODE SPLIT: attention 5.02 ms | MLP 11.62 ms | LM head 2.19 ms | residual 0.27 ms /token
DECODE SPLIT MLP: gate+up matmuls 6.79 ms | activation 1.27 ms | down matmul 3.53 ms /token
DECODE SPLIT ATTN: q/k/v matmuls 1.77 ms | rope+KV+scores/softmax/AV core 2.13 ms | o matmul 1.11 ms /token
    r9_s05_fold_ab_test.go:100: pair 5: fold ON 19.10 ms/tok (matmul terms 15.39) | OFF 20.05 ms/tok (matmul terms 16.25) | ON is 1.050x faster on the token, 1.056x on the matmul terms
    r9_s05_fold_ab_test.go:104: S-05 fold end-to-end, 1.5B depth 128: paired ON 19.24 -> OFF 21.11 ms/tok = OFF/ON 1.097x (fold wins 6/6); matmul terms 15.44 -> 17.10 = 1.107x
--- PASS: TestR9_s05FoldAB (15.93s)
PASS
ok  	github.com/townsendmerino/goinfer/decoder	16.374s
