##### arm=exact pattern=b reps=3 16:28:12
=== RUN   TestVisionTowerTiming
[vision] CPU int8 reference computed in 21s and cached at /home/francis/goinfer-logs/vision-cpu-ref-b.bin
[vision] run 0/3 warm-up (discarded): 25.963 s   (elapsed 26s)
[vision] run 1/3 measured: 25.961 s   (elapsed 52s)
[vision] run 2/3 measured: 25.958 s   (elapsed 1m18s)
[vision] run 3/3 measured: 25.957 s   (elapsed 1m44s)
=== VISION TOWER (resident CUDA, 4096 patches, 27 layers): min 25.957  median 25.958  max 25.961 s over 3 runs ===
cosine(resident, CPU int8 reference) = 0.932709
##### arm=exact pattern=a reps=3 16:30:21
=== RUN   TestVisionTowerTiming
[vision] run 0/3 warm-up (discarded): 25.949 s   (elapsed 26s)
[vision] run 1/3 measured: 25.959 s   (elapsed 52s)
[vision] run 2/3 measured: 25.956 s   (elapsed 1m18s)
[vision] run 3/3 measured: 25.964 s   (elapsed 1m44s)
=== VISION TOWER (resident CUDA, 4096 patches, 27 layers): min 25.956  median 25.959  max 25.964 s over 3 runs ===
cosine(resident, CPU int8 reference) = 0.914115
cosine(resident, saved baseline) = 1.00000000  max|diff| = 0.00000
##### arm=bm64 pattern=a reps=5 16:32:10
=== RUN   TestVisionTowerTiming
[vision] run 0/5 warm-up (discarded): 4.217 s   (elapsed 4s)
[vision] run 1/5 measured: 4.197 s   (elapsed 8s)
[vision] run 2/5 measured: 4.200 s   (elapsed 13s)
[vision] run 3/5 measured: 4.202 s   (elapsed 17s)
[vision] run 4/5 measured: 4.203 s   (elapsed 21s)
[vision] run 5/5 measured: 4.197 s   (elapsed 25s)
=== VISION TOWER (resident CUDA, 4096 patches, 27 layers): min 4.197  median 4.200  max 4.203 s over 5 runs ===
cosine(resident, CPU int8 reference) = 0.913292
cosine(resident, saved baseline) = 0.96165673  max|diff| = 30.95877
##### arm=bm128 pattern=a reps=5 16:32:40
=== RUN   TestVisionTowerTiming
[vision] run 0/5 warm-up (discarded): 4.111 s   (elapsed 4s)
[vision] run 1/5 measured: 4.080 s   (elapsed 8s)
[vision] run 2/5 measured: 4.082 s   (elapsed 12s)
[vision] run 3/5 measured: 4.081 s   (elapsed 16s)
[vision] run 4/5 measured: 4.078 s   (elapsed 20s)
[vision] run 5/5 measured: 4.081 s   (elapsed 25s)
=== VISION TOWER (resident CUDA, 4096 patches, 27 layers): min 4.078  median 4.081  max 4.082 s over 5 runs ===
cosine(resident, CPU int8 reference) = 0.913292
cosine(resident, saved baseline) = 0.96165673  max|diff| = 30.95877
##### arm=exact pattern=a reps=3 16:33:09
=== RUN   TestVisionTowerTiming
[vision] run 0/3 warm-up (discarded): 25.962 s   (elapsed 26s)
[vision] run 1/3 measured: 25.956 s   (elapsed 52s)
[vision] run 2/3 measured: 25.963 s   (elapsed 1m18s)
[vision] run 3/3 measured: 25.956 s   (elapsed 1m44s)
=== VISION TOWER (resident CUDA, 4096 patches, 27 layers): min 25.956  median 25.956  max 25.963 s over 3 runs ===
cosine(resident, CPU int8 reference) = 0.914115
cosine(resident, saved baseline) = 1.00000000  max|diff| = 0.00000
##### arm=bm64 pattern=a reps=5 16:34:58
=== RUN   TestVisionTowerTiming
[vision] run 0/5 warm-up (discarded): 4.219 s   (elapsed 4s)
[vision] run 1/5 measured: 4.198 s   (elapsed 8s)
[vision] run 2/5 measured: 4.198 s   (elapsed 13s)
[vision] run 3/5 measured: 4.197 s   (elapsed 17s)
[vision] run 4/5 measured: 4.200 s   (elapsed 21s)
[vision] run 5/5 measured: 4.197 s   (elapsed 25s)
=== VISION TOWER (resident CUDA, 4096 patches, 27 layers): min 4.197  median 4.198  max 4.200 s over 5 runs ===
cosine(resident, CPU int8 reference) = 0.913292
cosine(resident, saved baseline) = 0.96165673  max|diff| = 30.95877
##### arm=bm128 pattern=a reps=5 16:35:28
=== RUN   TestVisionTowerTiming
[vision] run 0/5 warm-up (discarded): 4.106 s   (elapsed 4s)
[vision] run 1/5 measured: 4.079 s   (elapsed 8s)
[vision] run 2/5 measured: 4.083 s   (elapsed 12s)
[vision] run 3/5 measured: 4.082 s   (elapsed 16s)
[vision] run 4/5 measured: 4.078 s   (elapsed 20s)
[vision] run 5/5 measured: 4.077 s   (elapsed 25s)
=== VISION TOWER (resident CUDA, 4096 patches, 27 layers): min 4.077  median 4.079  max 4.083 s over 5 runs ===
cosine(resident, CPU int8 reference) = 0.913292
cosine(resident, saved baseline) = 0.96165673  max|diff| = 30.95877
##### arm=bm64 pattern=b reps=1 16:35:57
=== RUN   TestVisionTowerTiming
[vision] run 0/1 warm-up (discarded): 4.224 s   (elapsed 4s)
[vision] run 1/1 measured: 4.195 s   (elapsed 8s)
=== VISION TOWER (resident CUDA, 4096 patches, 27 layers): min 4.195  median 4.195  max 4.195 s over 1 runs ===
cosine(resident, CPU int8 reference) = 0.929549
cosine(resident, saved baseline) = 0.96613977  max|diff| = 23.53325
##### arm=bm128 pattern=b reps=1 16:36:10
=== RUN   TestVisionTowerTiming
[vision] run 0/1 warm-up (discarded): 4.083 s   (elapsed 4s)
[vision] run 1/1 measured: 4.082 s   (elapsed 8s)
=== VISION TOWER (resident CUDA, 4096 patches, 27 layers): min 4.082  median 4.082  max 4.082 s over 1 runs ===
cosine(resident, CPU int8 reference) = 0.929549
cosine(resident, saved baseline) = 0.96613977  max|diff| = 23.53325
ALLDONE
