[bm128] img0: 5.9s  41 words  "Here's a detailed description of the image:\n\n**Overall Impression:**\n\n"
[bm128] img1: 6.0s  45 words  "Okay, let's break down the image in detail.\n\n**Overall Description:**\n"
[bm128] img2: 5.8s  44 words  "Here's a detailed description of the image:\n\n**Overall Impression:**\n\n"
[bm128] img3: 5.8s  44 words  "Here's a detailed description of the image:\n\n**Overall Impression:** T"
[bm128] img4: 6.3s  49 words  "Okay, here's a detailed description of the image:\n\n**Overall Impressio"
[bm128] img5: 5.8s  45 words  "Here's a detailed description of the image:\n\n**Overall Impression:**\n\n"
[bm128] img6: 5.8s  46 words  "Here's a detailed description of the image:\n\n**Overall Impression:** T"
[bm128] img7: 5.9s  45 words  "Here's a detailed description of the image:\n\n**Overall Impression:**\n\n"
[exact] img0: 28.0s  43 words  "Here's a detailed description of the image:\n\n**Overall Impression:** T"
[exact] img1: 28.2s  43 words  "Okay, let's break down the image you've provided. \n\n**Overall Descript"
[exact] img2: 28.0s  44 words  "Here's a detailed description of the image:\n\n**Overall Impression:**\n\n"
[exact] img3: 28.0s  45 words  "Here's a detailed description of the image:\n\n**Overall Impression:**\n\n"
[exact] img4: 28.5s  46 words  "Okay, let's break down this image in detail. \n\n**Overall Impression:**"
[exact] img5: 28.0s  45 words  "Here's a detailed description of the image:\n\n**Overall Composition:**\n"
[exact] img6: 28.0s  41 words  "Here's a detailed description of the image you sent:\n\n**Overall Impres"
[exact] img7: 27.9s  40 words  "Here's a detailed description of the image:\n\n**Overall:**\n\nThe image i"
[exact] img0#2: 28.0s  43 words  "Here's a detailed description of the image:\n\n**Overall Impression:** T"
[exact] img1#2: 28.1s  43 words  "Okay, let's break down the image you've provided. \n\n**Overall Descript"
[exact] img2#2: 27.9s  44 words  "Here's a detailed description of the image:\n\n**Overall Impression:**\n\n"
[exact] img0: 28.0s  42 words  "Here's a detailed description of the image:\n\n**Overall Impression:**\n\n"
[exact] img1: 28.1s  51 words  "Okay, let's break down the image you've provided.\n\n**Overall Descripti"
[exact] img2: 27.9s  47 words  "Here's a detailed description of the image:\n\n**Overall Impression:**\n\n"
[exact] img3: 27.9s  45 words  "Here's a detailed description of the image:\n\n**Overall Impression:**\n\n"
[exact] img4: 28.4s  46 words  "Okay, here's a detailed description of the image:\n\n**Overall Impressio"
[exact] img5: 27.9s  47 words  "Here's a detailed description of the image:\n\n**Overall Impression:** T"
[exact] img6: 27.9s  43 words  "Here's a detailed description of the image you sent:\n\n**Overall Image:"
[exact] img7: 27.9s  45 words  "Here's a detailed description of the image:\n\n**Overall:**\n\nThe image i"
wrote /tmp/vision-downstream.json
