22:32:07 == MC3 W7 start; tree d2225ec4; { 3.08 2.93 2.67 }
22:32:07 waiting for idle: load1=3.08 (0s)
22:33:08 waiting for idle: load1=2.35 (60s)
22:33:29 idle: load1=1.89
22:33:29 cell old4_1 clients=4 bin=serve-metal-old-9efc3185
[w7-plain] old4_1 clients=4 starting fresh server
[w7-plain] waiting for memory: 91 MB free, want >= 1500 MB (0s/60s)
[w7-plain] waiting for memory: 89 MB free, want >= 1500 MB (2s/60s)
[w7-plain] waiting for memory: 113 MB free, want >= 1500 MB (4s/60s)
[w7-plain] waiting for memory: 116 MB free, want >= 1500 MB (6s/60s)
[w7-plain] waiting for memory: 116 MB free, want >= 1500 MB (9s/60s)
[w7-plain] waiting for memory: 118 MB free, want >= 1500 MB (11s/60s)
[w7-plain] waiting for memory: 177 MB free, want >= 1500 MB (13s/60s)
[w7-plain] waiting for memory: 177 MB free, want >= 1500 MB (15s/60s)
[w7-plain] waiting for memory: 176 MB free, want >= 1500 MB (17s/60s)
[w7-plain] waiting for memory: 167 MB free, want >= 1500 MB (19s/60s)
[w7-plain] waiting for memory: 162 MB free, want >= 1500 MB (22s/60s)
[w7-plain] waiting for memory: 159 MB free, want >= 1500 MB (24s/60s)
[w7-plain] waiting for memory: 156 MB free, want >= 1500 MB (26s/60s)
[w7-plain] waiting for memory: 149 MB free, want >= 1500 MB (28s/60s)
[w7-plain] waiting for memory: 203 MB free, want >= 1500 MB (30s/60s)
[w7-plain] waiting for memory: 204 MB free, want >= 1500 MB (32s/60s)
[w7-plain] waiting for memory: 204 MB free, want >= 1500 MB (34s/60s)
[w7-plain] waiting for memory: 204 MB free, want >= 1500 MB (37s/60s)
[w7-plain] waiting for memory: 209 MB free, want >= 1500 MB (39s/60s)
[w7-plain] waiting for memory: 211 MB free, want >= 1500 MB (41s/60s)
[w7-plain] waiting for memory: 214 MB free, want >= 1500 MB (43s/60s)
[w7-plain] waiting for memory: 237 MB free, want >= 1500 MB (45s/60s)
[w7-plain] waiting for memory: 238 MB free, want >= 1500 MB (47s/60s)
[w7-plain] waiting for memory: 238 MB free, want >= 1500 MB (49s/60s)
[w7-plain] waiting for memory: 238 MB free, want >= 1500 MB (52s/60s)
[w7-plain] waiting for memory: 238 MB free, want >= 1500 MB (54s/60s)
