swap guard (load): not armed for /home/francis/models/gemma-4-e4b-gguf/gemma-4-E4B_q4_0-it.int4.cuda.giw — only a direct .gguf build is watched, so a swap-growing load is not stopped here; the serving watch arms once the server is up
loaded "gemma-4-E4B_q4_0-it": 42-layer model (vocab 262144) in 7.109s [chat: gemma4, thinking: unmanaged]
  decode path: cuda-resident (int4)
  prefill path: batched (weight-stationary CUDA passes of up to 512 rows); exact kernels (the fast levers are not fidelity-gated on Gemma 4 E-models)
  context: 4096 tokens (--ctx; model maximum 131072) · KV f32
  fit: 4096-token cap needs 0.4 GB KV (weights 5.3 GB, budget 40.6 GB, 40.2 GB left for a request's own prefill)
  KV plan: 1 conversation x 4096 positions (--ctx 4096)
  session reuse: on the GPU cache, one conversation — the most recent one's prefix is reused; switching to another conversation re-prefills its whole prompt (--kv-sessions applies to the CPU path only)
  features: tools: parse-only (a named tool_choice cannot be constrained on this template) · structured output
loaded Gemma 4 vision tower for "gemma-4-E4B_q4_0-it" (max 280 soft tokens/image, soft-token id 258880, tower on CPU) from /home/francis/models/gemma-4-E4B-unq
Gemma 4 audio input on for "gemma-4-E4B_q4_0-it" (audio-token id 258881; the tower loads on the first clip, CPU) from /home/francis/models/gemma-4-E4B-unq
"gemma-4-E4B_q4_0-it" concurrency: one generation at a time — -max-concurrent 4 needs a resident that batches decode (a dense family on 2+ resident KV slots, no speculation or adapter)
swap guard: armed, threshold +512 MB over baseline
goinfer serving on http://127.0.0.1:18462 [chat:[gemma-4-E4B_q4_0-it]]
  routes: /v1/chat/completions /v1/completions /v1/responses /v1/messages /v1/embeddings
  web UI: off (-web enables a browser UI at / for chat and model pulls)
warning: no -api-key set — any web page open in your browser can silently send requests to this API while it's running. Set -api-key (or $GOINFER_API_KEY) to require authentication.
request body cap: 24.0 MiB (text) / 56.0 MiB (vision) / 64.0 MiB (embeddings) / 64.0 MiB (batch files) [derived from context window]
audio: loaded the Gemma 4 audio tower for "gemma-4-E4B_q4_0-it" in 583ms
vision: encoded a 11884-byte image in 714ms (sha256 f5686676); a resend of it will skip this
swap guard: baseline 4.68 GB swap-used
vision: decoded 32 tokens on the resident path (prefill resident)
vision: encoded a 75884-byte image in 480ms (sha256 df4fee16); a resend of it will skip this
vision: decoded 32 tokens on the resident path (prefill resident)
vision: encoded a 250678-byte image in 1.549s (sha256 6853844c); a resend of it will skip this
vision: decoded 32 tokens on the resident path (prefill resident)

shutting down…
