swap guard (load): not armed for /Users/francistownsend-merino/models/gemma-4-E4B-it.int4.metal.giw — only a direct .gguf build is watched, so a swap-growing load is not stopped here; the serving watch arms once the server is up
metal: 2 resident KV slots (Metal's default; 4 asked by default, -kv-sessions N keeps N if memory allows)
[metal] weights aliased from gemma-4-E4B-it.int4.metal.giw (GOINFER_METAL_ALIAS=0 to copy instead): 2756 MB bound in place, 1 MB copied (anonymous) — 1881 MB int4 nibbles (168 single tensors + 84 fused groups = 1208 MB) + 640 MB int8 codes (1 matrices) + 235 MB f16 scales; copied: 0 heap-backed, 0 unaligned, 0 fused groups not adjacent, 0 scale sets converted
metal: KV plan: 2 conversation(s) x 4096 positions (0.8 GB left for the vision tower or drafter)
loaded "gemma-4-E4B-it.int4.metal.giw": 42-layer model (vocab 262144) in 1.493s [chat: gemma4, thinking: unmanaged]
  decode path: metal-resident (int4)
  prefill path: batched f16-MMA from 16 prompt tokens (a Gemma 4 E-model, S9 step 2); layer-major on decode's kernels below it (bit-identical to sequential)
  head table: int8
  context: 4096 tokens (backend default; model maximum 131072 — raise with --ctx) · KV f16
  fit: 4096-token cap needs 0.2 GB KV (weights 5.3 GB, budget 5.8 GB, 5.6 GB left for a request's own prefill)
  KV plan: 2 conversations x 4096 positions (4 asked for; 0.9 GB held back for the vision tower)
  session reuse: on the GPU cache, 2 conversations kept resident — each reuses its own prefix; a further one takes the least recently used slot and re-prefills (--kv-sessions not given: Metal keeps 2 by default, and a memory guard may keep fewer; --kv-sessions 4 asks for 4)
  features: tools: parse-only (a named tool_choice cannot be constrained on this template) · structured output
loaded Gemma 4 vision tower for "gemma-4-E4B-it.int4.metal.giw" (max 280 soft tokens/image, soft-token id 258880, tower on Metal) from /Users/francistownsend-merino/models/gemma-4-E4B-it
Gemma 4 audio input on for "gemma-4-E4B-it.int4.metal.giw" (audio-token id 258881; the tower loads on the first clip, Metal (the conformer blocks; subsample and tail on the CPU)) from /Users/francistownsend-merino/models/gemma-4-E4B-it
"gemma-4-E4B-it.int4.metal.giw" concurrency: one generation at a time — -max-concurrent 4 needs a resident that batches decode (a dense family on 2+ resident KV slots, no speculation or adapter)
swap guard: armed, threshold +512 MB over baseline
goinfer serving on http://127.0.0.1:18610 [chat:[gemma-4-E4B-it.int4.metal.giw]]
  routes: /v1/chat/completions /v1/completions /v1/responses /v1/messages /v1/embeddings
  web UI: off (-web enables a browser UI at / for chat and model pulls)
warning: no -api-key set — any web page open in your browser can silently send requests to this API while it's running. Set -api-key (or $GOINFER_API_KEY) to require authentication.
request body cap: 24.0 MiB (text) / 56.0 MiB (vision) / 64.0 MiB (embeddings) / 64.0 MiB (batch files) [derived from context window]
vision: encoded a 284770-byte image in 1.228s (sha256 934d6fba); a resend of it will skip this
swap guard: baseline 0.81 GB swap-used
vision: decoded 8 tokens on the resident path (prefill resident)
vision: encoded a 284521-byte image in 1.246s (sha256 49d85a12); a resend of it will skip this
vision: decoded 8 tokens on the resident path (prefill resident)
vision: encoded a 284513-byte image in 1.245s (sha256 d9165dcd); a resend of it will skip this
vision: decoded 8 tokens on the resident path (prefill resident)
vision: encoded a 284319-byte image in 1.255s (sha256 1641c88e); a resend of it will skip this
vision: decoded 8 tokens on the resident path (prefill resident)

shutting down…
