swap guard (load): not armed for /Users/francistownsend-merino/models/glm-ocr.int4.metal.giw — only a direct .gguf build is watched, so a swap-growing load is not stopped here; the serving watch arms once the server is up
metal: 2 resident KV slots (Metal's default; 4 asked by default, -kv-sessions N keeps N if memory allows)
[metal] weights aliased from glm-ocr.int4.metal.giw (GOINFER_METAL_ALIAS=0 to copy instead): 350 MB bound in place, 0 MB copied (anonymous) — 234 MB int4 nibbles (32 single tensors + 32 fused groups = 156 MB) + 87 MB int8 codes (1 matrices) + 29 MB f16 scales; copied: 0 heap-backed, 0 unaligned, 0 fused groups not adjacent, 0 scale sets converted
metal: KV plan: 2 conversation(s) x 4096 positions (1.5 GB left for the vision tower or drafter)
loaded "glm-ocr": 16-layer model (vocab 59392) in 657ms [chat: glm_ocr]
  decode path: metal-resident (int4)
  prefill path: batched f16-MMA above 16 prompt tokens; sequential below (§3 floor)
  head table: int8
  context: 4096 tokens (backend default; model maximum 131072 — raise with --ctx) · KV f16
  fit: 4096-token cap needs 0.2 GB KV (weights 0.4 GB, budget 6.2 GB, 5.9 GB left for a request's own prefill)
  KV plan: 2 conversations x 4096 positions (4 asked for; 1.6 GB held back for the vision tower)
  session reuse: on the GPU cache, 2 conversations kept resident — each reuses its own prefix; a further one takes the least recently used slot and re-prefills (--kv-sessions not given: Metal keeps 2 by default, and a memory guard may keep fewer; --kv-sessions 4 asks for 4)
  features: tools: parse-only (a named tool_choice cannot be constrained on this template) · structured output
GLM-OCR vision for "glm-ocr": tower (f32, Metal) loads on first image (merge 2, image id 59280, pixel budget 6272..4816896 px = at most 6144 image tokens) from /Users/francistownsend-merino/models/glm-ocr
"glm-ocr" concurrency: one generation at a time — -max-concurrent 4 needs a resident that batches decode (a dense family on 2+ resident KV slots, no speculation or adapter)
swap guard: armed, threshold +512 MB over baseline
goinfer serving on http://127.0.0.1:18610 [chat:[glm-ocr]]
  routes: /v1/chat/completions /v1/completions /v1/responses /v1/messages /v1/embeddings
  web UI: off (-web enables a browser UI at / for chat and model pulls)
warning: no -api-key set — any web page open in your browser can silently send requests to this API while it's running. Set -api-key (or $GOINFER_API_KEY) to require authentication.
request body cap: 48.0 MiB (text) / 80.0 MiB (vision) / 64.0 MiB (embeddings) / 64.0 MiB (batch files) [derived from context window]
swap guard: baseline 0.81 GB swap-used
vision: encoded a 284518-byte image in 5.691s (sha256 46d769b9); a resend of it will skip this
vision: encoded a 284300-byte image in 2.608s (sha256 8debd733); a resend of it will skip this
vision: encoded a 284488-byte image in 2.607s (sha256 faef9fd1); a resend of it will skip this
vision: encoded a 284476-byte image in 2.597s (sha256 e90db3e2); a resend of it will skip this

shutting down…
