03:55:12 == MC3 S2 W7 start; tree 4954f978; { 2.36 3.78 3.25 }
03:55:12 waiting for idle: load1=2.36 (0s)
03:55:33 idle: load1=1.75
03:55:33 cell old4_1 clients=4 bin=serve-metal-new-d2225ec4
[w7-plain] old4_1 clients=4 starting fresh server
[w7-plain] old4_1 clients=4: wall=41.673s aggregate=72.56 tok/s; prefill_reused per client per turn [[0, 157, 311, 466, 618, 766], [0, 157, 311, 466, 618, 766], [0, 157, 311, 466, 618, 766], [0, 157, 263, 418, 570, 718]]
wrote /Users/francistownsend-merino/goinfer-bench/mc3-2026-09-26/w7-s2.json
03:56:15 waiting for idle: load1=2.10 (0s)
03:56:36 idle: load1=1.86
03:56:36 cell new4_1 clients=4 bin=serve-metal-new-4954f978
[w7-plain] resuming: 1 cell(s) already in /Users/francistownsend-merino/goinfer-bench/mc3-2026-09-26/w7-s2.json
[w7-plain] new4_1 clients=4 starting fresh server
[w7-plain] new4_1 clients=4: wall=25.267s aggregate=119.68 tok/s; prefill_reused per client per turn [[0, 157, 311, 466, 618, 766], [0, 157, 311, 466, 618, 766], [0, 157, 311, 466, 618, 766], [0, 157, 263, 418, 570, 718]]
wrote /Users/francistownsend-merino/goinfer-bench/mc3-2026-09-26/w7-s2.json
03:57:02 idle: load1=1.61
03:57:02 cell new4_2 clients=4 bin=serve-metal-new-4954f978
[w7-plain] resuming: 2 cell(s) already in /Users/francistownsend-merino/goinfer-bench/mc3-2026-09-26/w7-s2.json
[w7-plain] new4_2 clients=4 starting fresh server
[w7-plain] new4_2 clients=4: wall=25.258s aggregate=119.72 tok/s; prefill_reused per client per turn [[0, 157, 311, 466, 618, 766], [0, 157, 311, 466, 618, 766], [0, 157, 311, 466, 618, 766], [0, 157, 263, 418, 570, 718]]
wrote /Users/francistownsend-merino/goinfer-bench/mc3-2026-09-26/w7-s2.json
03:57:28 idle: load1=1.54
03:57:28 cell old4_2 clients=4 bin=serve-metal-new-d2225ec4
[w7-plain] resuming: 3 cell(s) already in /Users/francistownsend-merino/goinfer-bench/mc3-2026-09-26/w7-s2.json
[w7-plain] old4_2 clients=4 starting fresh server
[w7-plain] old4_2 clients=4: wall=40.759s aggregate=74.19 tok/s; prefill_reused per client per turn [[0, 157, 311, 466, 618, 766], [0, 157, 311, 466, 618, 766], [0, 157, 311, 466, 618, 766], [0, 157, 263, 418, 570, 718]]
wrote /Users/francistownsend-merino/goinfer-bench/mc3-2026-09-26/w7-s2.json
03:58:10 idle: load1=1.19
03:58:10 cell old4_3 clients=4 bin=serve-metal-new-d2225ec4
[w7-plain] resuming: 4 cell(s) already in /Users/francistownsend-merino/goinfer-bench/mc3-2026-09-26/w7-s2.json
[w7-plain] old4_3 clients=4 starting fresh server
[w7-plain] old4_3 clients=4: wall=40.853s aggregate=74.02 tok/s; prefill_reused per client per turn [[0, 157, 311, 466, 618, 766], [0, 157, 311, 466, 618, 766], [0, 157, 311, 466, 618, 766], [0, 157, 263, 418, 570, 718]]
wrote /Users/francistownsend-merino/goinfer-bench/mc3-2026-09-26/w7-s2.json
03:58:51 idle: load1=0.81
03:58:51 cell new4_3 clients=4 bin=serve-metal-new-4954f978
[w7-plain] resuming: 5 cell(s) already in /Users/francistownsend-merino/goinfer-bench/mc3-2026-09-26/w7-s2.json
[w7-plain] new4_3 clients=4 starting fresh server
[w7-plain] new4_3 clients=4: wall=25.172s aggregate=120.13 tok/s; prefill_reused per client per turn [[0, 157, 311, 466, 618, 766], [0, 157, 311, 466, 618, 766], [0, 157, 311, 466, 618, 766], [0, 157, 263, 418, 570, 718]]
wrote /Users/francistownsend-merino/goinfer-bench/mc3-2026-09-26/w7-s2.json
03:59:17 idle: load1=0.66
03:59:17 cell old1_1 clients=1 bin=serve-metal-new-d2225ec4
[w7-plain] resuming: 6 cell(s) already in /Users/francistownsend-merino/goinfer-bench/mc3-2026-09-26/w7-s2.json
[w7-plain] old1_1 clients=1 starting fresh server
[w7-plain] old1_1 clients=1: wall=10.515s aggregate=73.04 tok/s; prefill_reused per client per turn [[0, 157, 311, 466, 618, 766]]
wrote /Users/francistownsend-merino/goinfer-bench/mc3-2026-09-26/w7-s2.json
03:59:29 idle: load1=0.56
03:59:29 cell new1_1 clients=1 bin=serve-metal-new-4954f978
[w7-plain] resuming: 7 cell(s) already in /Users/francistownsend-merino/goinfer-bench/mc3-2026-09-26/w7-s2.json
[w7-plain] new1_1 clients=1 starting fresh server
[w7-plain] new1_1 clients=1: wall=10.495s aggregate=73.18 tok/s; prefill_reused per client per turn [[0, 157, 311, 466, 618, 766]]
wrote /Users/francistownsend-merino/goinfer-bench/mc3-2026-09-26/w7-s2.json
03:59:40 idle: load1=0.81
03:59:40 cell new1_2 clients=1 bin=serve-metal-new-4954f978
[w7-plain] resuming: 8 cell(s) already in /Users/francistownsend-merino/goinfer-bench/mc3-2026-09-26/w7-s2.json
[w7-plain] new1_2 clients=1 starting fresh server
[w7-plain] new1_2 clients=1: wall=10.472s aggregate=73.34 tok/s; prefill_reused per client per turn [[0, 157, 311, 466, 618, 766]]
wrote /Users/francistownsend-merino/goinfer-bench/mc3-2026-09-26/w7-s2.json
03:59:51 idle: load1=0.77
03:59:51 cell old1_2 clients=1 bin=serve-metal-new-d2225ec4
[w7-plain] resuming: 9 cell(s) already in /Users/francistownsend-merino/goinfer-bench/mc3-2026-09-26/w7-s2.json
[w7-plain] old1_2 clients=1 starting fresh server
[w7-plain] old1_2 clients=1: wall=10.425s aggregate=73.67 tok/s; prefill_reused per client per turn [[0, 157, 311, 466, 618, 766]]
wrote /Users/francistownsend-merino/goinfer-bench/mc3-2026-09-26/w7-s2.json
04:00:02 idle: load1=0.87
04:00:02 cell old1_3 clients=1 bin=serve-metal-new-d2225ec4
[w7-plain] resuming: 10 cell(s) already in /Users/francistownsend-merino/goinfer-bench/mc3-2026-09-26/w7-s2.json
[w7-plain] old1_3 clients=1 starting fresh server
[w7-plain] old1_3 clients=1: wall=10.462s aggregate=73.41 tok/s; prefill_reused per client per turn [[0, 157, 311, 466, 618, 766]]
wrote /Users/francistownsend-merino/goinfer-bench/mc3-2026-09-26/w7-s2.json
04:00:13 idle: load1=0.81
04:00:13 cell new1_3 clients=1 bin=serve-metal-new-4954f978
[w7-plain] resuming: 11 cell(s) already in /Users/francistownsend-merino/goinfer-bench/mc3-2026-09-26/w7-s2.json
[w7-plain] new1_3 clients=1 starting fresh server
[w7-plain] new1_3 clients=1: wall=10.523s aggregate=72.99 tok/s; prefill_reused per client per turn [[0, 157, 311, 466, 618, 766]]
wrote /Users/francistownsend-merino/goinfer-bench/mc3-2026-09-26/w7-s2.json
04:00:25 idle: load1=1.06
04:00:25 cell ref4_1 clients=4 bin=serve-metal-old-9efc3185
[w7-plain] resuming: 12 cell(s) already in /Users/francistownsend-merino/goinfer-bench/mc3-2026-09-26/w7-s2.json
[w7-plain] ref4_1 clients=4 starting fresh server
[w7-plain] ref4_1 clients=4: wall=40.82s aggregate=74.08 tok/s; prefill_reused per client per turn [[0, 157, 311, 466, 618, 766], [0, 157, 311, 466, 618, 766], [0, 157, 311, 466, 618, 766], [0, 157, 263, 418, 570, 718]]
wrote /Users/francistownsend-merino/goinfer-bench/mc3-2026-09-26/w7-s2.json
04:01:06 == DONE
