decoder: context capped at 173157 (model allows 262144) so that KV fits: weights 3.5 GB + KV 34.3 GB of budget 37.9 GB — pass -ctx to choose, or -stream-weights to lift
cuda: resident context 5929, not 16384, so the 4 requested KV slots fit (--kv-sessions); an explicit --ctx keeps a longer context with fewer slots
cuda: 3 resident KV slots of 4 requested — each costs 1204 MB of KV at the resident context 5929, and free VRAM beside the weights (5069 MB, less 384 MB reserved) allows 3
loaded "ministral3-3b-bf16": 26-layer model (vocab 131072) in 16.586s [chat: raw (no template)]
  decode path: cuda-resident (int4)
  prefill path: batched (weight-stationary CUDA passes of up to 512 rows); attention: attn_fused (L2, head dim 64/128, M>=16) else attn_batched (exact)
  context: 5929 tokens (backend default; model maximum 262144 — raise with --ctx) · KV f32
  fit: 173157-token cap needs 34.3 GB KV (weights 1.8 GB, budget 36.3 GB, 1.9 GB left for a request's own prefill)
  session reuse: on the GPU cache, 3 conversations kept resident — each reuses its own prefix; a further one takes the least recently used slot and re-prefills (--kv-sessions 4; the memory guard allowed 3)
  features: no chat template — raw completion only · structured output
  !! tokenizer: pre-tokenizer regex is the unknown alternation, which this build does not walk; this model's token ids differ from HF
"ministral3-3b-bf16" concurrency: 3 generations at once, each on its own resident KV slot, decode tokens batched (-max-concurrent); 4 asked, capped by the 3 resident KV slots (--kv-sessions); a long prompt arriving mid-decode prefills in 512-token chunks (-prefill-chunk)
swap guard: armed, threshold +512 MB over baseline
goinfer serving on http://127.0.0.1:18106 [chat:[ministral3-3b-bf16]]
  routes: /v1/chat/completions /v1/completions /v1/responses /v1/messages /v1/embeddings
  web UI: off (-web enables a browser UI at / for chat and model pulls)
warning: no -api-key set — any web page open in your browser can silently send requests to this API while it's running. Set -api-key (or $GOINFER_API_KEY) to require authentication.
request body cap: 76.0 MiB (text) / 108.0 MiB (vision) / 64.0 MiB (embeddings) / 64.0 MiB (batch files) [derived from context window]

shutting down…
resident batch "ministral3-3b-bf16": 0 runs, 0 batched steps (0 tokens), 0 solo tokens, 0 straggler runs, steps by size [0 0 0 0]
resident batch "ministral3-3b-bf16" time: runs 0.000 s, exclusive 0.000 s (prefill 0 passes 0.000 s, bookkeeping 0.000 s)
