12:35:03 start 17efc946 + uncommitted gemv_s0_test.go; load1=2.33
=== RUN   TestMetalGEMVS0
[gemv-s0    0.5s] streaming read, 512 MB,   65536 threads: 3.372 ms -> 159.2 GB/s
[gemv-s0    0.6s] streaming read, 512 MB,  262144 threads: 3.025 ms -> 177.5 GB/s
[gemv-s0    0.7s] streaming read, 512 MB, 1048576 threads: 2.954 ms -> 181.8 GB/s
[gemv-s0    0.9s] 1.5B qkv      sa   N=2048   K=1536      1.8 MB x64 copies: production 0.025 ms (70 GB/s) | loads-only 0.017 ms (107 GB/s)
[gemv-s0    1.0s] 1.5B o        sa   N=1536   K=1536      1.3 MB x64 copies: production 0.021 ms (64 GB/s) | loads-only 0.014 ms (97 GB/s)
[gemv-s0    1.3s] 1.5B gate/up  sa   N=17920  K=1536     15.5 MB x18 copies: production 0.172 ms (90 GB/s) | loads-only 0.088 ms (176 GB/s)
[gemv-s0    1.6s] 1.5B down     coal N=1536   K=8960      7.7 MB x35 copies: production 0.115 ms (68 GB/s) | loads-only 0.072 ms (108 GB/s)
[gemv-s0    2.0s] 1.5B LM head  w8   N=151936 K=1536    234.0 MB x2  copies: production 1.456 ms (161 GB/s) | loads-only —
[gemv-s0    2.3s] 7B   qkv      sa   N=4608   K=3584      9.3 MB x29 copies: production 0.093 ms (100 GB/s) | loads-only 0.061 ms (152 GB/s)
[gemv-s0    2.6s] 7B   o        sa   N=3584   K=3584      7.2 MB x38 copies: production 0.076 ms (96 GB/s) | loads-only 0.050 ms (144 GB/s)
[gemv-s0    2.9s] 7B   gate/up  sa   N=37888  K=3584     76.4 MB x4  copies: production 0.690 ms (111 GB/s) | loads-only 0.407 ms (187 GB/s)
[gemv-s0    3.2s] 7B   down     coal N=3584   K=18944    38.2 MB x8  copies: production 0.515 ms (74 GB/s) | loads-only 0.300 ms (127 GB/s)
[gemv-s0    3.8s] 7B   LM head  w8   N=152064 K=3584    545.6 MB x1  copies: production 3.339 ms (163 GB/s) | loads-only —

=== decode GEMV S0 (standalone, real shapes, SLC-defeating rotation, median of 7) ===
       category kern         MB   production      GB/s     loads-only      GB/s production / loads-only
  1.5B qkv      sa          1.8     0.025 ms        70       0.017 ms       107 1.53x
  1.5B o        sa          1.3     0.021 ms        64       0.014 ms        97 1.51x
  1.5B gate/up  sa         15.5     0.172 ms        90       0.088 ms       176 1.96x
  1.5B down     coal        7.7     0.115 ms        68       0.072 ms       108 1.60x
  1.5B LM head  w8        234.0     1.456 ms       161              —          
  7B   qkv      sa          9.3     0.093 ms       100       0.061 ms       152 1.52x
  7B   o        sa          7.2     0.076 ms        96       0.050 ms       144 1.51x
  7B   gate/up  sa         76.4     0.690 ms       111       0.407 ms       187 1.69x
  7B   down     coal       38.2     0.515 ms        74       0.300 ms       127 1.71x
  7B   LM head  w8        545.6     3.339 ms       163              —          
--- PASS: TestMetalGEMVS0 (4.19s)
PASS
ok  	github.com/townsendmerino/goinfer/metal	4.668s
