2026-09-26 16:41:17 PDT commit a3b30f49 quant=int8int8 load1=1.97
=== RUN   TestThetaProbe_CPU
    theta_probe_test.go:93: CPU depth= 128  T(1)=    9647 µs  slope=    1251 µs/node  THETA=0.130
    theta_probe_test.go:95:     n= 1  T=     9647 µs  (T(n)/T(1)= 1.00)
    theta_probe_test.go:95:     n= 2  T=    13261 µs  (T(n)/T(1)= 1.37)
    theta_probe_test.go:95:     n= 3  T=    17579 µs  (T(n)/T(1)= 1.82)
    theta_probe_test.go:95:     n= 4  T=    14650 µs  (T(n)/T(1)= 1.52)
    theta_probe_test.go:95:     n= 6  T=    22132 µs  (T(n)/T(1)= 2.29)
    theta_probe_test.go:95:     n= 8  T=    20003 µs  (T(n)/T(1)= 2.07)
    theta_probe_test.go:95:     n=12  T=    25464 µs  (T(n)/T(1)= 2.64)
    theta_probe_test.go:95:     n=16  T=    30740 µs  (T(n)/T(1)= 3.19)
    theta_probe_test.go:93: CPU depth= 512  T(1)=   11004 µs  slope=    1951 µs/node  THETA=0.177
    theta_probe_test.go:95:     n= 1  T=    11004 µs  (T(n)/T(1)= 1.00)
    theta_probe_test.go:95:     n= 2  T=    15055 µs  (T(n)/T(1)= 1.37)
    theta_probe_test.go:95:     n= 3  T=    19913 µs  (T(n)/T(1)= 1.81)
    theta_probe_test.go:95:     n= 4  T=    17575 µs  (T(n)/T(1)= 1.60)
    theta_probe_test.go:95:     n= 6  T=    26206 µs  (T(n)/T(1)= 2.38)
    theta_probe_test.go:95:     n= 8  T=    25753 µs  (T(n)/T(1)= 2.34)
    theta_probe_test.go:95:     n=12  T=    34174 µs  (T(n)/T(1)= 3.11)
    theta_probe_test.go:95:     n=16  T=    42416 µs  (T(n)/T(1)= 3.85)
--- PASS: TestThetaProbe_CPU (3.93s)
PASS
ok  	github.com/townsendmerino/goinfer/decoder	4.221s
