swap guard (load): not armed for /home/francis/models/glm-ocr — only a direct .gguf build is watched, so a swap-growing load is not stopped here; the serving watch arms once the server is up
cuda: resident context 12956, not 16384, so the 4 requested KV slots fit (--kv-sessions); an explicit --ctx keeps a longer context with fewer slots
cuda: resident context 12841, trimmed from 12956 at the build, so the 4 requested KV slots fit beside the weights (6805 MB free, less 384 MB reserved)
[resident] BuildResident declined (ok=false err=resident path declined: cuda: cuda: dense weights need 0.00 GB but only 0.16 GB is free on the device (plus 384 MB reserved for driver and decode scratch) — use a smaller/more-quantized model, or the staged/CPU path) — continuing on the CPU/staged path
[resident] BuildResident declined (ok=false err=resident path declined: cuda: cuda: dense weights need 0.00 GB but only 0.16 GB is free on the device (plus 384 MB reserved for driver and decode scratch) — use a smaller/more-quantized model, or the staged/CPU path) — continuing on the CPU/staged path
[resident] BuildResident declined (ok=false err=resident path declined: cuda: cuda: dense weights need 0.00 GB but only 0.16 GB is free on the device (plus 384 MB reserved for driver and decode scratch) — use a smaller/more-quantized model, or the staged/CPU path) — continuing on the CPU/staged path
[resident] BuildResident declined (ok=false err=resident path declined: cuda: cuda: dense weights need 0.00 GB but only 0.16 GB is free on the device (plus 384 MB reserved for driver and decode scratch) — use a smaller/more-quantized model, or the staged/CPU path) — continuing on the CPU/staged path
loaded "glm-ocr": 16-layer model (vocab 59392) in 2.947s [chat: glm_ocr]
  decode path: cuda-resident (int4)
  prefill path: batched (weight-stationary CUDA passes of up to 512 rows); attention: attn_fused (L2, head dim 64/128, M>=16) else attn_batched (exact)
  context: 12841 tokens (backend default; model maximum 131072 — raise with --ctx) · KV f32
  fit: 12841-token cap needs 1.6 GB KV (weights 0.4 GB, budget 38.7 GB, 37.2 GB left for a request's own prefill)
  session reuse: on the GPU cache, 4 conversations kept resident — each reuses its own prefix; a further one takes the least recently used slot and re-prefills
  features: tools: parse-only (a named tool_choice cannot be constrained on this template) · structured output
GLM-OCR vision for "glm-ocr": tower (f32, CPU) loads on first image (merge 2, image id 59280, pixel budget 6272..4816896 px = at most 6144 image tokens) from /home/francis/models/glm-ocr
"glm-ocr" concurrency: one generation at a time — -max-concurrent 4 needs a resident that batches decode (a dense family on 2+ resident KV slots, no speculation or adapter)
swap guard: armed, threshold +512 MB over baseline
goinfer serving on http://127.0.0.1:18454 [chat:[glm-ocr]]
  routes: /v1/chat/completions /v1/completions /v1/responses /v1/messages /v1/embeddings
  web UI: off (-web enables a browser UI at / for chat and model pulls)
warning: no -api-key set — any web page open in your browser can silently send requests to this API while it's running. Set -api-key (or $GOINFER_API_KEY) to require authentication.
request body cap: 48.0 MiB (text) / 80.0 MiB (vision) / 64.0 MiB (embeddings) / 64.0 MiB (batch files) [derived from context window]
swap guard: baseline 3.81 GB swap-used
vision: encoded a 59792-byte image in 39.133s (sha256 d4352b06); a resend of it will skip this

shutting down…
