cuda: resident context 6547, not 8192, so the 4 requested KV slots fit (--kv-sessions); an explicit --ctx keeps a longer context with fewer slots
cuda: resident context 5502, trimmed from 6547 at the build, so the 4 requested KV slots fit beside the weights (2791 MB free, less 384 MB reserved)
loaded "bench": 28-layer model (vocab 152064) in 11.244s [chat: chatml]
  decode path: cuda-resident (int4)
  prefill path: batched (weight-stationary CUDA passes of up to 512 rows); attention: attn_fused (L2, head dim 64/128, M>=16) else attn_batched (exact)
  context: 5502 tokens (backend default; model maximum 32768 — raise with --ctx) · KV f32
  fit: 32768-token cap needs 3.5 GB KV (weights 4.0 GB, budget 40.8 GB, 37.3 GB left for a request's own prefill)
  session reuse: on the GPU cache, 4 conversations kept resident — each reuses its own prefix; a further one takes the least recently used slot and re-prefills
  features: tools (constrainable call form) · structured output
"bench" concurrency: 4 generations at once, each on its own resident KV slot, decode tokens batched (-max-concurrent); a long prompt arriving mid-decode prefills in 512-token chunks (-prefill-chunk)
swap guard: armed, threshold +512 MB over baseline
goinfer serving on http://127.0.0.1:8099 [chat:[bench]]
  routes: /v1/chat/completions /v1/completions /v1/responses /v1/messages /v1/embeddings
  web UI: off (-web enables a browser UI at / for chat and model pulls)
warning: no -api-key set — any web page open in your browser can silently send requests to this API while it's running. Set -api-key (or $GOINFER_API_KEY) to require authentication.
request body cap: 16.0 MiB (text) / 48.0 MiB (vision) / 64.0 MiB (embeddings) / 64.0 MiB (batch files) [derived from context window]
swap guard: baseline 6.17 GB swap-used

shutting down…
resident batch "bench": 1600 runs, 0 batched steps (0 tokens), 1600 solo tokens, 0 straggler runs, steps by size [0 0 0 0 0]
resident batch "bench" time: runs 18.689 s, exclusive 0.686 s (prefill 25 passes 0.686 s, bookkeeping 0.000 s)
cuda: 2 resident KV slots of 4 requested — each costs 896 MB of KV at the resident context 8192, and free VRAM beside the weights (2791 MB, less 384 MB reserved) allows 2
loaded "bench": 28-layer model (vocab 152064) in 10.614s [chat: chatml]
  decode path: cuda-resident (int4)
  prefill path: batched (weight-stationary CUDA passes of up to 512 rows); attention: attn_fused (L2, head dim 64/128, M>=16) else attn_batched (exact)
  context: 8192 tokens (--ctx; model maximum 32768) · KV f32
  fit: 8192-token cap needs 0.9 GB KV (weights 4.0 GB, budget 40.9 GB, 40.0 GB left for a request's own prefill)
  session reuse: on the GPU cache, 2 conversations kept resident — each reuses its own prefix; a further one takes the least recently used slot and re-prefills (--kv-sessions 4; the memory guard allowed 2)
  features: tools (constrainable call form) · structured output
"bench" concurrency: 2 generations at once, each on its own resident KV slot, decode tokens batched (-max-concurrent); 4 asked, capped by the 2 resident KV slots (--kv-sessions); a long prompt arriving mid-decode prefills in 512-token chunks (-prefill-chunk)
swap guard: armed, threshold +512 MB over baseline
goinfer serving on http://127.0.0.1:8099 [chat:[bench]]
  routes: /v1/chat/completions /v1/completions /v1/responses /v1/messages /v1/embeddings
  web UI: off (-web enables a browser UI at / for chat and model pulls)
warning: no -api-key set — any web page open in your browser can silently send requests to this API while it's running. Set -api-key (or $GOINFER_API_KEY) to require authentication.
request body cap: 16.0 MiB (text) / 48.0 MiB (vision) / 64.0 MiB (embeddings) / 64.0 MiB (batch files) [derived from context window]
swap guard: baseline 6.16 GB swap-used

shutting down…
resident batch "bench": 1600 runs, 0 batched steps (0 tokens), 1600 solo tokens, 0 straggler runs, steps by size [0 0 0]
resident batch "bench" time: runs 18.734 s, exclusive 0.625 s (prefill 25 passes 0.624 s, bookkeeping 0.000 s)
