loaded "bench": 28-layer model (vocab 151936) in 2.98s [chat: chatml]
  decode path: cuda-resident (int4)
  prefill path: batched (weight-stationary CUDA passes of up to 512 rows); attention: attn_fused (L2, head dim 64/128, M>=16) else attn_batched (exact)
  context: 8192 tokens (backend default; model maximum 32768 — raise with --ctx) · KV f32
  fit: 32768-token cap needs 1.8 GB KV (weights 0.9 GB, budget 41.0 GB, 39.3 GB left for a request's own prefill)
  session reuse: on the GPU cache, 4 conversations kept resident — each reuses its own prefix; a further one takes the least recently used slot and re-prefills
  features: tools (constrainable call form) · structured output
"bench" concurrency: 4 generations at once, each on its own resident KV slot, decode tokens batched (-max-concurrent); a long prompt arriving mid-decode prefills in 512-token chunks (-prefill-chunk)
swap guard: armed, threshold +512 MB over baseline
goinfer serving on http://127.0.0.1:8098 [chat:[bench]]
  routes: /v1/chat/completions /v1/completions /v1/responses /v1/messages /v1/embeddings
  web UI: off (-web enables a browser UI at / for chat and model pulls)
warning: no -api-key set — any web page open in your browser can silently send requests to this API while it's running. Set -api-key (or $GOINFER_API_KEY) to require authentication.
request body cap: 16.0 MiB (text) / 48.0 MiB (vision) / 64.0 MiB (embeddings) / 64.0 MiB (batch files) [derived from context window]

shutting down…
resident batch "bench": 13 runs, 0 batched steps (0 tokens), 13 solo tokens, 0 straggler runs, steps by size [0 0 0 0 0]
resident batch "bench" time: runs 0.062 s, exclusive 1.081 s (prefill 13 passes 1.080 s, bookkeeping 0.000 s)
loaded "bench": 28-layer model (vocab 151936) in 2.915s [chat: chatml]
  decode path: cuda-resident (int4)
  prefill path: batched (weight-stationary CUDA passes of up to 512 rows); attention: attn_fused (L2, head dim 64/128, M>=16) else attn_batched (exact)
  context: 8192 tokens (backend default; model maximum 32768 — raise with --ctx) · KV f32
  fit: 32768-token cap needs 1.8 GB KV (weights 0.9 GB, budget 41.0 GB, 39.3 GB left for a request's own prefill)
  session reuse: on the GPU cache, 4 conversations kept resident — each reuses its own prefix; a further one takes the least recently used slot and re-prefills
  features: tools (constrainable call form) · structured output
"bench" concurrency: 4 generations at once, each on its own resident KV slot, decode tokens batched (-max-concurrent); a long prompt arriving mid-decode prefills in 512-token chunks (-prefill-chunk)
swap guard: armed, threshold +512 MB over baseline
goinfer serving on http://127.0.0.1:8098 [chat:[bench]]
  routes: /v1/chat/completions /v1/completions /v1/responses /v1/messages /v1/embeddings
  web UI: off (-web enables a browser UI at / for chat and model pulls)
warning: no -api-key set — any web page open in your browser can silently send requests to this API while it's running. Set -api-key (or $GOINFER_API_KEY) to require authentication.
request body cap: 16.0 MiB (text) / 48.0 MiB (vision) / 64.0 MiB (embeddings) / 64.0 MiB (batch files) [derived from context window]
swap guard: baseline 6.48 GB swap-used

shutting down…
resident batch "bench": 13 runs, 0 batched steps (0 tokens), 13 solo tokens, 0 straggler runs, steps by size [0 0 0 0 0]
resident batch "bench" time: runs 0.070 s, exclusive 10.475 s (prefill 13 passes 10.474 s, bookkeeping 0.001 s)
