swap guard (load): not armed for /home/francis/models/gemma-3-4b-it — only a direct .gguf build is watched, so a swap-growing load is not stopped here; the serving watch arms once the server is up
cuda: resident context 4096 (the floor), not 9305, for the 4 requested KV slots (--kv-sessions); the build grants as many as fit there, and an explicit --ctx keeps a longer context with fewer slots
cuda: 2 resident KV slots of 4 requested — each costs 1088 MB of KV at the resident context 4096, and free VRAM beside the weights (4784 MB, less 2400 MB reserved) allows 2
loaded "gemma-3-4b-it": 34-layer model (vocab 262208) in 20.556s [chat: gemma3]
  decode path: cuda-resident (int4)
  prefill path: batched (weight-stationary CUDA passes of up to 512 rows); attention: attn_fused (L2, head dim 64/128, M>=16) else attn_batched (exact)
  context: 4096 tokens (model maximum) · KV f32
  fit: 4096-token cap needs 1.1 GB KV (weights 2.0 GB, budget 38.9 GB, 37.8 GB left for a request's own prefill)
  session reuse: on the GPU cache, 2 conversations kept resident — each reuses its own prefix; a further one takes the least recently used slot and re-prefills (--kv-sessions not given: Metal keeps 2 by default, and a memory guard may keep fewer; --kv-sessions 4 asks for 4)
  features: tools: parse-only (a named tool_choice cannot be constrained on this template) · structured output
loaded vision tower for "gemma-3-4b-it" (256 image tokens/image, soft-token id 262144, encoder f32/cuda-resident) from /home/francis/models/gemma-3-4b-it
"gemma-3-4b-it" concurrency: one generation at a time — -max-concurrent 4 needs a resident that batches decode (a dense family on 2+ resident KV slots, no speculation or adapter)
swap guard: armed, threshold +512 MB over baseline
goinfer serving on http://127.0.0.1:18781 [chat:[gemma-3-4b-it]]
  routes: /v1/chat/completions /v1/completions /v1/responses /v1/messages /v1/embeddings
  web UI: off (-web enables a browser UI at / for chat and model pulls)
warning: no -api-key set — any web page open in your browser can silently send requests to this API while it's running. Set -api-key (or $GOINFER_API_KEY) to require authentication.
request body cap: 4.0 MiB (text) / 36.0 MiB (vision) / 64.0 MiB (embeddings) / 64.0 MiB (batch files) [derived from context window]
swap guard: baseline 4.29 GB swap-used
vision: encoded a 23028-byte image in 2.01s (sha256 07b31211); a resend of it will skip this

shutting down…
