gc 1 @0.003s 1%: 0.010+0.34+0.003 ms clock, 0.087+0/0.49/0.028+0.027 ms cpu, 16->16->15 MB, 16 MB goal, 0 MB stacks, 0 MB globals, 8 P
gc 2 @0.013s 3%: 0.014+2.9+0.017 ms clock, 0.11+0/3.3/1.9+0.13 ms cpu, 33->33->22 MB, 33 MB goal, 0 MB stacks, 0 MB globals, 8 P
gc 3 @0.023s 3%: 0.017+2.9+0.003 ms clock, 0.13+0/3.1/6.4+0.025 ms cpu, 44->44->29 MB, 45 MB goal, 0 MB stacks, 0 MB globals, 8 P
gc 4 @0.032s 4%: 0.019+3.8+0.002 ms clock, 0.15+0.15/5.3/7.6+0.022 ms cpu, 57->57->35 MB, 59 MB goal, 0 MB stacks, 0 MB globals, 8 P
gc 5 @0.049s 5%: 0.031+6.8+0.003 ms clock, 0.25+2.3/9.4/11+0.024 ms cpu, 75->75->49 MB, 75 MB goal, 0 MB stacks, 0 MB globals, 8 P
gc 6 @0.078s 5%: 0.018+6.5+0.013 ms clock, 0.14+0.55/11/24+0.10 ms cpu, 97->103->90 MB, 100 MB goal, 0 MB stacks, 0 MB globals, 8 P
gc 7 @0.157s 3%: 0.028+7.8+0.011 ms clock, 0.22+0.021/14/31+0.091 ms cpu, 164->172->132 MB, 180 MB goal, 0 MB stacks, 0 MB globals, 8 P
gc 8 @39.278s 0%: 0.49+23+0.17 ms clock, 3.9+0.047/27/44+1.3 ms cpu, 238->241->135 MB, 264 MB goal, 0 MB stacks, 0 MB globals, 8 P
gc 9 @39.642s 0%: 0.046+8.3+0.088 ms clock, 0.37+0.057/15/28+0.70 ms cpu, 251->253->184 MB, 271 MB goal, 0 MB stacks, 0 MB globals, 8 P
gc 10 @39.939s 0%: 0.060+10+0.003 ms clock, 0.48+1.4/20/48+0.028 ms cpu, 354->364->279 MB, 370 MB goal, 0 MB stacks, 0 MB globals, 8 P
[metal] BuildResident declined: metal: BuildResident panicked: metal: int4Concat weight kind "" not int8 or int4
[resident] BuildResident declined (ok=false err=<nil>) — continuing on the CPU/staged path
loaded "gemma4-26b-int4-v12.giw": 30-layer model (vocab 262144) in 40.292s [chat: gemma4]
  decode path: cpu (int4) — requested metal → running on cpu: backend declined to build a resident path (no usable device, or an unsupported model shape), and metal has no staged decode path
  prefill path: sequential — this arch has its own per-token forward (no batched CPU prefill)
  context: 262144 tokens (model maximum) · KV f32
  fit: 512-token cap needs 0.2 GB KV (weights 14.7 GB, budget 3.9 GB, 3.7 GB left for a request's own prefill)
  session reuse: on (4 conversations kept prefilled)
  features: tools: parse-only (a named tool_choice cannot be constrained on this template) · structured output
swap guard: armed, threshold +512 MB over baseline
goinfer serving on http://127.0.0.1:18094 [chat:[gemma4-26b-int4-v12.giw]]
  routes: /v1/chat/completions /v1/completions /v1/responses /v1/messages /v1/embeddings
  web UI: off (-web enables a browser UI at / for chat and model pulls)
warning: no -api-key set — any web page open in your browser can silently send requests to this API while it's running. Set -api-key (or $GOINFER_API_KEY) to require authentication.
request body cap: 48.0 MiB (text) / 80.0 MiB (vision) / 64.0 MiB (embeddings) / 64.0 MiB (batch files) [derived from context window]
swap guard: baseline 0.34 GB swap-used
gc 11 @47.552s 0%: 0.23+18+0.048 ms clock, 1.8+0.35/34/59+0.39 ms cpu, 524->524->127 MB, 560 MB goal, 0 MB stacks, 0 MB globals, 8 P
gc 12 @51.009s 0%: 0.28+44+1.7 ms clock, 2.3+0.12/82/25+13 ms cpu, 219->219->132 MB, 255 MB goal, 0 MB stacks, 0 MB globals, 8 P
gc 13 @53.811s 0%: 0.15+16+0.34 ms clock, 1.2+0.12/22/23+2.7 ms cpu, 229->229->137 MB, 265 MB goal, 0 MB stacks, 0 MB globals, 8 P
gc 14 @56.531s 0%: 0.22+20+0.086 ms clock, 1.7+0/38/76+0.69 ms cpu, 240->241->146 MB, 276 MB goal, 0 MB stacks, 0 MB globals, 8 P
gc 15 @58.985s 0%: 0.36+14+0.36 ms clock, 2.9+0.077/24/41+2.9 ms cpu, 256->257->152 MB, 292 MB goal, 0 MB stacks, 0 MB globals, 8 P
gc 16 @62.299s 0%: 0.20+22+1.5 ms clock, 1.6+0.60/43/103+12 ms cpu, 301->302->161 MB, 305 MB goal, 0 MB stacks, 0 MB globals, 8 P
gc 17 @65.655s 0%: 0.19+16+0.10 ms clock, 1.5+0.12/23/48+0.84 ms cpu, 318->318->170 MB, 322 MB goal, 0 MB stacks, 0 MB globals, 8 P
gc 18 @70.066s 0%: 0.16+10+0.030 ms clock, 1.3+0.11/20/36+0.24 ms cpu, 336->336->182 MB, 340 MB goal, 0 MB stacks, 0 MB globals, 8 P

shutting down…
