gc 1 @0.005s 1%: 0.020+0.38+0.003 ms clock, 0.16+0/0.68/0.15+0.031 ms cpu, 16->16->15 MB, 16 MB goal, 0 MB stacks, 0 MB globals, 8 P
gc 2 @0.019s 2%: 0.017+4.4+0.012 ms clock, 0.14+0.15/3.1/4.1+0.10 ms cpu, 33->33->22 MB, 33 MB goal, 0 MB stacks, 0 MB globals, 8 P
gc 3 @0.033s 2%: 0.027+3.5+0.003 ms clock, 0.21+0.096/3.9/7.2+0.027 ms cpu, 44->44->29 MB, 45 MB goal, 0 MB stacks, 0 MB globals, 8 P
gc 4 @0.043s 3%: 0.028+4.5+0.003 ms clock, 0.22+0.39/4.1/9.6+0.029 ms cpu, 57->57->35 MB, 59 MB goal, 0 MB stacks, 0 MB globals, 8 P
gc 5 @0.060s 3%: 0.023+3.3+0.003 ms clock, 0.18+0.56/5.8/13+0.027 ms cpu, 68->69->48 MB, 71 MB goal, 0 MB stacks, 0 MB globals, 8 P
gc 6 @0.085s 4%: 0.040+6.2+0.023 ms clock, 0.32+0/10/26+0.18 ms cpu, 101->101->84 MB, 101 MB goal, 0 MB stacks, 0 MB globals, 8 P
gc 7 @0.170s 3%: 0.030+8.1+0.015 ms clock, 0.24+0.10/14/34+0.12 ms cpu, 160->165->127 MB, 169 MB goal, 0 MB stacks, 0 MB globals, 8 P
gc 8 @0.406s 2%: 0.18+17+0.057 ms clock, 1.4+0/23/40+0.45 ms cpu, 240->244->135 MB, 256 MB goal, 0 MB stacks, 0 MB globals, 8 P
gc 9 @0.716s 1%: 0.046+8.3+0.034 ms clock, 0.36+0.045/15/29+0.27 ms cpu, 258->260->192 MB, 271 MB goal, 0 MB stacks, 0 MB globals, 8 P
gc 10 @1.088s 1%: 0.045+8.3+0.066 ms clock, 0.36+0.023/15/30+0.52 ms cpu, 371->373->269 MB, 384 MB goal, 0 MB stacks, 0 MB globals, 8 P
ZZDEBUG panic stack:
goroutine 1 [running]:
runtime/debug.Stack()
	/usr/local/go/src/runtime/debug/stack.go:26 +0x64
github.com/townsendmerino/goinfer/metal.buildResident.func1()
	/Users/francistownsend-merino/tmcode/goinfer/metal/model.go:613 +0x3c
panic({0x10307fcc8?, 0x2b6b05708000?})
	/usr/local/go/src/runtime/panic.go:859 +0x120
github.com/townsendmerino/goinfer/metal.int4Concat(0x2b6afe2bb340, {0x2b6b028a3b90, 0x3, 0x2000?})
	/Users/francistownsend-merino/tmcode/goinfer/metal/model.go:587 +0x690
github.com/townsendmerino/goinfer/metal.buildResident(0x2b6b05630000)
	/Users/francistownsend-merino/tmcode/goinfer/metal/model.go:884 +0x2440
github.com/townsendmerino/goinfer/metal.(*metalBackend).BuildResident(0x2b6aff402038, 0x2b6b05630000)
	/Users/francistownsend-merino/tmcode/goinfer/metal/backend.go:121 +0x1e4
github.com/townsendmerino/goinfer/decoder.(*Model).withResidency(0x2b6b05630000)
	/Users/francistownsend-merino/tmcode/goinfer/decoder/residency.go:944 +0x180
github.com/townsendmerino/goinfer/decoder.Load({0x16d80b152, 0x3c}, {{0x16d80b198, 0x5}, {0x102b1cf29, 0x4}, {0x0, 0x0}, {0x102b1ccef, 0x3}, ...})
	/Users/francistownsend-merino/tmcode/goinfer/decoder/model.go:459 +0x143c
github.com/townsendmerino/goinfer/internal/serveapp.loadDecoder({_, _}, {{_, _}, {_, _}, _, _, _, _, ...}, ...)
	/Users/francistownsend-merino/tmcode/goinfer/internal/serveapp/main.go:1327 +0x80c
github.com/townsendmerino/goinfer/internal/serveapp.newServer({{0x2b6afe2fe300, 0x1, 0x1}, {0x0, 0x0, 0x0}, {0x16d80b198, 0x5}, {0x102b1cf29, 0x4}, ...})
	/Users/francistownsend-merino/tmcode/goinfer/internal/serveapp/main.go:987 +0x4e4
github.com/townsendmerino/goinfer/internal/serveapp.Main()
	/Users/francistownsend-merino/tmcode/goinfer/internal/serveapp/main.go:658 +0x1768
main.main()
	/Users/francistownsend-merino/tmcode/goinfer/metal/cmd/serve/main.go:20 +0x1c

[metal] BuildResident declined: metal: BuildResident panicked: metal: int4Concat weight kind "" not int8 or int4
[resident] BuildResident declined (ok=false err=<nil>) — continuing on the CPU/staged path
loaded "gemma4-26b-int4-v12.giw": 30-layer model (vocab 262144) in 1.297s [chat: gemma4]
  decode path: cpu (int4) — requested metal → running on cpu: backend declined to build a resident path (no usable device, or an unsupported model shape), and metal has no staged decode path
  prefill path: sequential — this arch has its own per-token forward (no batched CPU prefill)
  context: 262144 tokens (model maximum) · KV f32
  fit: 512-token cap needs 0.2 GB KV (weights 14.7 GB, budget 3.8 GB, 3.6 GB left for a request's own prefill)
  session reuse: on (4 conversations kept prefilled)
  features: tools: parse-only (a named tool_choice cannot be constrained on this template) · structured output
swap guard: armed, threshold +512 MB over baseline
goinfer serving on http://127.0.0.1:18095 [chat:[gemma4-26b-int4-v12.giw]]
  routes: /v1/chat/completions /v1/completions /v1/responses /v1/messages /v1/embeddings
  web UI: off (-web enables a browser UI at / for chat and model pulls)
warning: no -api-key set — any web page open in your browser can silently send requests to this API while it's running. Set -api-key (or $GOINFER_API_KEY) to require authentication.
request body cap: 48.0 MiB (text) / 80.0 MiB (vision) / 64.0 MiB (embeddings) / 64.0 MiB (batch files) [derived from context window]
swap guard: baseline 0.33 GB swap-used

shutting down…
