gc 1 @0.012s 1%: 0.008+1.3+0.003 ms clock, 0.069+0/1.6/0.46+0.029 ms cpu, 16->16->15 MB, 16 MB goal, 0 MB stacks, 0 MB globals, 8 P
gc 2 @0.021s 2%: 0.015+3.4+0.014 ms clock, 0.12+0.12/2.5/3.0+0.11 ms cpu, 33->33->22 MB, 33 MB goal, 0 MB stacks, 0 MB globals, 8 P
gc 3 @0.032s 2%: 0.025+3.0+0.003 ms clock, 0.20+0.088/3.5/7.1+0.026 ms cpu, 44->44->29 MB, 45 MB goal, 0 MB stacks, 0 MB globals, 8 P
gc 4 @0.041s 3%: 0.028+3.9+0.003 ms clock, 0.23+0.32/4.3/8.9+0.029 ms cpu, 57->57->35 MB, 59 MB goal, 0 MB stacks, 0 MB globals, 8 P
gc 5 @0.055s 3%: 0.029+6.6+0.009 ms clock, 0.23+0/6.3/14+0.075 ms cpu, 68->69->48 MB, 71 MB goal, 0 MB stacks, 0 MB globals, 8 P
gc 6 @0.073s 4%: 0.024+5.7+0.011 ms clock, 0.19+1.0/10/18+0.089 ms cpu, 91->93->76 MB, 96 MB goal, 0 MB stacks, 0 MB globals, 8 P
gc 7 @0.147s 3%: 0.027+9.4+0.014 ms clock, 0.21+0/17/31+0.11 ms cpu, 142->152->123 MB, 153 MB goal, 0 MB stacks, 0 MB globals, 8 P
gc 8 @39.256s 0%: 0.19+37+0.004 ms clock, 1.5+6.6/70/151+0.039 ms cpu, 222->243->160 MB, 246 MB goal, 0 MB stacks, 0 MB globals, 8 P
gc 9 @39.363s 0%: 0.069+7.9+0.038 ms clock, 0.55+0.059/14/31+0.31 ms cpu, 273->277->175 MB, 320 MB goal, 0 MB stacks, 0 MB globals, 8 P
gc 10 @39.604s 0%: 0.040+8.5+0.084 ms clock, 0.32+0.059/16/30+0.67 ms cpu, 299->300->248 MB, 351 MB goal, 0 MB stacks, 0 MB globals, 8 P
gc 11 @40.113s 0%: 0.038+8.7+0.082 ms clock, 0.31+0.020/16/29+0.65 ms cpu, 430->431->327 MB, 497 MB goal, 0 MB stacks, 0 MB globals, 8 P
gc 12 @40.858s 0%: 0.049+20+0.14 ms clock, 0.39+0/14/42+1.1 ms cpu, 589->593->469 MB, 655 MB goal, 0 MB stacks, 0 MB globals, 8 P
gc 13 @42.122s 0%: 0.052+39+0.030 ms clock, 0.42+0.045/14/62+0.24 ms cpu, 882->883->650 MB, 938 MB goal, 0 MB stacks, 0 MB globals, 8 P
gc 14 @44.258s 0%: 0.038+10+0.11 ms clock, 0.30+0.019/20/23+0.93 ms cpu, 1287->1289->933 MB, 1302 MB goal, 0 MB stacks, 0 MB globals, 8 P
gc 15 @47.663s 0%: 0.24+26+0.075 ms clock, 1.9+0.20/49/77+0.60 ms cpu, 1860->1861->1382 MB, 1867 MB goal, 0 MB stacks, 0 MB globals, 8 P
gc 16 @50.652s 0%: 0.25+8.9+0.004 ms clock, 2.0+0/17/46+0.035 ms cpu, 1702->1702->1532 MB, 2764 MB goal, 0 MB stacks, 0 MB globals, 8 P (forced)
loaded "gemma4-26b-int4-v12-gguf.giw": 30-layer model (vocab 262144) in 50.506s [chat: gemma4]
  decode path: metal-resident (int4)
  prefill path: sequential — arch/geometry not supported by f16 MMA prefill kernel
  context: 512 tokens (--ctx; model maximum 262144) · KV f32
  fit: 512-token cap needs 0.2 GB KV (weights 15.0 GB, budget 2.0 GB, 1.7 GB left for a request's own prefill)
  session reuse: OFF — resident decode is stateless, so every turn re-prefills its whole prompt
  features: tools: parse-only (a named tool_choice cannot be constrained on this template) · structured output
swap guard: armed, threshold +512 MB over baseline
goinfer serving on http://127.0.0.1:18094 [chat:[gemma4-26b-int4-v12-gguf.giw]]
  routes: /v1/chat/completions /v1/completions /v1/responses /v1/messages /v1/embeddings
  web UI: off (-web enables a browser UI at / for chat and model pulls)
warning: no -api-key set — any web page open in your browser can silently send requests to this API while it's running. Set -api-key (or $GOINFER_API_KEY) to require authentication.
request body cap: 48.0 MiB (text) / 80.0 MiB (vision) / 64.0 MiB (embeddings) / 64.0 MiB (batch files) [derived from context window]
swap guard: baseline 0.32 GB swap-used
goinfer: batched prefill declined for a 96-token prompt, falling back to the per-token path (slower TTFT; each distinct reason is reported once): metal: prefill not implemented for this arch's FFN shape (use the sequential path)

shutting down…
