[mc3-attr] 1.5B rep 1: wall 19.777 s, prefill 3.009 s in 24 passes, runs 16.462 s, share 0.1522
[mc3-attr] 1.5B rep 2: wall 19.995 s, prefill 3.004 s in 24 passes, runs 16.799 s, share 0.1502
[mc3-attr] 1.5B rep 3: wall 19.796 s, prefill 2.992 s in 24 passes, runs 16.605 s, share 0.1512
[w7-plain] waiting for memory: 1807 MB free, want >= 3000 MB (0s/60s)
[w7-plain] waiting for memory: 2377 MB free, want >= 3000 MB (2s/60s)
[w7-plain] waiting for memory: 2371 MB free, want >= 3000 MB (4s/60s)
[w7-plain] waiting for memory: 2372 MB free, want >= 3000 MB (6s/60s)
[w7-plain] waiting for memory: 2372 MB free, want >= 3000 MB (8s/60s)
[w7-plain] waiting for memory: 2381 MB free, want >= 3000 MB (10s/60s)
[w7-plain] waiting for memory: 2360 MB free, want >= 3000 MB (12s/60s)
[w7-plain] waiting for memory: 2353 MB free, want >= 3000 MB (14s/60s)
[w7-plain] waiting for memory: 2349 MB free, want >= 3000 MB (16s/60s)
[w7-plain] waiting for memory: 2364 MB free, want >= 3000 MB (18s/60s)
[w7-plain] waiting for memory: 2368 MB free, want >= 3000 MB (20s/60s)
[w7-plain] waiting for memory: 2367 MB free, want >= 3000 MB (22s/60s)
[w7-plain] waiting for memory: 2367 MB free, want >= 3000 MB (24s/60s)
[w7-plain] waiting for memory: 2367 MB free, want >= 3000 MB (26s/60s)
[w7-plain] waiting for memory: 2368 MB free, want >= 3000 MB (28s/60s)
[w7-plain] waiting for memory: 2367 MB free, want >= 3000 MB (30s/60s)
[w7-plain] waiting for memory: 2366 MB free, want >= 3000 MB (32s/60s)
[w7-plain] waiting for memory: 2366 MB free, want >= 3000 MB (34s/60s)
[w7-plain] waiting for memory: 2367 MB free, want >= 3000 MB (37s/60s)
[w7-plain] waiting for memory: 2368 MB free, want >= 3000 MB (39s/60s)
[w7-plain] waiting for memory: 2368 MB free, want >= 3000 MB (41s/60s)
[w7-plain] waiting for memory: 2369 MB free, want >= 3000 MB (43s/60s)
[w7-plain] waiting for memory: 2367 MB free, want >= 3000 MB (45s/60s)
[w7-plain] waiting for memory: 2349 MB free, want >= 3000 MB (47s/60s)
[w7-plain] waiting for memory: 2356 MB free, want >= 3000 MB (49s/60s)
[w7-plain] waiting for memory: 2356 MB free, want >= 3000 MB (51s/60s)
[w7-plain] waiting for memory: 2351 MB free, want >= 3000 MB (53s/60s)
[w7-plain] waiting for memory: 2350 MB free, want >= 3000 MB (55s/60s)
[w7-plain] waiting for memory: 2355 MB free, want >= 3000 MB (57s/60s)
[w7-plain] waiting for memory: 2354 MB free, want >= 3000 MB (59s/60s)
[w7-plain] WARNING: proceeding after 60s without reaching 3000 MB free (have 2356 MB)
[mc3-attr] 7B rep 1: wall 66.758 s, prefill 10.153 s in 24 passes, runs 56.159 s, share 0.1521
[w7-plain] waiting for memory: 2356 MB free, want >= 3000 MB (0s/60s)
[w7-plain] waiting for memory: 2362 MB free, want >= 3000 MB (2s/60s)
[w7-plain] waiting for memory: 2361 MB free, want >= 3000 MB (4s/60s)
[w7-plain] waiting for memory: 2363 MB free, want >= 3000 MB (6s/60s)
[w7-plain] waiting for memory: 2362 MB free, want >= 3000 MB (8s/60s)
[w7-plain] waiting for memory: 2362 MB free, want >= 3000 MB (10s/60s)
[w7-plain] waiting for memory: 2361 MB free, want >= 3000 MB (12s/60s)
[w7-plain] waiting for memory: 2362 MB free, want >= 3000 MB (14s/60s)
[w7-plain] waiting for memory: 2360 MB free, want >= 3000 MB (16s/60s)
[w7-plain] waiting for memory: 2361 MB free, want >= 3000 MB (18s/60s)
[w7-plain] waiting for memory: 2361 MB free, want >= 3000 MB (20s/60s)
[w7-plain] waiting for memory: 2360 MB free, want >= 3000 MB (22s/60s)
[w7-plain] waiting for memory: 2360 MB free, want >= 3000 MB (24s/60s)
[w7-plain] waiting for memory: 2359 MB free, want >= 3000 MB (26s/60s)
[w7-plain] waiting for memory: 2360 MB free, want >= 3000 MB (28s/60s)
[w7-plain] waiting for memory: 2361 MB free, want >= 3000 MB (30s/60s)
[w7-plain] waiting for memory: 2360 MB free, want >= 3000 MB (32s/60s)
[w7-plain] waiting for memory: 2359 MB free, want >= 3000 MB (34s/60s)
[w7-plain] waiting for memory: 2360 MB free, want >= 3000 MB (37s/60s)
[w7-plain] waiting for memory: 2361 MB free, want >= 3000 MB (39s/60s)
[w7-plain] waiting for memory: 2361 MB free, want >= 3000 MB (41s/60s)
[w7-plain] waiting for memory: 2360 MB free, want >= 3000 MB (43s/60s)
[w7-plain] waiting for memory: 2361 MB free, want >= 3000 MB (45s/60s)
[w7-plain] waiting for memory: 2361 MB free, want >= 3000 MB (47s/60s)
[w7-plain] waiting for memory: 2360 MB free, want >= 3000 MB (49s/60s)
[w7-plain] waiting for memory: 2355 MB free, want >= 3000 MB (51s/60s)
[w7-plain] waiting for memory: 2353 MB free, want >= 3000 MB (53s/60s)
[w7-plain] waiting for memory: 2345 MB free, want >= 3000 MB (55s/60s)
[w7-plain] waiting for memory: 2344 MB free, want >= 3000 MB (57s/60s)
[w7-plain] waiting for memory: 2321 MB free, want >= 3000 MB (59s/60s)
[w7-plain] WARNING: proceeding after 60s without reaching 3000 MB free (have 2329 MB)
[w7-plain] waiting for memory: 1177 MB free, want >= 3000 MB (0s/60s)
[w7-plain] waiting for memory: 1929 MB free, want >= 3000 MB (2s/60s)
[w7-plain] waiting for memory: 1956 MB free, want >= 3000 MB (4s/60s)
[w7-plain] waiting for memory: 1991 MB free, want >= 3000 MB (6s/60s)
[w7-plain] waiting for memory: 1961 MB free, want >= 3000 MB (8s/60s)
[w7-plain] waiting for memory: 1963 MB free, want >= 3000 MB (10s/60s)
[w7-plain] waiting for memory: 1969 MB free, want >= 3000 MB (12s/60s)
[w7-plain] waiting for memory: 1971 MB free, want >= 3000 MB (14s/60s)
[w7-plain] waiting for memory: 1974 MB free, want >= 3000 MB (16s/60s)
[w7-plain] waiting for memory: 1980 MB free, want >= 3000 MB (18s/60s)
[w7-plain] waiting for memory: 1981 MB free, want >= 3000 MB (20s/60s)
[w7-plain] waiting for memory: 1998 MB free, want >= 3000 MB (22s/60s)
[w7-plain] waiting for memory: 2002 MB free, want >= 3000 MB (24s/60s)
[w7-plain] waiting for memory: 1985 MB free, want >= 3000 MB (26s/60s)
[w7-plain] waiting for memory: 1985 MB free, want >= 3000 MB (28s/60s)
[w7-plain] waiting for memory: 1986 MB free, want >= 3000 MB (30s/60s)
[w7-plain] waiting for memory: 1987 MB free, want >= 3000 MB (32s/60s)
[w7-plain] waiting for memory: 1972 MB free, want >= 3000 MB (34s/60s)
[w7-plain] waiting for memory: 1979 MB free, want >= 3000 MB (36s/60s)
[w7-plain] waiting for memory: 1980 MB free, want >= 3000 MB (38s/60s)
[w7-plain] waiting for memory: 1980 MB free, want >= 3000 MB (40s/60s)
[w7-plain] waiting for memory: 1980 MB free, want >= 3000 MB (42s/60s)
[w7-plain] waiting for memory: 1981 MB free, want >= 3000 MB (44s/60s)
[w7-plain] waiting for memory: 1981 MB free, want >= 3000 MB (46s/60s)
[w7-plain] waiting for memory: 1980 MB free, want >= 3000 MB (49s/60s)
[w7-plain] waiting for memory: 1961 MB free, want >= 3000 MB (51s/60s)
[w7-plain] waiting for memory: 1970 MB free, want >= 3000 MB (53s/60s)
[w7-plain] waiting for memory: 1975 MB free, want >= 3000 MB (55s/60s)
[w7-plain] waiting for memory: 1975 MB free, want >= 3000 MB (57s/60s)
[w7-plain] waiting for memory: 1976 MB free, want >= 3000 MB (59s/60s)
[w7-plain] WARNING: proceeding after 60s without reaching 3000 MB free (have 1974 MB)
[mc3-attr] 7B rep 2: wall 66.594 s, prefill 10.19 s in 24 passes, runs 56.191 s, share 0.153
[w7-plain] waiting for memory: 1976 MB free, want >= 3000 MB (0s/60s)
[w7-plain] waiting for memory: 1967 MB free, want >= 3000 MB (2s/60s)
[w7-plain] waiting for memory: 1969 MB free, want >= 3000 MB (4s/60s)
[w7-plain] waiting for memory: 1969 MB free, want >= 3000 MB (6s/60s)
[w7-plain] waiting for memory: 1931 MB free, want >= 3000 MB (8s/60s)
[w7-plain] waiting for memory: 1927 MB free, want >= 3000 MB (10s/60s)
[w7-plain] waiting for memory: 1936 MB free, want >= 3000 MB (12s/60s)
[w7-plain] waiting for memory: 1968 MB free, want >= 3000 MB (14s/60s)
[w7-plain] waiting for memory: 1967 MB free, want >= 3000 MB (16s/60s)
[w7-plain] waiting for memory: 1968 MB free, want >= 3000 MB (18s/60s)
[w7-plain] waiting for memory: 1957 MB free, want >= 3000 MB (20s/60s)
[w7-plain] waiting for memory: 1953 MB free, want >= 3000 MB (22s/60s)
[w7-plain] waiting for memory: 1954 MB free, want >= 3000 MB (24s/60s)
[w7-plain] waiting for memory: 1955 MB free, want >= 3000 MB (26s/60s)
[w7-plain] waiting for memory: 1962 MB free, want >= 3000 MB (28s/60s)
[w7-plain] waiting for memory: 1961 MB free, want >= 3000 MB (30s/60s)
[w7-plain] waiting for memory: 1960 MB free, want >= 3000 MB (32s/60s)
[w7-plain] waiting for memory: 1959 MB free, want >= 3000 MB (34s/60s)
[w7-plain] waiting for memory: 1956 MB free, want >= 3000 MB (36s/60s)
[w7-plain] waiting for memory: 1948 MB free, want >= 3000 MB (38s/60s)
[w7-plain] waiting for memory: 1950 MB free, want >= 3000 MB (40s/60s)
[w7-plain] waiting for memory: 1950 MB free, want >= 3000 MB (42s/60s)
[w7-plain] waiting for memory: 1949 MB free, want >= 3000 MB (45s/60s)
[w7-plain] waiting for memory: 1950 MB free, want >= 3000 MB (47s/60s)
[w7-plain] waiting for memory: 1960 MB free, want >= 3000 MB (49s/60s)
[w7-plain] waiting for memory: 1964 MB free, want >= 3000 MB (51s/60s)
[w7-plain] waiting for memory: 1965 MB free, want >= 3000 MB (53s/60s)
[w7-plain] waiting for memory: 1967 MB free, want >= 3000 MB (55s/60s)
[w7-plain] waiting for memory: 1952 MB free, want >= 3000 MB (57s/60s)
[w7-plain] waiting for memory: 1952 MB free, want >= 3000 MB (59s/60s)
[w7-plain] WARNING: proceeding after 60s without reaching 3000 MB free (have 1952 MB)
[w7-plain] waiting for memory: 1210 MB free, want >= 3000 MB (0s/60s)
[w7-plain] waiting for memory: 1851 MB free, want >= 3000 MB (2s/60s)
[w7-plain] waiting for memory: 1834 MB free, want >= 3000 MB (4s/60s)
[w7-plain] waiting for memory: 1875 MB free, want >= 3000 MB (6s/60s)
[w7-plain] waiting for memory: 1891 MB free, want >= 3000 MB (8s/60s)
[w7-plain] waiting for memory: 1891 MB free, want >= 3000 MB (10s/60s)
[w7-plain] waiting for memory: 1885 MB free, want >= 3000 MB (12s/60s)
[w7-plain] waiting for memory: 1885 MB free, want >= 3000 MB (14s/60s)
[w7-plain] waiting for memory: 1886 MB free, want >= 3000 MB (16s/60s)
[w7-plain] waiting for memory: 1893 MB free, want >= 3000 MB (18s/60s)
[w7-plain] waiting for memory: 1892 MB free, want >= 3000 MB (20s/60s)
[w7-plain] waiting for memory: 1904 MB free, want >= 3000 MB (22s/60s)
[w7-plain] waiting for memory: 1905 MB free, want >= 3000 MB (24s/60s)
[w7-plain] waiting for memory: 1905 MB free, want >= 3000 MB (26s/60s)
[w7-plain] waiting for memory: 1906 MB free, want >= 3000 MB (28s/60s)
[w7-plain] waiting for memory: 1893 MB free, want >= 3000 MB (30s/60s)
[w7-plain] waiting for memory: 1892 MB free, want >= 3000 MB (32s/60s)
[w7-plain] waiting for memory: 1892 MB free, want >= 3000 MB (34s/60s)
[w7-plain] waiting for memory: 1885 MB free, want >= 3000 MB (36s/60s)
[w7-plain] waiting for memory: 1885 MB free, want >= 3000 MB (38s/60s)
[w7-plain] waiting for memory: 1893 MB free, want >= 3000 MB (40s/60s)
[w7-plain] waiting for memory: 1900 MB free, want >= 3000 MB (42s/60s)
[w7-plain] waiting for memory: 1902 MB free, want >= 3000 MB (44s/60s)
[w7-plain] waiting for memory: 1905 MB free, want >= 3000 MB (47s/60s)
[w7-plain] waiting for memory: 1903 MB free, want >= 3000 MB (49s/60s)
[w7-plain] waiting for memory: 1902 MB free, want >= 3000 MB (51s/60s)
[w7-plain] waiting for memory: 1916 MB free, want >= 3000 MB (53s/60s)
[w7-plain] waiting for memory: 1892 MB free, want >= 3000 MB (55s/60s)
[w7-plain] waiting for memory: 1891 MB free, want >= 3000 MB (57s/60s)
[w7-plain] waiting for memory: 1900 MB free, want >= 3000 MB (59s/60s)
[w7-plain] WARNING: proceeding after 60s without reaching 3000 MB free (have 1903 MB)
[mc3-attr] 7B rep 3: wall 67.445 s, prefill 10.196 s in 24 passes, runs 57.041 s, share 0.1512
[mc3-attr] VERDICT: OWNER'S CALL: median prefill share 0.151 in [0.15, 0.25)
