swap guard (load): not armed for /home/francis/models/gemma-4-e2b-gguf/gemma-4-E2B_q4_0-it.int4.e4h.cuda.giw — only a direct .gguf build is watched, so a swap-growing load is not stopped here; the serving watch arms once the server is up
loaded "gemma-4-E2B_q4_0-it": 35-layer model (vocab 262144) in 4.987s [chat: gemma4, thinking: template default off, serving template]
  decode path: cuda-resident (int4)
  prefill path: batched (weight-stationary CUDA passes of up to 512 rows); exact kernels (the fast levers are not fidelity-gated on Gemma 4 E-models)
  context: 16384 tokens (backend default; model maximum 131072 — raise with --ctx) · KV f32
  fit: 16384-token cap needs 0.6 GB KV (weights 2.4 GB, budget 40.6 GB, 40.0 GB left for a request's own prefill)
  session reuse: on the GPU cache, 4 conversations kept resident — each reuses its own prefix; a further one takes the least recently used slot and re-prefills
  features: tools: parse-only (a named tool_choice cannot be constrained on this template) · structured output
loaded Gemma 4 vision tower for "gemma-4-E2B_q4_0-it" (max 280 soft tokens/image, soft-token id 258880, tower on CUDA) from /home/francis/models/gemma-4-E2B-unq
Gemma 4 audio input on for "gemma-4-E2B_q4_0-it" (audio-token id 258881; the tower loads on the first clip, CPU) from /home/francis/models/gemma-4-E2B-unq
"gemma-4-E2B_q4_0-it" concurrency: one generation at a time — -max-concurrent 4 needs a resident that batches decode (a dense family on 2+ resident KV slots, no speculation or adapter)
swap guard: armed, threshold +512 MB over baseline
goinfer serving on http://127.0.0.1:18640 [chat:[gemma-4-E2B_q4_0-it]]
  routes: /v1/chat/completions /v1/completions /v1/responses /v1/messages /v1/embeddings
  web UI: off (-web enables a browser UI at / for chat and model pulls)
warning: no -api-key set — any web page open in your browser can silently send requests to this API while it's running. Set -api-key (or $GOINFER_API_KEY) to require authentication.
request body cap: 24.0 MiB (text) / 56.0 MiB (vision) / 64.0 MiB (embeddings) / 64.0 MiB (batch files) [derived from context window]
audio: loaded the Gemma 4 audio tower for "gemma-4-E2B_q4_0-it" in 950ms
swap guard: baseline 4.37 GB swap-used
vision: encoded a 187404-byte image in 2.17s (sha256 4f5d633f); a resend of it will skip this
vision: decoded 8 tokens on the resident path (prefill resident)
vision: encoded a 187404-byte image in 1.216s (sha256 dbd1a73d); a resend of it will skip this
vision: decoded 8 tokens on the resident path (prefill resident)
vision: encoded a 187404-byte image in 1.186s (sha256 c917cd97); a resend of it will skip this
vision: decoded 8 tokens on the resident path (prefill resident)
vision: encoded a 187404-byte image in 1.205s (sha256 155867c0); a resend of it will skip this
vision: decoded 8 tokens on the resident path (prefill resident)

shutting down…
