=== RUN   TestZZR7BGap
decoder: .giw context capped at 72732 (model allows 132096) so that KV+scratch fits: needs ~6.19 GB of 7.19 GB available (1 GB margin) — pass -ctx to choose, or free memory to lift
decoder: --stream-weights ignored (model fits the budget, or no mmap-backed layer weights)
decoder: .giw context capped at 36970 (model allows 132096) so that KV+scratch fits: needs ~4.01 GB of 5.01 GB available (1 GB margin) — pass -ctx to choose, or free memory to lift
decoder: dense weight streaming: 32 layers, window 23 resident
decoder: .giw context capped at 63169 (model allows 132096) so that KV+scratch fits: needs ~5.61 GB of 6.61 GB available (1 GB margin) — pass -ctx to choose, or free memory to lift
decoder: dense weight streaming: 32 layers, window 31 resident
[C1] CPU f16-KV vs CPU f32-KV: mean 0.989570 worst 0.854509 (pos 13)
[metal] weights aliased from command-r7b.int4.metal.giw (GOINFER_METAL_ALIAS=0 to copy instead): 4744 MB bound in place, 1 MB copied (anonymous) — 3328 MB int4 nibbles (64 single tensors + 64 fused groups = 2176 MB) + 1000 MB int8 codes (1 matrices) + 416 MB f16 scales; copied: 0 heap-backed, 0 unaligned, 0 fused groups not adjacent, 0 scale sets converted
[C1] Metal vs CPU f32-KV: mean 0.989242 worst 0.945679 (pos 13) | Metal vs CPU f16-KV: mean 0.986663 worst 0.768034 (pos 13)
[C0] pos 60, per layer relL2 against CPU f32-KV: Metal own context | Metal on the CPU's uploaded context | CPU f16-KV:
  L00 0.0021 | 0.0021 | 0.0000
  L01 0.0234 | 0.0220 | 0.0000
  L02 0.0425 | 0.0393 | 0.0000
  L03 0.0664 | 0.0629 | 0.0002
  L04 0.0763 | 0.0714 | 0.0136
  L05 0.0898 | 0.0833 | 0.0378
  L06 0.0943 | 0.0903 | 0.0513
  L07 0.0986 | 0.0932 | 0.0590
  L08 0.0976 | 0.0897 | 0.0635
  L11 0.1025 | 0.0919 | 0.0785
  L15 0.1046 | 0.0937 | 0.0888
  L19 0.1113 | 0.1024 | 0.1011
  L23 0.1116 | 0.1027 | 0.1054
  L27 0.1356 | 0.1296 | 0.1310
  L31 0.1369 | 0.1336 | 0.1298
--- PASS: TestZZR7BGap (29.15s)
PASS
ok  	github.com/townsendmerino/goinfer/metal	29.543s
