=== RUN   TestZZR7BGap
decoder: .giw context capped at 48826 (model allows 132096) so that KV+scratch fits: needs ~4.73 GB of 5.73 GB available (1 GB margin) — pass -ctx to choose, or free memory to lift
decoder: dense weight streaming: 32 layers, window 27 resident
decoder: .giw context capped at 44130 (model allows 132096) so that KV+scratch fits: needs ~4.44 GB of 5.44 GB available (1 GB margin) — pass -ctx to choose, or free memory to lift
decoder: dense weight streaming: 32 layers, window 25 resident
decoder: .giw context capped at 61908 (model allows 132096) so that KV+scratch fits: needs ~5.53 GB of 6.53 GB available (1 GB margin) — pass -ctx to choose, or free memory to lift
decoder: dense weight streaming: 32 layers, window 31 resident
[C1] CPU f16-KV vs CPU f32-KV: mean 0.989570 worst 0.854509 (pos 13)
[metal] weights aliased from command-r7b.int4.metal.giw (GOINFER_METAL_ALIAS=0 to copy instead): 4744 MB bound in place, 1 MB copied (anonymous) — 3328 MB int4 nibbles (64 single tensors + 64 fused groups = 2176 MB) + 1000 MB int8 codes (1 matrices) + 416 MB f16 scales; copied: 0 heap-backed, 0 unaligned, 0 fused groups not adjacent, 0 scale sets converted
[C1] Metal vs CPU f32-KV: mean 0.989242 worst 0.945679 (pos 13) | Metal vs CPU f16-KV: mean 0.986663 worst 0.768034 (pos 13)
[C0] pos 5, per layer relL2 against CPU f32-KV: Metal own context | Metal on the CPU's uploaded context | CPU f16-KV:
  L00 0.0022 | 0.0022 | 0.0000
  L01 0.0290 | 0.0274 | 0.0000
  L02 0.0619 | 0.0554 | 0.0000
  L03 0.0701 | 0.0632 | 0.0008
  L04 0.0888 | 0.0815 | 0.0206
  L05 0.1037 | 0.0985 | 0.0515
  L06 0.1000 | 0.0904 | 0.0606
  L07 0.0980 | 0.0911 | 0.0686
  L08 0.0947 | 0.0882 | 0.0727
  L11 0.1019 | 0.0936 | 0.0899
  L15 0.1036 | 0.0888 | 0.0910
  L19 0.0901 | 0.0785 | 0.0826
  L23 0.1097 | 0.0959 | 0.1045
  L27 0.1193 | 0.1035 | 0.1105
  L31 0.1790 | 0.1406 | 0.1630
--- PASS: TestZZR7BGap (24.33s)
PASS
ok  	github.com/townsendmerino/goinfer/metal	24.877s
