=== RUN   TestZZR7BGap
decoder: .giw context capped at 47481 (model allows 132096) so that KV+scratch fits: needs ~4.65 GB of 5.65 GB available (1 GB margin) — pass -ctx to choose, or free memory to lift
decoder: dense weight streaming: 32 layers, window 26 resident
decoder: .giw context capped at 54685 (model allows 132096) so that KV+scratch fits: needs ~5.09 GB of 6.09 GB available (1 GB margin) — pass -ctx to choose, or free memory to lift
decoder: dense weight streaming: 32 layers, window 29 resident
[C1] CPU f16-KV vs CPU f32-KV: mean 0.989570 worst 0.854509 (pos 13)
[metal] weights aliased from command-r7b.int4.metal.giw (GOINFER_METAL_ALIAS=0 to copy instead): 4744 MB bound in place, 1 MB copied (anonymous) — 3328 MB int4 nibbles (64 single tensors + 64 fused groups = 2176 MB) + 1000 MB int8 codes (1 matrices) + 416 MB f16 scales; copied: 0 heap-backed, 0 unaligned, 0 fused groups not adjacent, 0 scale sets converted
[C1] Metal vs CPU f32-KV: mean 0.989242 worst 0.945679 (pos 13) | Metal vs CPU f16-KV: mean 0.986663 worst 0.768034 (pos 13)
[C0] pos 13, per layer: Metal vs CPU f32-KV cos/relL2 | CPU f16-KV vs CPU f32-KV relL2:
  L00 1.00000/0.0029 | 0.0000
  L01 0.98831/0.1699 | 0.0000
  L02 0.98695/0.1698 | 0.0000
  L03 0.98341/0.1847 | 0.0003
  L07 0.95619/0.3023 | 0.0661
  L11 0.96391/0.2670 | 0.1554
  L15 0.93578/0.3584 | 0.2701
  L19 0.90244/0.4484 | 0.3991
  L23 0.93897/0.3462 | 0.6589
  L27 0.92990/0.3686 | 0.7044
  L31 0.89079/0.4588 | 0.6897
--- PASS: TestZZR7BGap (21.12s)
PASS
ok  	github.com/townsendmerino/goinfer/metal	21.728s
