=== RUN   TestZZR7BGap
decoder: .giw context capped at 70966 (model allows 132096) so that KV+scratch fits: needs ~6.08 GB of 7.08 GB available (1 GB margin) — pass -ctx to choose, or free memory to lift
decoder: --stream-weights ignored (model fits the budget, or no mmap-backed layer weights)
decoder: .giw context capped at 35268 (model allows 132096) so that KV+scratch fits: needs ~3.90 GB of 4.90 GB available (1 GB margin) — pass -ctx to choose, or free memory to lift
decoder: dense weight streaming: 32 layers, window 23 resident
decoder: .giw context capped at 65369 (model allows 132096) so that KV+scratch fits: needs ~5.74 GB of 6.74 GB available (1 GB margin) — pass -ctx to choose, or free memory to lift
decoder: --stream-weights ignored (model fits the budget, or no mmap-backed layer weights)
[C1] CPU f16-KV vs CPU f32-KV: mean 0.989570 worst 0.854509 (pos 13)
[metal] weights aliased from command-r7b.int4.metal.giw (GOINFER_METAL_ALIAS=0 to copy instead): 4744 MB bound in place, 1 MB copied (anonymous) — 3328 MB int4 nibbles (64 single tensors + 64 fused groups = 2176 MB) + 1000 MB int8 codes (1 matrices) + 416 MB f16 scales; copied: 0 heap-backed, 0 unaligned, 0 fused groups not adjacent, 0 scale sets converted
[C1] Metal vs CPU f32-KV: mean 0.989242 worst 0.945679 (pos 13) | Metal vs CPU f16-KV: mean 0.986663 worst 0.768034 (pos 13)
[C0] pos 30, per layer relL2 against CPU f32-KV: Metal own context | Metal on the CPU's uploaded context | CPU f16-KV:
  L00 0.0019 | 0.0019 | 0.0000
  L01 0.0292 | 0.0284 | 0.0000
  L02 0.0397 | 0.0370 | 0.0000
  L03 0.0530 | 0.0510 | 0.0004
  L04 0.0683 | 0.0657 | 0.0158
  L05 0.0735 | 0.0674 | 0.0343
  L06 0.0785 | 0.0702 | 0.0460
  L07 0.0912 | 0.0816 | 0.0666
  L08 0.1009 | 0.0870 | 0.0772
  L11 0.1035 | 0.0851 | 0.0868
  L15 0.1122 | 0.0870 | 0.0975
  L19 0.1193 | 0.0928 | 0.1073
  L23 0.1284 | 0.1009 | 0.1143
  L27 0.1536 | 0.1259 | 0.1441
  L31 0.2185 | 0.1680 | 0.2020
--- PASS: TestZZR7BGap (26.57s)
PASS
ok  	github.com/townsendmerino/goinfer/metal	26.989s
