gc 1 @0.005s 1%: 0.015+0.34+0.004 ms clock, 0.12+0/0.49/0.044+0.039 ms cpu, 31->31->31 MB, 31 MB goal, 0 MB stacks, 0 MB globals, 8 P
gc 2 @0.159s 0%: 0.025+5.1+0.011 ms clock, 0.20+0/4.7/12+0.093 ms cpu, 84->85->71 MB, 85 MB goal, 0 MB stacks, 0 MB globals, 8 P
gc 3 @0.268s 0%: 0.022+9.2+0.079 ms clock, 0.18+0/13/19+0.63 ms cpu, 140->141->73 MB, 142 MB goal, 0 MB stacks, 0 MB globals, 8 P
gc 4 @0.312s 1%: 0.024+4.3+0.003 ms clock, 0.19+3.8/8.1/18+0.030 ms cpu, 143->148->99 MB, 147 MB goal, 0 MB stacks, 0 MB globals, 8 P
gc 5 @2.410s 0%: 0.13+8.6+0.075 ms clock, 1.0+0.11/16/38+0.60 ms cpu, 178->179->128 MB, 198 MB goal, 0 MB stacks, 0 MB globals, 8 P
gc 6 @2.761s 0%: 0.066+7.6+0.082 ms clock, 0.53+0.023/14/27+0.65 ms cpu, 235->236->220 MB, 257 MB goal, 0 MB stacks, 0 MB globals, 8 P
gc 7 @3.377s 0%: 0.046+7.5+0.078 ms clock, 0.37+0.019/14/27+0.63 ms cpu, 418->420->365 MB, 441 MB goal, 0 MB stacks, 0 MB globals, 8 P
gc 8 @4.579s 0%: 0.053+13+0.26 ms clock, 0.42+0/17/45+2.0 ms cpu, 708->712->657 MB, 730 MB goal, 0 MB stacks, 0 MB globals, 8 P
gc 9 @6.940s 0%: 0.042+7.1+0.022 ms clock, 0.34+0/13/29+0.17 ms cpu, 1293->1293->1155 MB, 1314 MB goal, 0 MB stacks, 0 MB globals, 8 P
[metal] weights aliased from the .giw mapping (GOINFER_METAL_ALIAS=1): 723 MB of int4 nibbles not copied (60 single tensors + 55 fused groups = 445 MB); copied as before: 0 heap-backed, 0 unaligned, 0 fused groups not adjacent
gc 10 @10.911s 0%: 0.046+6.5+0.004 ms clock, 0.36+0/12/31+0.033 ms cpu, 1657->1657->1531 MB, 2311 MB goal, 0 MB stacks, 0 MB globals, 8 P (forced)
loaded "gemma4-26b-int4-v13.giw": 30-layer model (vocab 262144) in 10.567s [chat: gemma4]
  decode path: metal-resident (int4)
  prefill path: sequential — arch/geometry not supported by f16 MMA prefill kernel
  context: 512 tokens (--ctx; model maximum 262144) · KV f32
  fit: 512-token cap needs 0.2 GB KV (weights 15.0 GB, budget 3.3 GB, 3.1 GB left for a request's own prefill)
  session reuse: OFF — resident decode is stateless, so every turn re-prefills its whole prompt
  features: tools: parse-only (a named tool_choice cannot be constrained on this template) · structured output
swap guard: armed, threshold +512 MB over baseline
goinfer serving on http://127.0.0.1:18111 [chat:[gemma4-26b-int4-v13.giw]]
  routes: /v1/chat/completions /v1/completions /v1/responses /v1/messages /v1/embeddings
  web UI: off (-web enables a browser UI at / for chat and model pulls)
warning: no -api-key set — any web page open in your browser can silently send requests to this API while it's running. Set -api-key (or $GOINFER_API_KEY) to require authentication.
request body cap: 48.0 MiB (text) / 80.0 MiB (vision) / 64.0 MiB (embeddings) / 64.0 MiB (batch files) [derived from context window]
goinfer: batched prefill declined for a 96-token prompt, falling back to the per-token path (slower TTFT; each distinct reason is reported once): metal: prefill not implemented for this arch's FFN shape (use the sequential path)
