gc 1 @0.010s 3%: 0.007+4.7+0.003 ms clock, 0.063+0/4.7/0.093+0.029 ms cpu, 31->31->31 MB, 31 MB goal, 0 MB stacks, 0 MB globals, 8 P
gc 2 @0.117s 1%: 0.015+2.6+0.010 ms clock, 0.12+1.6/5.0/10+0.081 ms cpu, 60->60->47 MB, 62 MB goal, 0 MB stacks, 0 MB globals, 8 P
gc 3 @0.209s 1%: 0.027+5.9+0.009 ms clock, 0.21+0/8.4/15+0.075 ms cpu, 93->94->51 MB, 94 MB goal, 0 MB stacks, 0 MB globals, 8 P
gc 4 @0.271s 1%: 0.028+5.3+0.014 ms clock, 0.22+0.11/8.1/20+0.11 ms cpu, 100->101->67 MB, 103 MB goal, 0 MB stacks, 0 MB globals, 8 P
gc 5 @0.301s 1%: 0.029+4.4+0.003 ms clock, 0.23+3.8/8.5/18+0.028 ms cpu, 131->137->97 MB, 134 MB goal, 0 MB stacks, 0 MB globals, 8 P
gc 6 @3.046s 0%: 0.13+10+0.068 ms clock, 1.1+0/18/30+0.54 ms cpu, 171->173->124 MB, 194 MB goal, 0 MB stacks, 0 MB globals, 8 P
gc 7 @3.333s 0%: 0.049+6.8+0.065 ms clock, 0.39+0.083/13/27+0.52 ms cpu, 222->223->214 MB, 249 MB goal, 0 MB stacks, 0 MB globals, 8 P
gc 8 @3.822s 0%: 0.038+28+0.034 ms clock, 0.31+0/13/47+0.27 ms cpu, 407->410->384 MB, 428 MB goal, 0 MB stacks, 0 MB globals, 8 P
gc 9 @4.760s 0%: 0.046+7.5+0.004 ms clock, 0.37+0/14/29+0.035 ms cpu, 744->747->668 MB, 769 MB goal, 0 MB stacks, 0 MB globals, 8 P
gc 10 @6.405s 0%: 0.038+11+0.035 ms clock, 0.30+0/17/29+0.28 ms cpu, 1310->1312->1159 MB, 1336 MB goal, 0 MB stacks, 0 MB globals, 8 P
[metal] weights aliased from the .giw mapping (GOINFER_METAL_ALIAS=1): 723 MB of int4 nibbles not copied (60 single tensors + 55 fused groups = 445 MB); copied as before: 0 heap-backed, 0 unaligned, 0 fused groups not adjacent
gc 11 @9.099s 0%: 0.074+28+0.010 ms clock, 0.59+0/56/116+0.082 ms cpu, 1654->1654->1531 MB, 2320 MB goal, 0 MB stacks, 0 MB globals, 8 P (forced)
loaded "gemma4-26b-int4-v13.giw": 30-layer model (vocab 262144) in 8.787s [chat: gemma4]
  decode path: metal-resident (int4)
  prefill path: sequential — arch/geometry not supported by f16 MMA prefill kernel
  context: 512 tokens (--ctx; model maximum 262144) · KV f32
  fit: 512-token cap needs 0.2 GB KV (weights 15.0 GB, budget 4.1 GB, 3.9 GB left for a request's own prefill)
  session reuse: OFF — resident decode is stateless, so every turn re-prefills its whole prompt
  features: tools: parse-only (a named tool_choice cannot be constrained on this template) · structured output
swap guard: armed, threshold +512 MB over baseline
goinfer serving on http://127.0.0.1:18120 [chat:[gemma4-26b-int4-v13.giw]]
  routes: /v1/chat/completions /v1/completions /v1/responses /v1/messages /v1/embeddings
  web UI: off (-web enables a browser UI at / for chat and model pulls)
warning: no -api-key set — any web page open in your browser can silently send requests to this API while it's running. Set -api-key (or $GOINFER_API_KEY) to require authentication.
request body cap: 48.0 MiB (text) / 80.0 MiB (vision) / 64.0 MiB (embeddings) / 64.0 MiB (batch files) [derived from context window]
goinfer: batched prefill declined for a 96-token prompt, falling back to the per-token path (slower TTFT; each distinct reason is reported once): metal: prefill not implemented for this arch's FFN shape (use the sequential path)
