=== waiting for idle box (loadavg <= 1.0), started polling 2026-09-04 23:06:27 PDT ===
idle at loadavg 0.92, proceeding at 2026-09-04 23:06:27 PDT
=== cpu-fast-attention on/off, S @ depth 8k ===
START: 2026-09-04 23:06:27 PDT
# preflight OK: loadavg [0.92431640625, 1.255859375, 1.4296875] · gpu None · compute apps []
# cell gate ok, loadavg [0.92431640625, 1.255859375, 1.4296875]
# running --cpu-fast-attention=true ...
{"fast_attention": true, "runs": [16.95904625867644, 16.848806732993086, 16.886410434535428, 16.724596438808234, 16.766941426930945], "mean": 16.84, "spread": 0.23, "ncomp": 8, "nruns": 5}
# running --cpu-fast-attention=false ...
# cell gate: loadavg 6.94 > 1.00, waiting (0/600s)
# cell gate: loadavg 5.25 > 1.00, waiting (20/600s)
# cell gate: loadavg 4.04 > 1.00, waiting (40/600s)
# cell gate: loadavg 3.18 > 1.00, waiting (60/600s)
# cell gate: loadavg 2.54 > 1.00, waiting (80/600s)
# cell gate: loadavg 2.31 > 1.00, waiting (100/600s)
# cell gate: loadavg 2.09 > 1.00, waiting (120/600s)
# cell gate: loadavg 1.78 > 1.00, waiting (140/600s)
# cell gate: loadavg 1.62 > 1.00, waiting (160/600s)
# cell gate: loadavg 1.38 > 1.00, waiting (180/600s)
# cell gate: loadavg 1.27 > 1.00, waiting (200/600s)
# cell gate: loadavg 1.21 > 1.00, waiting (220/600s)
# cell gate: loadavg 1.29 > 1.00, waiting (240/600s)
# cell gate: loadavg 1.44 > 1.00, waiting (260/600s)
# cell gate: loadavg 1.50 > 1.00, waiting (280/600s)
# cell gate: loadavg 1.43 > 1.00, waiting (300/600s)
# cell gate: loadavg 1.31 > 1.00, waiting (320/600s)
# cell gate: loadavg 1.36 > 1.00, waiting (340/600s)
# cell gate: loadavg 1.34 > 1.00, waiting (360/600s)
# cell gate: loadavg 1.34 > 1.00, waiting (380/600s)
# cell gate: loadavg 1.31 > 1.00, waiting (400/600s)
# cell gate: loadavg 1.30 > 1.00, waiting (420/600s)
# cell gate: loadavg 1.21 > 1.00, waiting (440/600s)
# cell gate: loadavg 1.08 > 1.00, waiting (460/600s)
# cell gate: loadavg 1.05 > 1.00, waiting (480/600s)
# cell gate: loadavg 1.04 > 1.00, waiting (500/600s)
{"fast_attention": false, "runs": [16.633851987105018, 16.61689805113646, 16.4609372906707, 16.48885025736584, 16.44850065339968], "mean": 16.53, "spread": 0.19, "ncomp": 8, "nruns": 5}
# wrote /Users/francistownsend-merino/tmcode/goinfer/docs/measurements/peer-matrix-2026-09/mac-m1pro-s-cpu-fast-attention-2026-09-04.json
DONE: 2026-09-05 02:45:00 PDT
