gc 1 @0.003s 1%: 0.005+0.29+0.003 ms clock, 0.042+0/0.41/0.010+0.025 ms cpu, 31->31->31 MB, 31 MB goal, 0 MB stacks, 0 MB globals, 8 P
gc 2 @0.111s 0%: 0.017+2.6+0.013 ms clock, 0.13+0.26/4.7/10+0.10 ms cpu, 60->61->47 MB, 62 MB goal, 0 MB stacks, 0 MB globals, 8 P
gc 3 @0.201s 0%: 0.028+4.7+0.015 ms clock, 0.22+0/7.5/13+0.12 ms cpu, 93->94->51 MB, 94 MB goal, 0 MB stacks, 0 MB globals, 8 P
gc 4 @0.262s 1%: 0.021+5.4+0.019 ms clock, 0.17+0.079/8.7/21+0.15 ms cpu, 100->101->67 MB, 103 MB goal, 0 MB stacks, 0 MB globals, 8 P
gc 5 @0.292s 1%: 0.029+4.1+0.003 ms clock, 0.23+3.5/7.8/17+0.029 ms cpu, 131->137->97 MB, 135 MB goal, 0 MB stacks, 0 MB globals, 8 P
gc 6 @40.774s 0%: 0.40+30+0.14 ms clock, 3.2+0.22/41/98+1.1 ms cpu, 175->182->138 MB, 195 MB goal, 0 MB stacks, 0 MB globals, 8 P
gc 7 @41.130s 0%: 0.057+12+0.038 ms clock, 0.45+0/14/33+0.30 ms cpu, 250->261->184 MB, 277 MB goal, 0 MB stacks, 0 MB globals, 8 P
gc 8 @41.681s 0%: 0.067+19+0.045 ms clock, 0.53+0.080/13/32+0.36 ms cpu, 351->358->279 MB, 368 MB goal, 0 MB stacks, 0 MB globals, 8 P
gc 9 @42.433s 0%: 0.036+6.6+0.046 ms clock, 0.29+0.022/12/27+0.37 ms cpu, 531->532->366 MB, 559 MB goal, 0 MB stacks, 0 MB globals, 8 P
gc 10 @43.466s 0%: 0.063+20+0.018 ms clock, 0.50+4.5/12/27+0.14 ms cpu, 711->719->561 MB, 732 MB goal, 0 MB stacks, 0 MB globals, 8 P
gc 11 @45.193s 0%: 0.040+21+0.14 ms clock, 0.32+0/14/43+1.1 ms cpu, 1098->1100->785 MB, 1123 MB goal, 0 MB stacks, 0 MB globals, 8 P
gc 12 @47.878s 0%: 0.037+17+0.031 ms clock, 0.30+0.082/15/31+0.24 ms cpu, 1549->1556->1173 MB, 1570 MB goal, 0 MB stacks, 0 MB globals, 8 P
gc 13 @52.095s 0%: 0.38+31+0.004 ms clock, 3.0+0/61/166+0.032 ms cpu, 1971->1971->1531 MB, 2346 MB goal, 0 MB stacks, 0 MB globals, 8 P (forced)
loaded "gemma4-26b-int4-v12-hf.giw": 30-layer model (vocab 262144) in 51.808s [chat: gemma4]
  decode path: metal-resident (int4)
  prefill path: sequential — arch/geometry not supported by f16 MMA prefill kernel
  context: 512 tokens (--ctx; model maximum 262144) · KV f32
  fit: 512-token cap needs 0.2 GB KV (weights 15.0 GB, budget 2.3 GB, 2.1 GB left for a request's own prefill)
  session reuse: OFF — resident decode is stateless, so every turn re-prefills its whole prompt
  features: tools: parse-only (a named tool_choice cannot be constrained on this template) · structured output
swap guard: armed, threshold +512 MB over baseline
goinfer serving on http://127.0.0.1:18094 [chat:[gemma4-26b-int4-v12-hf.giw]]
  routes: /v1/chat/completions /v1/completions /v1/responses /v1/messages /v1/embeddings
  web UI: off (-web enables a browser UI at / for chat and model pulls)
warning: no -api-key set — any web page open in your browser can silently send requests to this API while it's running. Set -api-key (or $GOINFER_API_KEY) to require authentication.
request body cap: 48.0 MiB (text) / 80.0 MiB (vision) / 64.0 MiB (embeddings) / 64.0 MiB (batch files) [derived from context window]
swap guard: baseline 0.33 GB swap-used
goinfer: batched prefill declined for a 96-token prompt, falling back to the per-token path (slower TTFT; each distinct reason is reported once): metal: prefill not implemented for this arch's FFN shape (use the sequential path)

shutting down…
