stream-weights: transcoding lfm25-vl-1.6b → lfm25-vl-1.6b.int4.metal.giw (int4, one-time — minutes + ~model-size on disk)…
note: loading /Users/francistownsend-merino/models/lfm25-vl-1.6b directly: its sidecar .giw could not be built (self-check: decoder: serialized weights: layer 0 GateProj: 8192 rows, arch expects 5632)
swap guard (load): not armed for /Users/francistownsend-merino/models/lfm25-vl-1.6b — only a direct .gguf build is watched, so a swap-growing load is not stopped here; the serving watch arms once the server is up
decoder: context capped at 99675 (model allows 128000) so that KV fits: weights 2.8 GB + KV 2.3 GB of budget 5.1 GB — pass -ctx to choose, or -stream-weights to lift
loaded "lfm25-vl-1.6b": 16-layer model (vocab 65536) in 1.383s [chat: chatml, thinking: unmanaged]
  decode path: cpu (int4) — requested metal → running on cpu: arch is not eligible for the resident decode runner, and metal has no staged decode path
  prefill path: sequential — this arch has its own per-token forward (no batched CPU prefill)
  head table: int8
  context: 128000 tokens (model maximum) · KV f32 — the CPU path has no --ctx cap: KV is allocated per request, so this is a ceiling, not memory held; a GPU-resident load caps it with --ctx, but this model declined one (see decode path)
  fit: 99675-token cap needs 2.3 GB KV (weights 1.2 GB, budget 4.0 GB, 1.7 GB left for a request's own prefill)
  session reuse: on (4 conversations kept prefilled)
  features: tools (constrainable call form) · structured output
loaded LFM2-VL vision tower for "lfm25-vl-1.6b" (SigLIP2 NaFlex, 27 layers, image token id 396, tower on CPU, float32) from /Users/francistownsend-merino/models/lfm25-vl-1.6b
"lfm25-vl-1.6b" concurrency: one generation at a time — -max-concurrent 4 applies to CPU models and to GPU-resident models that batch decode (a weight-streaming or vision model runs one)
swap guard: armed, threshold +512 MB over baseline
goinfer serving on http://127.0.0.1:18459 [chat:[lfm25-vl-1.6b]]
  routes: /v1/chat/completions /v1/completions /v1/responses /v1/messages /v1/embeddings
  web UI: off (-web enables a browser UI at / for chat and model pulls)
warning: no -api-key set — any web page open in your browser can silently send requests to this API while it's running. Set -api-key (or $GOINFER_API_KEY) to require authentication.
request body cap: 11.2 MiB (text) / 43.2 MiB (vision) / 64.0 MiB (embeddings) / 64.0 MiB (batch files) [derived from context window]
swap guard: baseline 4.26 GB swap-used
vision: encoded a 59792-byte image in 25.606s (sha256 d4352b06); a resend of it will skip this
vision: reused the cached encode of this image (59792 bytes, sha256 d4352b06)
vision: encoded a 23028-byte image in 18.804s (sha256 07b31211); a resend of it will skip this

shutting down…
