swap guard (load): not armed for /Users/francistownsend-merino/models/gemma-3-4b-it.int4.metal.giw — only a direct .gguf build is watched, so a swap-growing load is not stopped here; the serving watch arms once the server is up
metal: 2 resident KV slots (Metal's default; 4 asked by default, -kv-sessions N keeps N if memory allows)
[metal] weights aliased from gemma-3-4b-it.int4.metal.giw (GOINFER_METAL_ALIAS=0 to copy instead): 2361 MB bound in place, 1 MB copied (anonymous) — 1530 MB int4 nibbles (68 single tensors + 68 fused groups = 1020 MB) + 640 MB int8 codes (1 matrices) + 191 MB f16 scales; copied: 0 heap-backed, 0 unaligned, 0 fused groups not adjacent, 0 scale sets converted
metal: KV plan: 2 conversation(s) x 4096 positions (1.2 GB left for the vision tower or drafter)
loaded "gemma-3-4b-it": 34-layer model (vocab 262208) in 1.25s [chat: gemma3]
  decode path: metal-resident (int4)
  prefill path: batched f16-MMA above 16 prompt tokens; sequential below (§3 floor)
  context: 4096 tokens (model maximum) · KV f16
  fit: 4096-token cap needs 0.5 GB KV (weights 2.3 GB, budget 5.4 GB, 4.8 GB left for a request's own prefill)
  session reuse: on the GPU cache, 2 conversations kept resident — each reuses its own prefix; a further one takes the least recently used slot and re-prefills (--kv-sessions not given: Metal keeps 2 by default, and a memory guard may keep fewer; --kv-sessions 4 asks for 4)
  features: tools: parse-only (a named tool_choice cannot be constrained on this template) · structured output
loaded vision tower for "gemma-3-4b-it" (256 image tokens/image, soft-token id 262144, encoder f32/metal-resident) from /Users/francistownsend-merino/models/gemma-3-4b-it
"gemma-3-4b-it" concurrency: one generation at a time — -max-concurrent 4 needs a resident that batches decode (a dense family on 2+ resident KV slots, no speculation or adapter)
swap guard: armed, threshold +512 MB over baseline
goinfer serving on http://127.0.0.1:18461 [chat:[gemma-3-4b-it]]
  routes: /v1/chat/completions /v1/completions /v1/responses /v1/messages /v1/embeddings
  web UI: off (-web enables a browser UI at / for chat and model pulls)
warning: no -api-key set — any web page open in your browser can silently send requests to this API while it's running. Set -api-key (or $GOINFER_API_KEY) to require authentication.
request body cap: 4.0 MiB (text) / 36.0 MiB (vision) / 64.0 MiB (embeddings) / 64.0 MiB (batch files) [derived from context window]
swap guard: baseline 5.11 GB swap-used
vision: encoded a 59792-byte image in 2.722s (sha256 d4352b06); a resend of it will skip this

shutting down…
