=== RUN   TestGlmOcrE2E_f32
=== RUN   TestGlmOcrE2E_f32/invoice
[glm-ocr e2e] loaded f32 decoder + tower in 2s
    glm_ocr_e2e_real_test.go:330: preprocess 0.1s: grid [1 92 72] (6624 patches, 1656 image tokens)
    glm_ocr_e2e_real_test.go:337: pixel_values vs HF (7789824 floats): bit-identical 99.9671%, differ 2562, > 1 level 858 (0.0110%), max|diff| 0.0300 (2.1 levels), mean|diff| 4.82e-06, p99 (sampled) 0.0000
[glm-ocr e2e] goinfer-pixels tower: still running, 30s
    glm_ocr_e2e_real_test.go:341: [goinfer-pixels] tower 45s for 6624 patches -> 1656 image tokens
    glm_ocr_e2e_real_test.go:341: [goinfer-pixels] last-prompt-token logits vs HF: cosine 0.999999995, max|diff| 0.00198 at id 57469 (HF logit 7.0655, range 43.09), argmax goinfer 1330 HF 1330
    glm_ocr_e2e_real_test.go:341: [goinfer-pixels] generate 17s (prefill + 64 decode steps)
    glm_ocr_e2e_real_test.go:341: [goinfer-pixels] TOKEN-IDENTICAL: 64/64 tokens equal HF's (HF stopped at <nil>)
=== RUN   TestGlmOcrE2E_f32/table
    glm_ocr_e2e_real_test.go:330: preprocess 0.1s: grid [1 64 86] (5504 patches, 1376 image tokens)
    glm_ocr_e2e_real_test.go:337: pixel_values vs HF (6472704 floats): bit-identical 99.8805%, differ 7736, > 1 level 2590 (0.0400%), max|diff| 0.0300 (2.1 levels), mean|diff| 1.75e-05, p99 (sampled) 0.0000
[glm-ocr e2e] goinfer-pixels tower: still running, 30s
    glm_ocr_e2e_real_test.go:341: [goinfer-pixels] tower 33s for 5504 patches -> 1376 image tokens
    glm_ocr_e2e_real_test.go:341: [goinfer-pixels] last-prompt-token logits vs HF: cosine 1.000000000, max|diff| 0.000464 at id 14721 (HF logit -7.4169, range 44.00), argmax goinfer 41681 HF 41681
    glm_ocr_e2e_real_test.go:341: [goinfer-pixels] generate 15s (prefill + 64 decode steps)
    glm_ocr_e2e_real_test.go:341: [goinfer-pixels] TOKEN-IDENTICAL: 64/64 tokens equal HF's (HF stopped at <nil>)
=== RUN   TestGlmOcrE2E_f32/formula
    glm_ocr_e2e_real_test.go:330: preprocess 0.1s: grid [1 86 72] (6192 patches, 1548 image tokens)
    glm_ocr_e2e_real_test.go:337: pixel_values vs HF (7281792 floats): bit-identical 99.9654%, differ 2520, > 1 level 844 (0.0116%), max|diff| 0.0300 (2.1 levels), mean|diff| 5.07e-06, p99 (sampled) 0.0000
[glm-ocr e2e] goinfer-pixels tower: still running, 30s
    glm_ocr_e2e_real_test.go:341: [goinfer-pixels] tower 41s for 6192 patches -> 1548 image tokens
    glm_ocr_e2e_real_test.go:341: [goinfer-pixels] last-prompt-token logits vs HF: cosine 0.999999990, max|diff| 0.0028 at id 3214 (HF logit -4.8523, range 46.97), argmax goinfer 13628 HF 13628
    glm_ocr_e2e_real_test.go:341: [goinfer-pixels] generate 16s (prefill + 64 decode steps)
    glm_ocr_e2e_real_test.go:341: [goinfer-pixels] TOKEN-IDENTICAL: 64/64 tokens equal HF's (HF stopped at <nil>)
--- PASS: TestGlmOcrE2E_f32 (191.76s)
    --- PASS: TestGlmOcrE2E_f32/invoice (71.72s)
    --- PASS: TestGlmOcrE2E_f32/table (55.32s)
    --- PASS: TestGlmOcrE2E_f32/formula (64.73s)
PASS
ok  	github.com/townsendmerino/goinfer/decoder	191.806s
