=== RUN   TestZZQ25VLDecodeDiag
decoder: context capped at 17028 (model allows 128000) so that KV fits: weights 3.6 GB + KV 1.2 GB of budget 4.7 GB — pass -ctx to choose, or -stream-weights to lift
[E done {20 1}]
[E done {20 2}]
[E done {20 3}]
[E done {20 4}]
[E done {1562 1}]
[E done {1562 2}]
[E done {1562 3}]
[E done {1562 4}]
decoder: .giw context capped at 69649 (model allows 128000) so that KV+scratch fits: needs ~5.03 GB of 6.03 GB available (1 GB margin) — pass -ctx to choose, or free memory to lift
[F done {20 1}]
[F done {20 2}]
[F done {20 3}]
[F done {20 4}]
[F done {1562 1}]
[F done {1562 2}]
[F done {1562 3}]
[F done {1562 4}]
[metal] weights aliased from qwen25vl-3b-instruct.int4.metal.giw (GOINFER_METAL_ALIAS=0 to copy instead): 1785 MB bound in place, 1 MB copied (anonymous) — 1323 MB int4 nibbles (72 single tensors + 72 fused groups = 864 MB) + 297 MB int8 codes (1 matrices) + 165 MB f16 scales; copied: 0 heap-backed, 0 unaligned, 0 fused groups not adjacent, 0 scale sets converted
[dec n=  20 s=1 k=0] A-B 0.7895 | vs E: D 0.9222 A 0.9222 B 0.8596 C 0.9211 F 0.8573 | vs F: D 0.7823 A 0.7823 B 0.9945 C 0.8907 | argmax E 367 F 367 D 319 A 319 B 367 C 319
[dec n=  20 s=1 k=1] A-B 0.9943 | vs E: D 0.9933 A 0.9923 B 0.9899 C 0.9925 F 0.9904 | vs F: D 0.9941 A 0.9945 B 0.9983 C 0.9940 | argmax E 319 F 319 D 319 A 319 B 319 C 21567
[dec n=  20 s=1 k=2] A-B 0.9083 | vs E: D 0.9399 A 0.9331 B 0.9420 C 0.9624 F 0.9725 | vs F: D 0.9482 A 0.9396 B 0.9776 C 0.9798 | argmax E 2570 F 1771 D 2570 A 2570 B 2570 C 1771
[dec n=  20 s=1 k=3] A-B 0.9939 | vs E: D 0.9943 A 0.9900 B 0.9895 C 0.9799 F 0.9904 | vs F: D 0.9926 A 0.9942 B 0.9987 C 0.9885 | argmax E 73594 F 73594 D 73594 A 73594 B 73594 C 2
[dec n=  20 s=1 k=4] A-B 0.9961 | vs E: D 0.9906 A 0.9922 B 0.9929 C 0.9934 F 0.9935 | vs F: D 0.9952 A 0.9971 B 0.9986 C 0.9970 | argmax E 871 F 871 D 871 A 871 B 871 C 871
[dec n=  20 s=1 k=5] A-B 0.9967 | vs E: D 0.9967 A 0.9961 B 0.9963 C 0.9970 F 0.9972 | vs F: D 0.9980 A 0.9973 B 0.9992 C 0.9982 | argmax E 40 F 785 D 785 A 785 B 14374 C 14374
[dec n=  20 s=1 k=6] A-B 0.9967 | vs E: D 0.9938 A 0.9941 B 0.9941 C 0.9952 F 0.9958 | vs F: D 0.9959 A 0.9969 B 0.9985 C 0.9969 | argmax E 614 F 614 D 2776 A 2776 B 2776 C 2776
[dec n=  20 s=1 k=7] A-B 0.9967 | vs E: D 0.9940 A 0.9943 B 0.9932 C 0.9946 F 0.9953 | vs F: D 0.9971 A 0.9976 B 0.9986 C 0.9980 | argmax E 6679 F 6679 D 6679 A 6679 B 6679 C 264
[dec n=  20 s=1 k=8] A-B 0.9920 | vs E: D 0.9861 A 0.9883 B 0.9898 C 0.9817 F 0.9923 | vs F: D 0.9891 A 0.9911 B 0.9954 C 0.9857 | argmax E 311 F 311 D 311 A 311 B 311 C 311
[dec n=  20 s=2 k=0] A-B 0.9506 | vs E: D 0.9017 A 0.9017 B 0.9359 C 0.9238 F 0.9418 | vs F: D 0.9299 A 0.9299 B 0.9872 C 0.9559 | argmax E 72 F 72 D 72 A 72 B 72 C 72
[dec n=  20 s=2 k=1] A-B 0.9835 | vs E: D 0.9340 A 0.9442 B 0.9202 C 0.9400 F 0.9181 | vs F: D 0.9861 A 0.9824 B 0.9954 C 0.9819 | argmax E 198 F 198 D 198 A 198 B 198 C 198
[dec n=  20 s=2 k=2] A-B 0.9824 | vs E: D 0.9811 A 0.9824 B 0.9692 C 0.9800 F 0.9724 | vs F: D 0.9833 A 0.9864 B 0.9966 C 0.9855 | argmax E 151645 F 322 D 286 A 715 B 322 C 286
[dec n=  20 s=2 k=3] A-B 0.9111 | vs E: D 0.8611 A 0.8413 B 0.8616 C 0.8610 F 0.8650 | vs F: D 0.9084 A 0.9491 B 0.9500 C 0.8931 | argmax E 198 F 198 D 198 A 198 B 198 C 198
[dec n=  20 s=2 k=4] A-B 0.7928 | vs E: D 0.9161 A 0.9388 B 0.7100 C 0.9448 F 0.9381 | vs F: D 0.9637 A 0.9750 B 0.8145 C 0.9748 | argmax E 151644 F 151644 D 151644 A 151644 B 151644 C 151644
[dec n=  20 s=2 k=5] A-B 0.9796 | vs E: D 0.1686 A 0.2205 B 0.1770 C 0.1824 F 0.2503 | vs F: D 0.9682 A 0.9750 B 0.9708 C 0.9680 | argmax E 198 F 198 D 198 A 198 B 198 C 198
[dec n=  20 s=2 k=6] A-B 0.9456 | vs E: D 0.8849 A 0.8217 B 0.6806 C 0.8196 F 0.8782 | vs F: D 0.9745 A 0.9639 B 0.8734 C 0.9618 | argmax E 151644 F 151644 D 151644 A 151644 B 151645 C 151644
[dec n=  20 s=2 k=7] A-B 0.9611 | vs E: D 0.9641 A 0.9635 B 0.9342 C 0.9660 F 0.9690 | vs F: D 0.9943 A 0.9934 B 0.9621 C 0.9933 | argmax E 198 F 198 D 198 A 198 B 198 C 198
[dec n=  20 s=2 k=8] A-B 0.6970 | vs E: D 0.7854 A 0.1853 B 0.7734 C 0.8032 F 0.7271 | vs F: D 0.9833 A 0.7498 B 0.9837 C 0.9769 | argmax E 151644 F 151644 D 151644 A 151645 B 151644 C 151644
[dec n=  20 s=3 k=0] A-B 0.9934 | vs E: D 0.9903 A 0.9903 B 0.9907 C 0.9898 F 0.9920 | vs F: D 0.9957 A 0.9957 B 0.9985 C 0.9962 | argmax E 2296 F 2296 D 2296 A 2296 B 2296 C 2296
[dec n=  20 s=3 k=1] A-B 0.9916 | vs E: D 0.9700 A 0.9702 B 0.9682 C 0.9740 F 0.9774 | vs F: D 0.9901 A 0.9913 B 0.9944 C 0.9916 | argmax E 30 F 300 D 300 A 300 B 30 C 300
[dec n=  20 s=3 k=2] A-B 0.9805 | vs E: D 0.9628 A 0.9558 B 0.9663 C 0.9712 F 0.9713 | vs F: D 0.9881 A 0.9829 B 0.9927 C 0.9851 | argmax E 1316 F 1316 D 1316 A 1316 B 1316 C 764
[dec n=  20 s=3 k=3] A-B 0.9808 | vs E: D 0.9706 A 0.9693 B 0.9688 C 0.9680 F 0.9726 | vs F: D 0.9873 A 0.9837 B 0.9941 C 0.9858 | argmax E 1208 F 1208 D 1208 A 1208 B 1208 C 1208
[dec n=  20 s=3 k=4] A-B 0.9957 | vs E: D 0.9439 A 0.9518 B 0.9536 C 0.9555 F 0.9578 | vs F: D 0.9880 A 0.9889 B 0.9908 C 0.9892 | argmax E 1687 F 1687 D 30 A 30 B 1316 C 1687
[dec n=  20 s=3 k=5] A-B 0.9942 | vs E: D 0.9118 A 0.9204 B 0.9233 C 0.9298 F 0.8861 | vs F: D 0.9918 A 0.9898 B 0.9883 C 0.9851 | argmax E 400 F 400 D 400 A 400 B 400 C 400
[dec n=  20 s=3 k=6] A-B 0.9873 | vs E: D 0.9806 A 0.9780 B 0.9787 C 0.9815 F 0.9740 | vs F: D 0.9860 A 0.9811 B 0.9904 C 0.9868 | argmax E 574 F 574 D 574 A 574 B 307 C 307
[dec n=  20 s=3 k=7] A-B 0.9973 | vs E: D 0.9894 A 0.9886 B 0.9882 C 0.9891 F 0.9841 | vs F: D 0.9919 A 0.9921 B 0.9942 C 0.9909 | argmax E 405 F 405 D 405 A 405 B 405 C 405
[dec n=  20 s=3 k=8] A-B 0.9904 | vs E: D 0.8878 A 0.8919 B 0.8991 C 0.9230 F 0.8964 | vs F: D 0.9868 A 0.9892 B 0.9912 C 0.9765 | argmax E 455 F 455 D 455 A 307 B 455 C 455
[dec n=  20 s=4 k=0] A-B 0.9818 | vs E: D 0.9638 A 0.9638 B 0.9589 C 0.9659 F 0.9569 | vs F: D 0.9792 A 0.9792 B 0.9984 C 0.9815 | argmax E 10478 F 445 D 10478 A 10478 B 445 C 10478
[dec n=  20 s=4 k=1] A-B 0.9775 | vs E: D 0.9235 A 0.9130 B 0.9160 C 0.9296 F 0.9272 | vs F: D 0.9831 A 0.9770 B 0.9868 C 0.9822 | argmax E 278 F 278 D 278 A 278 B 278 C 278
[dec n=  20 s=4 k=2] A-B 0.9946 | vs E: D 0.9821 A 0.9784 B 0.9821 C 0.9814 F 0.9810 | vs F: D 0.9930 A 0.9934 B 0.9977 C 0.9937 | argmax E 11 F 11 D 11 A 11 B 11 C 11
[dec n=  20 s=4 k=3] A-B 0.9950 | vs E: D 0.9664 A 0.9687 B 0.9722 C 0.9663 F 0.9705 | vs F: D 0.9963 A 0.9965 B 0.9979 C 0.9960 | argmax E 330 F 330 D 330 A 330 B 330 C 330
[dec n=  20 s=4 k=4] A-B 0.9873 | vs E: D 0.9742 A 0.9722 B 0.9784 C 0.9751 F 0.9787 | vs F: D 0.9873 A 0.9838 B 0.9941 C 0.9888 | argmax E 10681 F 86 D 10681 A 10681 B 10681 C 86
[dec n=  20 s=4 k=5] A-B 0.9954 | vs E: D 0.9843 A 0.9866 B 0.9879 C 0.9830 F 0.9873 | vs F: D 0.9963 A 0.9963 B 0.9973 C 0.9959 | argmax E 899 F 899 D 899 A 899 B 899 C 899
[dec n=  20 s=4 k=6] A-B -0.0222 | vs E: D 0.0142 A -0.0176 B 0.9862 C 0.2211 F 0.9848 | vs F: D 0.0074 A -0.0246 B 0.9973 C 0.2158 | argmax E 151645 F 220 D 121105 A 113503 B 621 C 122017
[dec n=  20 s=4 k=7] A-B 0.9415 | vs E: D 0.8762 A 0.8641 B 0.8780 C 0.8667 F 0.8774 | vs F: D 0.9591 A 0.9279 B 0.9798 C 0.9264 | argmax E 198 F 198 D 198 A 198 B 198 C 198
[dec n=  20 s=4 k=8] A-B 0.8710 | vs E: D 0.9796 A 0.8887 B 0.9831 C 0.7544 F 0.9730 | vs F: D 0.9806 A 0.9491 B 0.9663 C 0.8434 | argmax E 151645 F 151645 D 151645 A 151645 B 86819 C 151645
[dec n=1562 s=1 k=0] A-B 0.9827 | vs E: D 0.9634 A 0.9634 B 0.9641 C 0.9549 F 0.9702 | vs F: D 0.9848 A 0.9848 B 0.9977 C 0.9809 | argmax E 198 F 477 D 477 A 477 B 798 C 477
[dec n=1562 s=1 k=1] A-B 0.9905 | vs E: D 0.9819 A 0.9835 B 0.9791 C 0.9840 F 0.9854 | vs F: D 0.9939 A 0.9938 B 0.9962 C 0.9934 | argmax E 220 F 220 D 92 A 200 B 151645 C 92
[dec n=1562 s=1 k=2] A-B 0.6002 | vs E: D -0.1963 A -0.0548 B -0.5793 C -0.1863 F 0.3573 | vs F: D 0.2559 A 0.4992 B 0.4416 C 0.2586 | argmax E 16 F 716 D 16 A 113503 B 121105 C 16
[dec n=1562 s=1 k=3] A-B 0.9977 | vs E: D 0.9963 A 0.9966 B 0.9953 C 0.9967 F 0.9961 | vs F: D 0.9984 A 0.9983 B 0.9987 C 0.9983 | argmax E 13 F 15 D 15 A 15 B 13 C 15
[dec n=1562 s=1 k=4] A-B 0.9915 | vs E: D -0.4105 A 0.9431 B 0.9399 C -0.3903 F 0.9073 | vs F: D -0.2866 A 0.9634 B 0.9629 C -0.2944 | argmax E 15 F 15 D 106519 A 3070 B 1304 C 122017
[dec n=1562 s=1 k=5] A-B 0.9975 | vs E: D 0.9965 A 0.9968 B 0.9959 C 0.9968 F 0.9973 | vs F: D 0.9982 A 0.9984 B 0.9987 C 0.9981 | argmax E 13 F 13 D 13 A 15 B 13 C 13
[dec n=1562 s=1 k=6] A-B 0.9531 | vs E: D 0.3093 A 0.3096 B 0.2091 C 0.4210 F 0.4340 | vs F: D 0.0289 A 0.1308 B 0.1627 C 0.2416 | argmax E 15 F 2130 D 122017 A 122017 B 121105 C 33952
[dec n=1562 s=1 k=7] A-B 0.9984 | vs E: D 0.9955 A 0.9957 B 0.9946 C 0.9960 F 0.9966 | vs F: D 0.9981 A 0.9982 B 0.9981 C 0.9987 | argmax E 13 F 13 D 13 A 13 B 13 C 13
[dec n=1562 s=1 k=8] A-B 0.9036 | vs E: D 0.9827 A 0.8933 B 0.9791 C 0.9213 F 0.9823 | vs F: D 0.9936 A 0.8922 B 0.9922 C 0.9250 | argmax E 15 F 15 D 15 A 138275 B 15 C 14463
[dec n=1562 s=2 k=0] A-B 0.9675 | vs E: D 0.9528 A 0.9528 B 0.9596 C 0.9315 F 0.9582 | vs F: D 0.9750 A 0.9750 B 0.9950 C 0.9676 | argmax E 13 F 13 D 13 A 13 B 13 C 13805
[dec n=1562 s=2 k=1] A-B -0.3556 | vs E: D 0.1608 A 0.1179 B 0.2819 C 0.1231 F 0.4685 | vs F: D 0.0611 A -0.1153 B 0.6841 C -0.1069 | argmax E 197 F 716 D 58390 A 88496 B 112037 C 115487
[dec n=1562 s=2 k=2] A-B 0.9936 | vs E: D 0.9933 A 0.9930 B 0.9927 C 0.9938 F 0.9939 | vs F: D 0.9959 A 0.9960 B 0.9979 C 0.9967 | argmax E 151645 F 151645 D 151645 A 151645 B 197 C 151645
[dec n=1562 s=2 k=3] A-B 0.9843 | vs E: D 0.9457 A 0.9526 B 0.9316 C 0.9463 F 0.9422 | vs F: D 0.9916 A 0.9869 B 0.9910 C 0.9892 | argmax E 198 F 198 D 198 A 198 B 198 C 198
[dec n=1562 s=2 k=4] A-B 0.0375 | vs E: D 0.9132 A 0.0560 B 0.9503 C 0.2404 F 0.9050 | vs F: D 0.9880 A 0.0379 B 0.9661 C 0.2474 | argmax E 151645 F 7926 D 7926 A 122017 B 151645 C 122017
[dec n=1562 s=2 k=5] A-B 0.9907 | vs E: D 0.9561 A 0.9540 B 0.9541 C 0.9528 F 0.9563 | vs F: D 0.9919 A 0.9922 B 0.9909 C 0.9908 | argmax E 198 F 198 D 198 A 198 B 198 C 198
[dec n=1562 s=2 k=6] A-B 0.9928 | vs E: D 0.9250 A 0.9084 B 0.9296 C 0.9134 F 0.9500 | vs F: D 0.9794 A 0.9714 B 0.9845 C 0.9735 | argmax E 151645 F 151645 D 151645 A 151645 B 151645 C 151645
[dec n=1562 s=2 k=7] A-B 0.9946 | vs E: D 0.9592 A 0.9574 B 0.9583 C 0.9562 F 0.9590 | vs F: D 0.9848 A 0.9899 B 0.9910 C 0.9865 | argmax E 151645 F 198 D 198 A 198 B 198 C 198
[dec n=1562 s=2 k=8] A-B 0.9894 | vs E: D 0.9570 A 0.9567 B 0.9431 C 0.9431 F 0.9583 | vs F: D 0.9904 A 0.9930 B 0.9926 C 0.9902 | argmax E 198 F 198 D 198 A 198 B 198 C 198
[dec n=1562 s=3 k=0] A-B 0.9928 | vs E: D 0.9904 A 0.9904 B 0.9874 C 0.9896 F 0.9849 | vs F: D 0.9904 A 0.9904 B 0.9970 C 0.9893 | argmax E 198 F 197 D 267 A 267 B 197 C 267
[dec n=1562 s=3 k=1] A-B -0.3310 | vs E: D -0.1372 A -0.2912 B 0.8656 C 0.3615 F 0.8348 | vs F: D -0.0959 A -0.2741 B 0.9185 C 0.3672 | argmax E 27 F 82 D 115283 A 121552 B 11 C 119812
[dec n=1562 s=3 k=2] A-B 0.9884 | vs E: D 0.9862 A 0.9851 B 0.9840 C 0.9872 F 0.9854 | vs F: D 0.9890 A 0.9875 B 0.9930 C 0.9897 | argmax E 2665 F 220 D 2665 A 2665 B 200 C 271
[dec n=1562 s=3 k=3] A-B 0.9965 | vs E: D 0.9942 A 0.9935 B 0.9936 C 0.9935 F 0.9935 | vs F: D 0.9967 A 0.9971 B 0.9978 C 0.9965 | argmax E 5704 F 5704 D 5704 A 5704 B 5704 C 5704
[dec n=1562 s=3 k=4] A-B 0.9970 | vs E: D 0.9927 A 0.9935 B 0.9921 C 0.9947 F 0.9931 | vs F: D 0.9966 A 0.9969 B 0.9985 C 0.9968 | argmax E 13623 F 13623 D 13623 A 13623 B 13623 C 13623
[dec n=1562 s=3 k=5] A-B 0.9932 | vs E: D 0.9712 A 0.9743 B 0.9803 C 0.9745 F 0.9811 | vs F: D 0.9936 A 0.9942 B 0.9973 C 0.9939 | argmax E 21542 F 21542 D 21542 A 21542 B 21542 C 21542
[dec n=1562 s=3 k=6] A-B 0.9936 | vs E: D 0.9780 A 0.9775 B 0.9830 C 0.9807 F 0.9821 | vs F: D 0.9940 A 0.9940 B 0.9978 C 0.9958 | argmax E 29461 F 29461 D 29461 A 29461 B 29461 C 29461
[dec n=1562 s=3 k=7] A-B 0.9845 | vs E: D 0.8651 A 0.8850 B 0.9103 C 0.8904 F 0.9185 | vs F: D 0.9760 A 0.9804 B 0.9927 C 0.9800 | argmax E 37380 F 37380 D 37380 A 37380 B 37380 C 37380
[dec n=1562 s=3 k=8] A-B 0.9775 | vs E: D 0.9239 A 0.9204 B 0.9591 C 0.9319 F 0.9618 | vs F: D 0.9779 A 0.9753 B 0.9965 C 0.9812 | argmax E 45299 F 45299 D 45299 A 45299 B 45299 C 45299
[dec n=1562 s=4 k=0] A-B 0.9727 | vs E: D 0.9486 A 0.9486 B 0.9426 C 0.9479 F 0.9497 | vs F: D 0.9815 A 0.9815 B 0.9957 C 0.9736 | argmax E 271 F 271 D 2010 A 2010 B 271 C 1241
[dec n=1562 s=4 k=1] A-B 0.5702 | vs E: D -0.4691 A -0.3773 B -0.3950 C -0.2401 F 0.7047 | vs F: D -0.1986 A -0.1204 B -0.1796 C 0.0723 | argmax E 27 F 716 D 122017 A 122017 B 121105 C 122017
[dec n=1562 s=4 k=2] A-B 0.9829 | vs E: D 0.9589 A 0.9608 B 0.9755 C 0.9592 F 0.9746 | vs F: D 0.9753 A 0.9778 B 0.9916 C 0.9786 | argmax E 271 F 1851 D 1851 A 1851 B 1851 C 1851
[dec n=1562 s=4 k=3] A-B 0.9962 | vs E: D 0.9879 A 0.9873 B 0.9875 C 0.9870 F 0.9833 | vs F: D 0.9912 A 0.9903 B 0.9943 C 0.9908 | argmax E 151645 F 73594 D 73594 A 73594 B 73594 C 73594
[dec n=1562 s=4 k=4] A-B 0.9243 | vs E: D 0.8580 A 0.8782 B 0.8723 C 0.5769 F 0.7659 | vs F: D 0.6935 A 0.8736 B 0.7419 C 0.9110 | argmax E 198 F 198 D 198 A 198 B 198 C 198
[dec n=1562 s=4 k=5] A-B 0.9945 | vs E: D 0.9608 A 0.9625 B 0.9678 C 0.8900 F 0.9591 | vs F: D 0.9952 A 0.9952 B 0.9959 C 0.8174 | argmax E 151645 F 151645 D 151645 A 151645 B 151645 C 151644
[dec n=1562 s=4 k=6] A-B 0.9793 | vs E: D 0.9664 A 0.9731 B 0.9665 C 0.9649 F 0.9632 | vs F: D 0.9946 A 0.9766 B 0.9955 C 0.9760 | argmax E 151645 F 198 D 198 A 151645 B 198 C 198
[dec n=1562 s=4 k=7] A-B 0.9823 | vs E: D 0.9510 A 0.9456 B 0.9568 C 0.9385 F 0.9605 | vs F: D 0.9929 A 0.9852 B 0.9950 C 0.9770 | argmax E 151645 F 198 D 198 A 198 B 198 C 198
[dec n=1562 s=4 k=8] A-B 0.9709 | vs E: D 0.9252 A 0.9216 B 0.9185 C 0.9215 F 0.9331 | vs F: D 0.9900 A 0.9830 B 0.9911 C 0.9668 | argmax E 151645 F 198 D 151645 A 198 B 151645 C 198
--- PASS: TestZZQ25VLDecodeDiag (754.47s)
PASS
ok  	github.com/townsendmerino/goinfer/metal	755.362s
