=== RUN   TestZZQ25VLKV
decoder: .giw context capped at 84604 (model allows 128000) so that KV+scratch fits: needs ~6.06 GB of 7.06 GB available (1 GB margin) — pass -ctx to choose, or free memory to lift
[metal] weights aliased from qwen25vl-3b-instruct.int4.metal.giw (GOINFER_METAL_ALIAS=0 to copy instead): 1785 MB bound in place, 1 MB copied (anonymous) — 1323 MB int4 nibbles (72 single tensors + 72 fused groups = 864 MB) + 297 MB int8 codes (1 matrices) + 165 MB f16 scales; copied: 0 heap-backed, 0 unaligned, 0 fused groups not adjacent, 0 scale sets converted
[truth n=1024] layer 0 V sequential    vs f64 truth: rel 0.02453 (max|truth| 3.02)
[truth n=1024] layer 0 V batched       vs f64 truth: rel 0.00045 (max|truth| 3.02)
[truth n=1024] layer 0 V cpu-uploaded  vs f64 truth: rel 0.02453 (max|truth| 3.02)
[truth n=1024] layer 0 V F per-32      vs f64 truth: rel 0.00814 (max|truth| 3.02)
[kv n=1024] layer  0 K: batched-vs-seq rel 0.00147 (worst row    7 0.0027) | cpu-vs-seq rel 0.00005 (worst row  734 0.0005)
[vsF n=1024] layer  0 K: batched 0.00058 (worst 0.0008) | seq 0.00151 (worst 0.0027) | cpu-w4a8 0.00151 (worst 0.0027)
[kv n=1024] layer  0 V: batched-vs-seq rel 0.02453 (worst row  479 0.0433) | cpu-vs-seq rel 0.00065 (worst row  140 0.0059)
[vsF n=1024] layer  0 V: batched 0.00815 (worst 0.0122) | seq 0.02551 (worst 0.0421) | cpu-w4a8 0.02551 (worst 0.0421)
[kv n=1024] layer  1 K: batched-vs-seq rel 0.00863 (worst row  559 0.0202) | cpu-vs-seq rel 0.00560 (worst row  761 0.0103)
[vsF n=1024] layer  1 K: batched 0.00163 (worst 0.0030) | seq 0.00875 (worst 0.0201) | cpu-w4a8 0.00879 (worst 0.0200)
[kv n=1024] layer  1 V: batched-vs-seq rel 0.06515 (worst row  236 0.1394) | cpu-vs-seq rel 0.04485 (worst row  475 0.0730)
[vsF n=1024] layer  1 V: batched 0.01210 (worst 0.0197) | seq 0.06607 (worst 0.1403) | cpu-w4a8 0.06613 (worst 0.1414)
[kv n=1024] layer  2 K: batched-vs-seq rel 0.09462 (worst row    3 0.4395) | cpu-vs-seq rel 0.01872 (worst row  573 0.0572)
[vsF n=1024] layer  2 K: batched 0.01660 (worst 0.0732) | seq 0.09203 (worst 0.4432) | cpu-w4a8 0.09227 (worst 0.4519)
[kv n=1024] layer  2 V: batched-vs-seq rel 0.45741 (worst row  510 1.7788) | cpu-vs-seq rel 0.09504 (worst row  978 0.2528)
[vsF n=1024] layer  2 V: batched 0.07509 (worst 0.3367) | seq 0.42136 (worst 1.2457) | cpu-w4a8 0.42246 (worst 1.2341)
[kv n=1024] layer  3 K: batched-vs-seq rel 0.21726 (worst row  969 1.1011) | cpu-vs-seq rel 0.05736 (worst row  672 0.1413)
[vsF n=1024] layer  3 K: batched 0.04032 (worst 0.3721) | seq 0.20636 (worst 0.9254) | cpu-w4a8 0.20737 (worst 0.9074)
[kv n=1024] layer  3 V: batched-vs-seq rel 0.38395 (worst row  195 1.9623) | cpu-vs-seq rel 0.10279 (worst row  672 0.2244)
[vsF n=1024] layer  3 V: batched 0.07273 (worst 0.6514) | seq 0.36425 (worst 1.2787) | cpu-w4a8 0.36633 (worst 1.2631)
[kv n=1024] layer  4 K: batched-vs-seq rel 0.15270 (worst row  969 1.3790) | cpu-vs-seq rel 0.05413 (worst row  157 0.1725)
[vsF n=1024] layer  4 K: batched 0.03042 (worst 0.2905) | seq 0.14403 (worst 0.8501) | cpu-w4a8 0.14498 (worst 0.8538)
[kv n=1024] layer  4 V: batched-vs-seq rel 0.28570 (worst row  969 2.0938) | cpu-vs-seq rel 0.11879 (worst row  672 0.2829)
[vsF n=1024] layer  4 V: batched 0.05723 (worst 0.5710) | seq 0.27713 (worst 1.1412) | cpu-w4a8 0.27841 (worst 1.1476)
[kv n=1024] layer  5 K: batched-vs-seq rel 0.18206 (worst row  969 1.0541) | cpu-vs-seq rel 0.07610 (worst row  157 0.1922)
[vsF n=1024] layer  5 K: batched 0.03735 (worst 0.3169) | seq 0.17037 (worst 0.9919) | cpu-w4a8 0.17096 (worst 0.9804)
[kv n=1024] layer  5 V: batched-vs-seq rel 0.32023 (worst row  969 1.7148) | cpu-vs-seq rel 0.14841 (worst row  157 0.2992)
[vsF n=1024] layer  5 V: batched 0.06723 (worst 0.5215) | seq 0.30730 (worst 1.2075) | cpu-w4a8 0.30869 (worst 1.2035)
[kv n=1024] layer 10 K: batched-vs-seq rel 0.17692 (worst row  969 1.0601) | cpu-vs-seq rel 0.10875 (worst row   45 0.2106)
[vsF n=1024] layer 10 K: batched 0.04106 (worst 0.2985) | seq 0.16057 (worst 0.9568) | cpu-w4a8 0.16370 (worst 0.9663)
[kv n=1024] layer 10 V: batched-vs-seq rel 0.33938 (worst row  969 1.3575) | cpu-vs-seq rel 0.24511 (worst row   72 0.4422)
[vsF n=1024] layer 10 V: batched 0.07972 (worst 0.5894) | seq 0.31716 (worst 1.2694) | cpu-w4a8 0.32018 (worst 1.2477)
[kv n=1024] layer 15 K: batched-vs-seq rel 0.16297 (worst row 1016 0.9795) | cpu-vs-seq rel 0.09904 (worst row   41 0.1964)
[vsF n=1024] layer 15 K: batched 0.03913 (worst 0.3003) | seq 0.15023 (worst 0.9360) | cpu-w4a8 0.15105 (worst 0.9191)
[kv n=1024] layer 15 V: batched-vs-seq rel 0.31495 (worst row 1016 2.4059) | cpu-vs-seq rel 0.18727 (worst row   45 0.3308)
[vsF n=1024] layer 15 V: batched 0.07590 (worst 0.5436) | seq 0.28860 (worst 1.1436) | cpu-w4a8 0.28958 (worst 1.0710)
[kv n=1024] layer 20 K: batched-vs-seq rel 0.15519 (worst row 1016 0.5188) | cpu-vs-seq rel 0.08483 (worst row   22 0.1525)
[vsF n=1024] layer 20 K: batched 0.03767 (worst 0.2131) | seq 0.14289 (worst 0.4704) | cpu-w4a8 0.14438 (worst 0.4961)
[kv n=1024] layer 20 V: batched-vs-seq rel 0.33939 (worst row 1016 1.1904) | cpu-vs-seq rel 0.19921 (worst row   22 0.4439)
[vsF n=1024] layer 20 V: batched 0.08374 (worst 0.5740) | seq 0.31247 (worst 1.1424) | cpu-w4a8 0.31529 (worst 1.0008)
[kv n=1024] layer 25 K: batched-vs-seq rel 0.26787 (worst row 1016 0.7504) | cpu-vs-seq rel 0.14435 (worst row  172 0.2239)
[vsF n=1024] layer 25 K: batched 0.06170 (worst 0.2723) | seq 0.24824 (worst 0.6792) | cpu-w4a8 0.25117 (worst 0.6886)
[kv n=1024] layer 25 V: batched-vs-seq rel 0.28834 (worst row 1016 1.1301) | cpu-vs-seq rel 0.17459 (worst row   22 0.3346)
[vsF n=1024] layer 25 V: batched 0.06943 (worst 0.4207) | seq 0.26869 (worst 1.0160) | cpu-w4a8 0.26951 (worst 1.0343)
[kv n=1024] layer 30 K: batched-vs-seq rel 0.26570 (worst row  969 0.8645) | cpu-vs-seq rel 0.14604 (worst row  256 0.2604)
[vsF n=1024] layer 30 K: batched 0.06460 (worst 0.6238) | seq 0.24792 (worst 0.7416) | cpu-w4a8 0.24794 (worst 0.7460)
[kv n=1024] layer 30 V: batched-vs-seq rel 0.21651 (worst row  969 1.4374) | cpu-vs-seq rel 0.13163 (worst row   72 0.2673)
[vsF n=1024] layer 30 V: batched 0.05785 (worst 1.0454) | seq 0.20331 (worst 1.0893) | cpu-w4a8 0.20303 (worst 1.0733)
[kv n=1024] layer 35 K: batched-vs-seq rel 0.11103 (worst row  969 0.6248) | cpu-vs-seq rel 0.06208 (worst row  213 0.1251)
[vsF n=1024] layer 35 K: batched 0.03141 (worst 0.6727) | seq 0.10406 (worst 0.3679) | cpu-w4a8 0.10388 (worst 0.3584)
[kv n=1024] layer 35 V: batched-vs-seq rel 0.26713 (worst row    0 1.2231) | cpu-vs-seq rel 0.17163 (worst row    0 0.3730)
[vsF n=1024] layer 35 V: batched 0.06525 (worst 0.9211) | seq 0.26206 (worst 0.9362) | cpu-w4a8 0.26178 (worst 0.8833)
--- PASS: TestZZQ25VLKV (68.39s)
PASS
ok  	github.com/townsendmerino/goinfer/metal	68.850s
