=== RUN   TestS9EModelBatched_realE2B
[metal] weights aliased from gemma-4-E2B_q4_0-it.int4.metal.giw (GOINFER_METAL_ALIAS=0 to copy instead): 1383 MB bound in place, 1 MB copied (anonymous) — 888 MB int4 nibbles (140 single tensors + 70 fused groups = 565 MB) + 384 MB int8 codes (1 matrices) + 111 MB f16 scales; copied: 0 heap-backed, 0 unaligned, 0 fused groups not adjacent, 0 scale sets converted
[S9 G-S9d] prompt 1 (23 tokens) layer-major: first divergence -1 (CPU gap 0.00%)
[S9 G-S9d] prompt 1 (23 tokens) batched: first divergence -1 (CPU gap 0.00%)
[S9 G-S9d] prompt 2 (21 tokens) layer-major: first divergence -1 (CPU gap 0.00%)
[S9 G-S9d] prompt 2 (21 tokens) batched: first divergence -1 (CPU gap 0.00%)
[S9 G-S9d] prompt 3 (28 tokens) layer-major: first divergence 19 (CPU gap 5.91%)
[S9 G-S9d] prompt 3 (28 tokens) batched: first divergence 14 (CPU gap 0.79%)
[S9 G-S9d] prompt 4 (26 tokens) layer-major: first divergence 7 (CPU gap 2.83%)
[S9 G-S9d] prompt 4 (26 tokens) batched: first divergence 7 (CPU gap 2.83%)
[S9 G-S9d] prompt 5 (21 tokens) layer-major: first divergence -1 (CPU gap 0.00%)
[S9 G-S9d] prompt 5 (21 tokens) batched: first divergence 31 (CPU gap 0.20%)
[S9 G-S9d] prompt 6 (25 tokens) layer-major: first divergence -1 (CPU gap 0.00%)
[S9 G-S9d] prompt 6 (25 tokens) batched: first divergence -1 (CPU gap 0.00%)
[S9 G-S9d] prompt 7 (22 tokens) layer-major: first divergence 0 (CPU gap 0.21%)
[S9 G-S9d] prompt 7 (22 tokens) batched: first divergence -1 (CPU gap 0.00%)
[S9 G-S9d] prompt 8 (21 tokens) layer-major: first divergence 0 (CPU gap 1.62%)
[S9 G-S9d] prompt 8 (21 tokens) batched: first divergence 0 (CPU gap 1.62%)
[S9 G-S9d] batched 96.88% (248/256, 8/8 free-run passes) against layer-major 97.27% (249/256, 7/8): delta -0.39 points: PASS
--- PASS: TestS9EModelBatched_realE2B (48.85s)
PASS
ok  	github.com/townsendmerino/goinfer/metal	49.228s
