[G-S10h hf      0s] loading float32 model
[G-S10h hf      2s] loaded; torch threads 8
[G-S10h hf      2s] no processor: 
[G-S10h hf      2s] gemma3_preprocess_image.png: (iv) chat-template ids equal the dump's ids: True (803 vs 803)
[G-S10h hf      2s] gemma3_preprocess_image.png: HF float32 forward, 811 tokens
[G-S10h hf     15s] gemma3_preprocess_image.png: done in 13s, logits (811, 151936)
[G-S10h hf     15s] gemma3_preprocess_image.png: cos(off,HF) 0.8869 0.8175 0.9256 0.8837 0.9481 0.9509 0.9764 0.9212 0.9278
[G-S10h hf     15s] gemma3_preprocess_image.png: cos(on ,HF) 0.8763 0.8185 0.9219 0.9070 0.9414 0.9444 0.9762 0.9400 0.9073  step-0 delta -0.0105  KL off 1.5255 on 1.4180  off-vs-on worst 0.9809
[G-S10h hf     15s] qwen25vl_preprocess_image.png: (iv) chat-template ids equal the dump's ids: True (89 vs 89)
[G-S10h hf     15s] qwen25vl_preprocess_image.png: HF float32 forward, 97 tokens
[G-S10h hf     17s] qwen25vl_preprocess_image.png: done in 2s, logits (97, 151936)
[G-S10h hf     17s] qwen25vl_preprocess_image.png: cos(off,HF) 0.9595 0.8459 0.9593 0.9647 0.9453 0.9601 0.9474 0.9811 0.9551
[G-S10h hf     17s] qwen25vl_preprocess_image.png: cos(on ,HF) 0.9471 0.8556 0.9407 0.9619 0.9106 0.9537 0.9337 0.9803 0.9322  step-0 delta -0.0123  KL off 0.0996 on 0.3336  off-vs-on worst 0.9748
[G-S10h hf     17s] formula.png: (iv) chat-template ids equal the dump's ids: True (1034 vs 1034)
[G-S10h hf     17s] formula.png: HF float32 forward, 1042 tokens
[G-S10h hf     37s] formula.png: done in 20s, logits (1042, 151936)
[G-S10h hf     37s] formula.png: cos(off,HF) 0.9666 0.9720 0.9529 0.9838 0.9562 0.9378 0.9523 0.9527 0.9454
[G-S10h hf     37s] formula.png: cos(on ,HF) 0.9550 0.9622 0.9328 0.9796 0.9613 0.9587 0.9524 0.9452 0.9480  step-0 delta -0.0116  KL off 0.3704 on 0.6635  off-vs-on worst 0.9631
[G-S10h hf     37s] table.png: (iv) chat-template ids equal the dump's ids: True (991 vs 991)
[G-S10h hf     37s] table.png: HF float32 forward, 999 tokens
[G-S10h hf     54s] table.png: done in 17s, logits (999, 151936)
[G-S10h hf     54s] table.png: cos(off,HF) 0.9540 0.9575 0.9767 0.9612 0.9553 0.9514 0.9813 0.9568 0.9691
[G-S10h hf     54s] table.png: cos(on ,HF) 0.9516 0.9612 0.9717 0.9635 0.9649 0.9468 0.9665 0.9442 0.9629  step-0 delta -0.0024  KL off 0.8925 on 2.0298  off-vs-on worst 0.9706
[G-S10h hf     54s] READING: 36 pairs, mean delta -0.00450, step-0 deltas [-0.0105, -0.0123, -0.0116, -0.0024] -> AMBIGUOUS
[G-S10h hf     54s] table.png step-0 probabilities: {"Quarter": {"hf": 0.7018961520306751, "off": 0.14210991655872693, "on": 0.029707732302978233}, "Table": {"hf": 0.1290464489761141, "off": 0.35781462634569333, "on": 0.6259272346675768}}
[G-S10h hf     54s] table.png step-0 ln(p(Quarter)/p(Table)): {"hf": 1.693613052368164, "off": -0.9234142303466797, "on": -3.0478267669677734}
[G-S10h hf     54s] instrument (iv) template ids: {'gemma3_preprocess_image.png': True, 'qwen25vl_preprocess_image.png': True, 'formula.png': True, 'table.png': True}
[G-S10h hf     54s] instrument (iii) sanity: {'gemma3_preprocess_image.png': False, 'qwen25vl_preprocess_image.png': True, 'formula.png': True, 'table.png': True}
