=== RUN   TestCPURoofline_w4a8Batch
=== RUN   TestCPURoofline_w4a8Batch/1.5B
DECODE TIMING (24 tok, gpu=false): forward 50.9 ms | sample 0.07 ms | logitProc 0.00 ms | embed 0.00 ms /token
DECODE SPLIT: attention 9.69 ms | MLP 32.16 ms | LM head 8.65 ms | residual 0.40 ms /token
DECODE SPLIT MLP: gate+up matmuls 20.16 ms | activation 0.00 ms | down matmul 11.98 ms /token
DECODE SPLIT ATTN: q/k/v matmuls 4.75 ms | rope+KV+scores/softmax/AV core 2.46 ms | o matmul 2.46 ms /token
DECODE TIMING (24 tok, gpu=false): forward 50.9 ms | sample 0.07 ms | logitProc 0.00 ms | embed 0.00 ms /token
DECODE SPLIT: attention 9.71 ms | MLP 32.10 ms | LM head 8.67 ms | residual 0.40 ms /token
DECODE SPLIT MLP: gate+up matmuls 20.11 ms | activation 0.00 ms | down matmul 11.96 ms /token
DECODE SPLIT ATTN: q/k/v matmuls 4.78 ms | rope+KV+scores/softmax/AV core 2.46 ms | o matmul 2.46 ms /token
DECODE TIMING (24 tok, gpu=false): forward 49.8 ms | sample 0.07 ms | logitProc 0.00 ms | embed 0.00 ms /token
DECODE SPLIT: attention 8.48 ms | MLP 32.30 ms | LM head 8.66 ms | residual 0.38 ms /token
DECODE SPLIT MLP: gate+up matmuls 20.19 ms | activation 0.00 ms | down matmul 12.08 ms /token
DECODE SPLIT ATTN: q/k/v matmuls 3.17 ms | rope+KV+scores/softmax/AV core 2.75 ms | o matmul 2.54 ms /token
DECODE TIMING (24 tok, gpu=false): forward 51.6 ms | sample 0.07 ms | logitProc 0.00 ms | embed 0.00 ms /token
DECODE SPLIT: attention 9.93 ms | MLP 32.59 ms | LM head 8.71 ms | residual 0.40 ms /token
DECODE SPLIT MLP: gate+up matmuls 20.47 ms | activation 0.00 ms | down matmul 12.10 ms /token
DECODE SPLIT ATTN: q/k/v matmuls 4.84 ms | rope+KV+scores/softmax/AV core 2.60 ms | o matmul 2.48 ms /token
    cpu_roofline_ab_test.go:136: w4a8 batch (1.5B) pair 0: ON 49.82 | OFF 51.63 ms/tok | ON is 1.036x faster
DECODE TIMING (24 tok, gpu=false): forward 51.2 ms | sample 0.08 ms | logitProc 0.00 ms | embed 0.00 ms /token
DECODE SPLIT: attention 9.87 ms | MLP 32.24 ms | LM head 8.70 ms | residual 0.41 ms /token
DECODE SPLIT MLP: gate+up matmuls 20.16 ms | activation 0.00 ms | down matmul 12.05 ms /token
DECODE SPLIT ATTN: q/k/v matmuls 4.79 ms | rope+KV+scores/softmax/AV core 2.62 ms | o matmul 2.45 ms /token
DECODE TIMING (24 tok, gpu=false): forward 49.9 ms | sample 0.08 ms | logitProc 0.00 ms | embed 0.00 ms /token
DECODE SPLIT: attention 8.49 ms | MLP 32.36 ms | LM head 8.68 ms | residual 0.39 ms /token
DECODE SPLIT MLP: gate+up matmuls 20.29 ms | activation 0.00 ms | down matmul 12.04 ms /token
DECODE SPLIT ATTN: q/k/v matmuls 3.18 ms | rope+KV+scores/softmax/AV core 2.76 ms | o matmul 2.53 ms /token
    cpu_roofline_ab_test.go:136: w4a8 batch (1.5B) pair 1: ON 49.92 | OFF 51.22 ms/tok | ON is 1.026x faster
DECODE TIMING (24 tok, gpu=false): forward 49.7 ms | sample 0.08 ms | logitProc 0.00 ms | embed 0.00 ms /token
DECODE SPLIT: attention 8.45 ms | MLP 32.22 ms | LM head 8.67 ms | residual 0.39 ms /token
DECODE SPLIT MLP: gate+up matmuls 20.12 ms | activation 0.00 ms | down matmul 12.08 ms /token
DECODE SPLIT ATTN: q/k/v matmuls 3.15 ms | rope+KV+scores/softmax/AV core 2.76 ms | o matmul 2.52 ms /token
DECODE TIMING (24 tok, gpu=false): forward 51.2 ms | sample 0.07 ms | logitProc 0.00 ms | embed 0.00 ms /token
DECODE SPLIT: attention 9.89 ms | MLP 32.27 ms | LM head 8.68 ms | residual 0.39 ms /token
DECODE SPLIT MLP: gate+up matmuls 20.20 ms | activation 0.00 ms | down matmul 12.04 ms /token
DECODE SPLIT ATTN: q/k/v matmuls 4.79 ms | rope+KV+scores/softmax/AV core 2.65 ms | o matmul 2.43 ms /token
    cpu_roofline_ab_test.go:136: w4a8 batch (1.5B) pair 2: ON 49.73 | OFF 51.22 ms/tok | ON is 1.030x faster
DECODE TIMING (24 tok, gpu=false): forward 51.4 ms | sample 0.08 ms | logitProc 0.00 ms | embed 0.00 ms /token
DECODE SPLIT: attention 9.91 ms | MLP 32.36 ms | LM head 8.68 ms | residual 0.41 ms /token
DECODE SPLIT MLP: gate+up matmuls 20.25 ms | activation 0.00 ms | down matmul 12.08 ms /token
DECODE SPLIT ATTN: q/k/v matmuls 4.82 ms | rope+KV+scores/softmax/AV core 2.62 ms | o matmul 2.46 ms /token
DECODE TIMING (24 tok, gpu=false): forward 49.8 ms | sample 0.07 ms | logitProc 0.00 ms | embed 0.00 ms /token
DECODE SPLIT: attention 8.54 ms | MLP 32.23 ms | LM head 8.68 ms | residual 0.38 ms /token
DECODE SPLIT MLP: gate+up matmuls 20.12 ms | activation 0.00 ms | down matmul 12.08 ms /token
DECODE SPLIT ATTN: q/k/v matmuls 3.20 ms | rope+KV+scores/softmax/AV core 2.77 ms | o matmul 2.56 ms /token
    cpu_roofline_ab_test.go:136: w4a8 batch (1.5B) pair 3: ON 49.82 | OFF 51.37 ms/tok | ON is 1.031x faster
DECODE TIMING (24 tok, gpu=false): forward 49.8 ms | sample 0.07 ms | logitProc 0.00 ms | embed 0.00 ms /token
DECODE SPLIT: attention 8.52 ms | MLP 32.25 ms | LM head 8.69 ms | residual 0.38 ms /token
DECODE SPLIT MLP: gate+up matmuls 20.12 ms | activation 0.00 ms | down matmul 12.11 ms /token
DECODE SPLIT ATTN: q/k/v matmuls 3.19 ms | rope+KV+scores/softmax/AV core 2.77 ms | o matmul 2.54 ms /token
DECODE TIMING (24 tok, gpu=false): forward 51.2 ms | sample 0.07 ms | logitProc 0.00 ms | embed 0.00 ms /token
DECODE SPLIT: attention 9.86 ms | MLP 32.30 ms | LM head 8.67 ms | residual 0.39 ms /token
DECODE SPLIT MLP: gate+up matmuls 20.16 ms | activation 0.00 ms | down matmul 12.11 ms /token
DECODE SPLIT ATTN: q/k/v matmuls 4.81 ms | rope+KV+scores/softmax/AV core 2.60 ms | o matmul 2.44 ms /token
    cpu_roofline_ab_test.go:136: w4a8 batch (1.5B) pair 4: ON 49.84 | OFF 51.22 ms/tok | ON is 1.028x faster
    cpu_roofline_ab_test.go:136: w4a8 batch (1.5B): mean ON 49.83 OFF 51.33 ms/tok | paired median 1.030x (min 1.026 max 1.036, n=5)
=== RUN   TestCPURoofline_w4a8Batch/0.5B
DECODE TIMING (24 tok, gpu=false): forward 23.7 ms | sample 0.09 ms | logitProc 0.00 ms | embed 0.00 ms /token
DECODE SPLIT: attention 7.13 ms | MLP 11.20 ms | LM head 5.11 ms | residual 0.28 ms /token
DECODE SPLIT MLP: gate+up matmuls 6.72 ms | activation 0.00 ms | down matmul 4.46 ms /token
DECODE SPLIT ATTN: q/k/v matmuls 3.03 ms | rope+KV+scores/softmax/AV core 1.73 ms | o matmul 2.36 ms /token
DECODE TIMING (24 tok, gpu=false): forward 24.6 ms | sample 0.10 ms | logitProc 0.00 ms | embed 0.00 ms /token
DECODE SPLIT: attention 7.68 ms | MLP 11.50 ms | LM head 5.12 ms | residual 0.29 ms /token
DECODE SPLIT MLP: gate+up matmuls 6.84 ms | activation 0.00 ms | down matmul 4.64 ms /token
DECODE SPLIT ATTN: q/k/v matmuls 3.21 ms | rope+KV+scores/softmax/AV core 1.88 ms | o matmul 2.59 ms /token
DECODE TIMING (24 tok, gpu=false): forward 22.7 ms | sample 0.09 ms | logitProc 0.00 ms | embed 0.00 ms /token
DECODE SPLIT: attention 6.45 ms | MLP 10.84 ms | LM head 5.12 ms | residual 0.26 ms /token
DECODE SPLIT MLP: gate+up matmuls 6.52 ms | activation 0.00 ms | down matmul 4.30 ms /token
DECODE SPLIT ATTN: q/k/v matmuls 2.55 ms | rope+KV+scores/softmax/AV core 1.67 ms | o matmul 2.21 ms /token
DECODE TIMING (24 tok, gpu=false): forward 23.6 ms | sample 0.10 ms | logitProc 0.00 ms | embed 0.00 ms /token
DECODE SPLIT: attention 7.13 ms | MLP 11.06 ms | LM head 5.12 ms | residual 0.28 ms /token
DECODE SPLIT MLP: gate+up matmuls 6.65 ms | activation 0.00 ms | down matmul 4.39 ms /token
DECODE SPLIT ATTN: q/k/v matmuls 3.01 ms | rope+KV+scores/softmax/AV core 1.76 ms | o matmul 2.36 ms /token
    cpu_roofline_ab_test.go:136: w4a8 batch (0.5B) pair 0: ON 22.67 | OFF 23.59 ms/tok | ON is 1.040x faster
DECODE TIMING (24 tok, gpu=false): forward 23.5 ms | sample 0.10 ms | logitProc 0.00 ms | embed 0.00 ms /token
DECODE SPLIT: attention 7.01 ms | MLP 11.02 ms | LM head 5.14 ms | residual 0.28 ms /token
DECODE SPLIT MLP: gate+up matmuls 6.62 ms | activation 0.00 ms | down matmul 4.38 ms /token
DECODE SPLIT ATTN: q/k/v matmuls 2.94 ms | rope+KV+scores/softmax/AV core 1.73 ms | o matmul 2.34 ms /token
DECODE TIMING (24 tok, gpu=false): forward 23.8 ms | sample 0.09 ms | logitProc 0.00 ms | embed 0.00 ms /token
DECODE SPLIT: attention 7.14 ms | MLP 11.25 ms | LM head 5.13 ms | residual 0.27 ms /token
DECODE SPLIT MLP: gate+up matmuls 6.75 ms | activation 0.00 ms | down matmul 4.49 ms /token
DECODE SPLIT ATTN: q/k/v matmuls 2.83 ms | rope+KV+scores/softmax/AV core 1.82 ms | o matmul 2.48 ms /token
    cpu_roofline_ab_test.go:136: w4a8 batch (0.5B) pair 1: ON 23.79 | OFF 23.45 ms/tok | ON is 0.986x faster
DECODE TIMING (24 tok, gpu=false): forward 23.8 ms | sample 0.10 ms | logitProc 0.00 ms | embed 0.00 ms /token
DECODE SPLIT: attention 7.11 ms | MLP 11.31 ms | LM head 5.11 ms | residual 0.28 ms /token
DECODE SPLIT MLP: gate+up matmuls 6.77 ms | activation 0.00 ms | down matmul 4.53 ms /token
DECODE SPLIT ATTN: q/k/v matmuls 2.82 ms | rope+KV+scores/softmax/AV core 1.82 ms | o matmul 2.46 ms /token
DECODE TIMING (24 tok, gpu=false): forward 24.2 ms | sample 0.09 ms | logitProc 0.00 ms | embed 0.00 ms /token
DECODE SPLIT: attention 7.43 ms | MLP 11.34 ms | LM head 5.13 ms | residual 0.28 ms /token
DECODE SPLIT MLP: gate+up matmuls 6.77 ms | activation 0.00 ms | down matmul 4.55 ms /token
DECODE SPLIT ATTN: q/k/v matmuls 3.10 ms | rope+KV+scores/softmax/AV core 1.82 ms | o matmul 2.50 ms /token
    cpu_roofline_ab_test.go:136: w4a8 batch (0.5B) pair 2: ON 23.81 | OFF 24.18 ms/tok | ON is 1.016x faster
DECODE TIMING (24 tok, gpu=false): forward 23.8 ms | sample 0.09 ms | logitProc 0.00 ms | embed 0.00 ms /token
DECODE SPLIT: attention 7.27 ms | MLP 11.13 ms | LM head 5.12 ms | residual 0.27 ms /token
DECODE SPLIT MLP: gate+up matmuls 6.67 ms | activation 0.00 ms | down matmul 4.44 ms /token
DECODE SPLIT ATTN: q/k/v matmuls 3.10 ms | rope+KV+scores/softmax/AV core 1.78 ms | o matmul 2.39 ms /token
DECODE TIMING (24 tok, gpu=false): forward 24.3 ms | sample 0.09 ms | logitProc 0.00 ms | embed 0.00 ms /token
DECODE SPLIT: attention 7.36 ms | MLP 11.54 ms | LM head 5.11 ms | residual 0.28 ms /token
DECODE SPLIT MLP: gate+up matmuls 6.88 ms | activation 0.00 ms | down matmul 4.65 ms /token
DECODE SPLIT ATTN: q/k/v matmuls 2.89 ms | rope+KV+scores/softmax/AV core 1.85 ms | o matmul 2.62 ms /token
    cpu_roofline_ab_test.go:136: w4a8 batch (0.5B) pair 3: ON 24.31 | OFF 23.79 ms/tok | ON is 0.979x faster
DECODE TIMING (24 tok, gpu=false): forward 23.1 ms | sample 0.09 ms | logitProc 0.00 ms | embed 0.00 ms /token
DECODE SPLIT: attention 6.69 ms | MLP 11.03 ms | LM head 5.11 ms | residual 0.27 ms /token
DECODE SPLIT MLP: gate+up matmuls 6.63 ms | activation 0.00 ms | down matmul 4.39 ms /token
DECODE SPLIT ATTN: q/k/v matmuls 2.65 ms | rope+KV+scores/softmax/AV core 1.74 ms | o matmul 2.31 ms /token
DECODE TIMING (24 tok, gpu=false): forward 24.0 ms | sample 0.10 ms | logitProc 0.00 ms | embed 0.00 ms /token
DECODE SPLIT: attention 7.31 ms | MLP 11.31 ms | LM head 5.12 ms | residual 0.28 ms /token
DECODE SPLIT MLP: gate+up matmuls 6.76 ms | activation 0.00 ms | down matmul 4.54 ms /token
DECODE SPLIT ATTN: q/k/v matmuls 3.02 ms | rope+KV+scores/softmax/AV core 1.83 ms | o matmul 2.45 ms /token
    cpu_roofline_ab_test.go:136: w4a8 batch (0.5B) pair 4: ON 23.11 | OFF 24.02 ms/tok | ON is 1.040x faster
    cpu_roofline_ab_test.go:136: w4a8 batch (0.5B): mean ON 23.54 OFF 23.81 ms/tok | paired median 1.016x (min 0.979 max 1.040, n=5)
=== RUN   TestCPURoofline_w4a8Batch/7B
DECODE TIMING (24 tok, gpu=false): forward 196.5 ms | sample 0.08 ms | logitProc 0.00 ms | embed 0.00 ms /token
DECODE SPLIT: attention 30.36 ms | MLP 145.36 ms | LM head 20.09 ms | residual 0.67 ms /token
DECODE SPLIT MLP: gate+up matmuls 94.29 ms | activation 0.00 ms | down matmul 51.02 ms /token
DECODE SPLIT ATTN: q/k/v matmuls 15.98 ms | rope+KV+scores/softmax/AV core 4.57 ms | o matmul 9.79 ms /token
DECODE TIMING (24 tok, gpu=false): forward 195.7 ms | sample 0.08 ms | logitProc 0.00 ms | embed 0.00 ms /token
DECODE SPLIT: attention 30.32 ms | MLP 144.69 ms | LM head 20.02 ms | residual 0.66 ms /token
DECODE SPLIT MLP: gate+up matmuls 93.80 ms | activation 0.00 ms | down matmul 50.85 ms /token
DECODE SPLIT ATTN: q/k/v matmuls 15.91 ms | rope+KV+scores/softmax/AV core 4.72 ms | o matmul 9.67 ms /token
DECODE TIMING (24 tok, gpu=false): forward 192.4 ms | sample 0.07 ms | logitProc 0.00 ms | embed 0.00 ms /token
DECODE SPLIT: attention 27.53 ms | MLP 144.29 ms | LM head 20.03 ms | residual 0.55 ms /token
DECODE SPLIT MLP: gate+up matmuls 93.38 ms | activation 0.00 ms | down matmul 50.86 ms /token
DECODE SPLIT ATTN: q/k/v matmuls 12.94 ms | rope+KV+scores/softmax/AV core 4.71 ms | o matmul 9.87 ms /token
DECODE TIMING (24 tok, gpu=false): forward 196.2 ms | sample 0.07 ms | logitProc 0.00 ms | embed 0.00 ms /token
DECODE SPLIT: attention 30.52 ms | MLP 144.94 ms | LM head 20.05 ms | residual 0.65 ms /token
DECODE SPLIT MLP: gate+up matmuls 93.89 ms | activation 0.00 ms | down matmul 50.99 ms /token
DECODE SPLIT ATTN: q/k/v matmuls 15.97 ms | rope+KV+scores/softmax/AV core 4.78 ms | o matmul 9.75 ms /token
    cpu_roofline_ab_test.go:136: w4a8 batch (7B) pair 0: ON 192.40 | OFF 196.16 ms/tok | ON is 1.020x faster
DECODE TIMING (24 tok, gpu=false): forward 195.8 ms | sample 0.08 ms | logitProc 0.00 ms | embed 0.00 ms /token
DECODE SPLIT: attention 30.39 ms | MLP 144.72 ms | LM head 20.04 ms | residual 0.65 ms /token
DECODE SPLIT MLP: gate+up matmuls 93.75 ms | activation 0.00 ms | down matmul 50.93 ms /token
DECODE SPLIT ATTN: q/k/v matmuls 15.91 ms | rope+KV+scores/softmax/AV core 4.77 ms | o matmul 9.70 ms /token
DECODE TIMING (24 tok, gpu=false): forward 192.4 ms | sample 0.08 ms | logitProc 0.00 ms | embed 0.00 ms /token
DECODE SPLIT: attention 27.56 ms | MLP 144.23 ms | LM head 20.04 ms | residual 0.56 ms /token
DECODE SPLIT MLP: gate+up matmuls 93.30 ms | activation 0.00 ms | down matmul 50.89 ms /token
DECODE SPLIT ATTN: q/k/v matmuls 12.95 ms | rope+KV+scores/softmax/AV core 4.76 ms | o matmul 9.84 ms /token
    cpu_roofline_ab_test.go:136: w4a8 batch (7B) pair 1: ON 192.40 | OFF 195.81 ms/tok | ON is 1.018x faster
DECODE TIMING (24 tok, gpu=false): forward 193.3 ms | sample 0.07 ms | logitProc 0.00 ms | embed 0.00 ms /token
DECODE SPLIT: attention 27.73 ms | MLP 144.98 ms | LM head 20.08 ms | residual 0.56 ms /token
DECODE SPLIT MLP: gate+up matmuls 93.85 ms | activation 0.00 ms | down matmul 51.08 ms /token
DECODE SPLIT ATTN: q/k/v matmuls 12.99 ms | rope+KV+scores/softmax/AV core 4.80 ms | o matmul 9.92 ms /token
DECODE TIMING (24 tok, gpu=false): forward 195.8 ms | sample 0.08 ms | logitProc 0.00 ms | embed 0.00 ms /token
DECODE SPLIT: attention 30.44 ms | MLP 144.62 ms | LM head 20.02 ms | residual 0.67 ms /token
DECODE SPLIT MLP: gate+up matmuls 93.67 ms | activation 0.00 ms | down matmul 50.91 ms /token
DECODE SPLIT ATTN: q/k/v matmuls 15.92 ms | rope+KV+scores/softmax/AV core 4.78 ms | o matmul 9.73 ms /token
    cpu_roofline_ab_test.go:136: w4a8 batch (7B) pair 2: ON 193.34 | OFF 195.75 ms/tok | ON is 1.012x faster
DECODE TIMING (24 tok, gpu=false): forward 195.7 ms | sample 0.07 ms | logitProc 0.00 ms | embed 0.00 ms /token
DECODE SPLIT: attention 30.45 ms | MLP 144.53 ms | LM head 20.03 ms | residual 0.65 ms /token
DECODE SPLIT MLP: gate+up matmuls 93.57 ms | activation 0.00 ms | down matmul 50.91 ms /token
DECODE SPLIT ATTN: q/k/v matmuls 15.93 ms | rope+KV+scores/softmax/AV core 4.79 ms | o matmul 9.72 ms /token
DECODE TIMING (24 tok, gpu=false): forward 193.1 ms | sample 0.07 ms | logitProc 0.00 ms | embed 0.00 ms /token
DECODE SPLIT: attention 27.60 ms | MLP 144.84 ms | LM head 20.04 ms | residual 0.57 ms /token
DECODE SPLIT MLP: gate+up matmuls 93.75 ms | activation 0.00 ms | down matmul 51.04 ms /token
DECODE SPLIT ATTN: q/k/v matmuls 12.95 ms | rope+KV+scores/softmax/AV core 4.75 ms | o matmul 9.88 ms /token
    cpu_roofline_ab_test.go:136: w4a8 batch (7B) pair 3: ON 193.05 | OFF 195.67 ms/tok | ON is 1.014x faster
DECODE TIMING (24 tok, gpu=false): forward 192.4 ms | sample 0.07 ms | logitProc 0.00 ms | embed 0.00 ms /token
DECODE SPLIT: attention 27.58 ms | MLP 144.23 ms | LM head 20.04 ms | residual 0.55 ms /token
DECODE SPLIT MLP: gate+up matmuls 93.30 ms | activation 0.00 ms | down matmul 50.88 ms /token
DECODE SPLIT ATTN: q/k/v matmuls 12.91 ms | rope+KV+scores/softmax/AV core 4.81 ms | o matmul 9.84 ms /token
DECODE TIMING (24 tok, gpu=false): forward 196.0 ms | sample 0.07 ms | logitProc 0.00 ms | embed 0.00 ms /token
DECODE SPLIT: attention 30.49 ms | MLP 144.83 ms | LM head 20.03 ms | residual 0.65 ms /token
DECODE SPLIT MLP: gate+up matmuls 93.85 ms | activation 0.00 ms | down matmul 50.92 ms /token
DECODE SPLIT ATTN: q/k/v matmuls 15.91 ms | rope+KV+scores/softmax/AV core 4.80 ms | o matmul 9.76 ms /token
    cpu_roofline_ab_test.go:136: w4a8 batch (7B) pair 4: ON 192.39 | OFF 196.00 ms/tok | ON is 1.019x faster
    cpu_roofline_ab_test.go:136: w4a8 batch (7B): mean ON 192.72 OFF 195.88 ms/tok | paired median 1.018x (min 1.012 max 1.020, n=5)
--- PASS: TestCPURoofline_w4a8Batch (194.99s)
    --- PASS: TestCPURoofline_w4a8Batch/1.5B (38.20s)
    --- PASS: TestCPURoofline_w4a8Batch/0.5B (19.85s)
    --- PASS: TestCPURoofline_w4a8Batch/7B (136.93s)
PASS
ok  	github.com/townsendmerino/goinfer/decoder	195.027s
