swap guard (load): not armed for /home/francis/models/gemma-3-4b-it — only a direct .gguf build is watched, so a swap-growing load is not stopped here; the serving watch arms once the server is up
cuda: resident context 4468, not 16384, so the 4 requested KV slots fit (--kv-sessions); an explicit --ctx keeps a longer context with fewer slots
cuda: resident context 4141, trimmed from 4468 at the build, so the 4 requested KV slots fit beside the weights (4785 MB free, less 384 MB reserved)
[cuda] resident build failure, detail:
goroutine 53 [running, locked to thread]:
runtime/debug.Stack()
	/home/francis/go/pkg/mod/golang.org/toolchain@v0.0.1-go1.27.0.linux-amd64/src/runtime/debug/stack.go:26 +0x5e
github.com/townsendmerino/goinfer/cuda.runJob.func1()
	/home/francis/wt/goinfer-s2/cuda/resident.go:1971 +0x3d
panic({0x157bc50?, 0x20228bf08690?})
	/home/francis/go/pkg/mod/golang.org/toolchain@v0.0.1-go1.27.0.linux-amd64/src/runtime/panic.go:859 +0x125
github.com/townsendmerino/aikit/gpu.(*Device).MustBuf(0x20228c07c000, 0x102d000, 0x40b400, {0xb7f2fd, 0x9})
	/home/francis/wt/aikit-s2/gpu/cuda.go:307 +0x294
github.com/townsendmerino/aikit/gpu.NewBufferLenOf[...](...)
	/home/francis/wt/aikit-s2/gpu/cuda.go:440
github.com/townsendmerino/goinfer/cuda.(*cudaResident).af(...)
	/home/francis/wt/goinfer-s2/cuda/resident.go:1004
github.com/townsendmerino/goinfer/cuda.(*cudaBackend).BuildResident.func4()
	/home/francis/wt/goinfer-s2/cuda/backend.go:1756 +0xb51e
github.com/townsendmerino/goinfer/cuda.runJob(0x2022dc56e000?)
	/home/francis/wt/goinfer-s2/cuda/resident.go:1974 +0x51
github.com/townsendmerino/goinfer/cuda.(*cudaBackend).BuildResident.func3()
	/home/francis/wt/goinfer-s2/cuda/backend.go:813 +0x68
created by github.com/townsendmerino/goinfer/cuda.(*cudaBackend).BuildResident in goroutine 1
	/home/francis/wt/goinfer-s2/cuda/backend.go:809 +0x5405

[resident] BuildResident declined (ok=false err=resident path declined: cuda: cuda: executor job panicked: cuda: device allocation failed (typed-len, 16961536 bytes): cuMemAlloc_v2: CUDA_ERROR_OUT_OF_MEMORY; the model does not fit this GPU's memory. Try -moe-cache-experts (a mixture-of-experts model keeps its hottest experts on the GPU and streams the rest from host memory), a smaller -quant (int4) or -ctx, or run on the CPU on purpose with -backend cpu) — continuing on the CPU/staged path
loaded "gemma-3-4b-it": 34-layer model (vocab 262208) in 19.762s [chat: gemma3]
  decode path: cpu (int4) — requested cuda → running on cpu: cuda: cuda: executor job panicked: cuda: device allocation failed (typed-len, 16961536 bytes): cuMemAlloc_v2: CUDA_ERROR_OUT_OF_MEMORY; the model does not fit this GPU's memory. Try -moe-cache-experts (a mixture-of-experts model keeps its hottest experts on the GPU and streams the rest from host memory), a smaller -quant (int4) or -ctx, or run on the CPU on purpose with -backend cpu, and cuda has no staged decode path
  prefill path: batched shape (CPU forwardLayersN, one weight stream for the whole prompt) — describes weight streaming, not throughput; this path is single-threaded
  context: unknown (the model declares no maximum) · KV f32
  session reuse: on (4 conversations kept prefilled)
  features: tools: parse-only (a named tool_choice cannot be constrained on this template) · structured output
loaded vision tower for "gemma-3-4b-it" (256 image tokens/image, soft-token id 262144, encoder int8/cuda-resident) from /home/francis/models/gemma-3-4b-it
"gemma-3-4b-it" concurrency: one generation at a time — -max-concurrent 4 applies to CPU models and to GPU-resident models that batch decode (a weight-streaming or vision model runs one)
swap guard: armed, threshold +512 MB over baseline
goinfer serving on http://127.0.0.1:18454 [chat:[gemma-3-4b-it]]
  routes: /v1/chat/completions /v1/completions /v1/responses /v1/messages /v1/embeddings
  web UI: off (-web enables a browser UI at / for chat and model pulls)
warning: no -api-key set — any web page open in your browser can silently send requests to this API while it's running. Set -api-key (or $GOINFER_API_KEY) to require authentication.
request body cap: 4.0 MiB (text) / 36.0 MiB (vision) / 64.0 MiB (embeddings) / 64.0 MiB (batch files) [derived from context window]
swap guard: baseline 3.92 GB swap-used
vision: encoded a 59792-byte image in 4.203s (sha256 d4352b06); a resend of it will skip this

shutting down…
