swap guard (load): not armed for /home/francis/models/gemma-4-e2b-gguf/gemma-4-E2B_q4_0-it.int4.e4h.cuda.giw — only a direct .gguf build is watched, so a swap-growing load is not stopped here; the serving watch arms once the server is up
loaded "gemma-4-E2B_q4_0-it": 35-layer model (vocab 262144) in 4.742s [chat: gemma4, thinking: template default off, serving template]
  decode path: cuda-resident (int4)
  prefill path: batched (weight-stationary CUDA passes of up to 512 rows); attention: attn_fused (L2, head dim 64/128, M>=16) else attn_batched (exact)
  context: 16384 tokens (backend default; model maximum 131072 — raise with --ctx) · KV f32
  fit: 16384-token cap needs 0.6 GB KV (weights 2.4 GB, budget 40.3 GB, 39.7 GB left for a request's own prefill)
  session reuse: on the GPU cache, 4 conversations kept resident — each reuses its own prefix; a further one takes the least recently used slot and re-prefills
  features: tools: parse-only (a named tool_choice cannot be constrained on this template) · structured output
"gemma-4-E2B_q4_0-it" concurrency: 4 generations at once, each on its own resident KV slot, decode tokens batched (-max-concurrent); a long prompt arriving mid-decode prefills in 512-token chunks (-prefill-chunk)
swap guard: armed, threshold +512 MB over baseline
goinfer serving on http://127.0.0.1:18791 [chat:[gemma-4-E2B_q4_0-it]]
  routes: /v1/chat/completions /v1/completions /v1/responses /v1/messages /v1/embeddings
  web UI: off (-web enables a browser UI at / for chat and model pulls)
warning: no -api-key set — any web page open in your browser can silently send requests to this API while it's running. Set -api-key (or $GOINFER_API_KEY) to require authentication.
request body cap: 24.0 MiB (text) / 56.0 MiB (vision) / 64.0 MiB (embeddings) / 64.0 MiB (batch files) [derived from context window]
swap guard: baseline 3.76 GB swap-used

shutting down…
resident batch "gemma-4-E2B_q4_0-it": 128 runs, 0 batched steps (0 tokens), 128 solo tokens, 0 straggler runs, steps by size [0 0 0 0 0]
resident batch "gemma-4-E2B_q4_0-it" held: 0 tokens in 0 holds
resident batch "gemma-4-E2B_q4_0-it" time: runs 2.001 s, exclusive 5.768 s (prefill 4 passes 5.768 s, bookkeeping 0.000 s)
