=== RUN   TestS896_gateDump
    s896_gate_test.go:120: options: quant "int4" embedInt4 true kv "f32"/"f32" knobs &map[GOINFER_CPU_FAST_ATTENTION:1]; 16 prompts per image; planted map[late:2 notadded:1 textrows:3]; teacher dir ""
[s896g    14s] image 1/4 gemma3_preprocess_image.png, prompt 1/16: 803 rows, unit 1 done, off-vs-on worst cosine 0.9843
[s896g    26s] image 1/4 gemma3_preprocess_image.png, prompt 2/16: 801 rows, unit 2 done, off-vs-on worst cosine 0.9751
[s896g    38s] image 1/4 gemma3_preprocess_image.png, prompt 3/16: 803 rows, unit 3 done, off-vs-on worst cosine 0.9787
[s896g    50s] image 1/4 gemma3_preprocess_image.png, prompt 4/16: 801 rows, unit 4 done, off-vs-on worst cosine 0.9883
[s896g    62s] image 1/4 gemma3_preprocess_image.png, prompt 5/16: 810 rows, unit 5 done, off-vs-on worst cosine 0.9857
[s896g    74s] image 1/4 gemma3_preprocess_image.png, prompt 6/16: 801 rows, unit 6 done, off-vs-on worst cosine 0.9500
[s896g    86s] image 1/4 gemma3_preprocess_image.png, prompt 7/16: 804 rows, unit 7 done, off-vs-on worst cosine 0.9569
[s896g    98s] image 1/4 gemma3_preprocess_image.png, prompt 8/16: 798 rows, unit 8 done, off-vs-on worst cosine 0.9651
[s896g   111s] image 1/4 gemma3_preprocess_image.png, prompt 9/16: 799 rows, unit 9 done, off-vs-on worst cosine 0.9612
[s896g   123s] image 1/4 gemma3_preprocess_image.png, prompt 10/16: 805 rows, unit 10 done, off-vs-on worst cosine 0.9927
[s896g   135s] image 1/4 gemma3_preprocess_image.png, prompt 11/16: 807 rows, unit 11 done, off-vs-on worst cosine 0.9664
[s896g   149s] image 1/4 gemma3_preprocess_image.png, prompt 12/16: 804 rows, unit 12 done, off-vs-on worst cosine 0.9801
[s896g   161s] image 1/4 gemma3_preprocess_image.png, prompt 13/16: 803 rows, unit 13 done, off-vs-on worst cosine 0.9785
[s896g   174s] image 1/4 gemma3_preprocess_image.png, prompt 14/16: 804 rows, unit 14 done, off-vs-on worst cosine 0.9651
[s896g   188s] image 1/4 gemma3_preprocess_image.png, prompt 15/16: 802 rows, unit 15 done, off-vs-on worst cosine 0.9851
[s896g   204s] image 1/4 gemma3_preprocess_image.png, prompt 16/16: 802 rows, unit 16 done, off-vs-on worst cosine 0.9962
[s896g   206s] image 2/4 qwen25vl_preprocess_image.png, prompt 1/16: 89 rows, unit 17 done, off-vs-on worst cosine 0.9880
[s896g   207s] image 2/4 qwen25vl_preprocess_image.png, prompt 2/16: 87 rows, unit 18 done, off-vs-on worst cosine 0.9671
[s896g   208s] image 2/4 qwen25vl_preprocess_image.png, prompt 3/16: 89 rows, unit 19 done, off-vs-on worst cosine 0.9876
[s896g   210s] image 2/4 qwen25vl_preprocess_image.png, prompt 4/16: 87 rows, unit 20 done, off-vs-on worst cosine 0.9822
[s896g   211s] image 2/4 qwen25vl_preprocess_image.png, prompt 5/16: 96 rows, unit 21 done, off-vs-on worst cosine 0.9872
[s896g   213s] image 2/4 qwen25vl_preprocess_image.png, prompt 6/16: 87 rows, unit 22 done, off-vs-on worst cosine 0.9330
[s896g   214s] image 2/4 qwen25vl_preprocess_image.png, prompt 7/16: 90 rows, unit 23 done, off-vs-on worst cosine 0.9893
[s896g   215s] image 2/4 qwen25vl_preprocess_image.png, prompt 8/16: 84 rows, unit 24 done, off-vs-on worst cosine 0.9850
[s896g   216s] image 2/4 qwen25vl_preprocess_image.png, prompt 9/16: 85 rows, unit 25 done, off-vs-on worst cosine 0.9520
[s896g   218s] image 2/4 qwen25vl_preprocess_image.png, prompt 10/16: 91 rows, unit 26 done, off-vs-on worst cosine 0.9934
[s896g   219s] image 2/4 qwen25vl_preprocess_image.png, prompt 11/16: 93 rows, unit 27 done, off-vs-on worst cosine 0.9581
[s896g   221s] image 2/4 qwen25vl_preprocess_image.png, prompt 12/16: 90 rows, unit 28 done, off-vs-on worst cosine 0.9791
[s896g   222s] image 2/4 qwen25vl_preprocess_image.png, prompt 13/16: 89 rows, unit 29 done, off-vs-on worst cosine 0.9478
[s896g   223s] image 2/4 qwen25vl_preprocess_image.png, prompt 14/16: 90 rows, unit 30 done, off-vs-on worst cosine 0.9751
[s896g   225s] image 2/4 qwen25vl_preprocess_image.png, prompt 15/16: 88 rows, unit 31 done, off-vs-on worst cosine 0.9843
[s896g   226s] image 2/4 qwen25vl_preprocess_image.png, prompt 16/16: 88 rows, unit 32 done, off-vs-on worst cosine 0.9936
[s896g   245s] image 3/4 formula.png, prompt 1/16: 1034 rows, unit 33 done, off-vs-on worst cosine 0.9894
[s896g   261s] image 3/4 formula.png, prompt 2/16: 1032 rows, unit 34 done, off-vs-on worst cosine 0.9780
[s896g   278s] image 3/4 formula.png, prompt 3/16: 1034 rows, unit 35 done, off-vs-on worst cosine 0.9776
[s896g   294s] image 3/4 formula.png, prompt 4/16: 1032 rows, unit 36 done, off-vs-on worst cosine 0.9373
[s896g   310s] image 3/4 formula.png, prompt 5/16: 1041 rows, unit 37 done, off-vs-on worst cosine 0.9868
[s896g   326s] image 3/4 formula.png, prompt 6/16: 1032 rows, unit 38 done, off-vs-on worst cosine 0.9782
[s896g   343s] image 3/4 formula.png, prompt 7/16: 1035 rows, unit 39 done, off-vs-on worst cosine 0.9801
[s896g   359s] image 3/4 formula.png, prompt 8/16: 1029 rows, unit 40 done, off-vs-on worst cosine 0.9799
[s896g   375s] image 3/4 formula.png, prompt 9/16: 1030 rows, unit 41 done, off-vs-on worst cosine 0.9513
[s896g   392s] image 3/4 formula.png, prompt 10/16: 1036 rows, unit 42 done, off-vs-on worst cosine 0.9890
[s896g   408s] image 3/4 formula.png, prompt 11/16: 1038 rows, unit 43 done, off-vs-on worst cosine 0.9683
[s896g   424s] image 3/4 formula.png, prompt 12/16: 1035 rows, unit 44 done, off-vs-on worst cosine 0.9834
[s896g   441s] image 3/4 formula.png, prompt 13/16: 1034 rows, unit 45 done, off-vs-on worst cosine 0.9823
[s896g   457s] image 3/4 formula.png, prompt 14/16: 1035 rows, unit 46 done, off-vs-on worst cosine 0.9764
[s896g   474s] image 3/4 formula.png, prompt 15/16: 1033 rows, unit 47 done, off-vs-on worst cosine 0.9821
[s896g   490s] image 3/4 formula.png, prompt 16/16: 1033 rows, unit 48 done, off-vs-on worst cosine 0.9763
[s896g   508s] image 4/4 table.png, prompt 1/16: 991 rows, unit 49 done, off-vs-on worst cosine 0.9677
[s896g   523s] image 4/4 table.png, prompt 2/16: 989 rows, unit 50 done, off-vs-on worst cosine 0.9705
[s896g   539s] image 4/4 table.png, prompt 3/16: 991 rows, unit 51 done, off-vs-on worst cosine 0.9861
[s896g   554s] image 4/4 table.png, prompt 4/16: 989 rows, unit 52 done, off-vs-on worst cosine 0.9174
[s896g   570s] image 4/4 table.png, prompt 5/16: 998 rows, unit 53 done, off-vs-on worst cosine 0.8082
[s896g   585s] image 4/4 table.png, prompt 6/16: 989 rows, unit 54 done, off-vs-on worst cosine 0.9557
[s896g   601s] image 4/4 table.png, prompt 7/16: 992 rows, unit 55 done, off-vs-on worst cosine 0.9815
[s896g   616s] image 4/4 table.png, prompt 8/16: 986 rows, unit 56 done, off-vs-on worst cosine 0.9745
[s896g   632s] image 4/4 table.png, prompt 9/16: 987 rows, unit 57 done, off-vs-on worst cosine 0.9260
[s896g   647s] image 4/4 table.png, prompt 10/16: 993 rows, unit 58 done, off-vs-on worst cosine 0.9813
[s896g   663s] image 4/4 table.png, prompt 11/16: 995 rows, unit 59 done, off-vs-on worst cosine 0.9870
[s896g   678s] image 4/4 table.png, prompt 12/16: 992 rows, unit 60 done, off-vs-on worst cosine 0.9846
[s896g   694s] image 4/4 table.png, prompt 13/16: 991 rows, unit 61 done, off-vs-on worst cosine 0.9871
[s896g   709s] image 4/4 table.png, prompt 14/16: 992 rows, unit 62 done, off-vs-on worst cosine 0.9580
[s896g   725s] image 4/4 table.png, prompt 15/16: 990 rows, unit 63 done, off-vs-on worst cosine 0.9359
[s896g   740s] image 4/4 table.png, prompt 16/16: 990 rows, unit 64 done, off-vs-on worst cosine 0.9784
[s896g   740s] done: 64 units written to /home/francis/goinfer-logs/s896g-run1-2026-10-09/a
--- PASS: TestS896_gateDump (751.45s)
PASS
