=== RUN   TestS896_gateDump
    s896_gate_test.go:120: options: quant "int4" embedInt4 true kv "f32"/"f32" knobs &map[GOINFER_CPU_FAST_ATTENTION:0]; 16 prompts per image; planted map[]; teacher dir "/home/francis/goinfer-logs/s896g-run1-2026-10-09/a"
[s896g    14s] image 1/4 gemma3_preprocess_image.png, prompt 1/16: 803 rows, unit 1 done, off-vs-on worst cosine 0.9743
[s896g    27s] image 1/4 gemma3_preprocess_image.png, prompt 2/16: 801 rows, unit 2 done, off-vs-on worst cosine 0.9697
[s896g    40s] image 1/4 gemma3_preprocess_image.png, prompt 3/16: 803 rows, unit 3 done, off-vs-on worst cosine 0.9812
[s896g    52s] image 1/4 gemma3_preprocess_image.png, prompt 4/16: 801 rows, unit 4 done, off-vs-on worst cosine 0.9783
[s896g    65s] image 1/4 gemma3_preprocess_image.png, prompt 5/16: 810 rows, unit 5 done, off-vs-on worst cosine 0.9800
[s896g    78s] image 1/4 gemma3_preprocess_image.png, prompt 6/16: 801 rows, unit 6 done, off-vs-on worst cosine 0.9291
[s896g    91s] image 1/4 gemma3_preprocess_image.png, prompt 7/16: 804 rows, unit 7 done, off-vs-on worst cosine 0.9763
[s896g   103s] image 1/4 gemma3_preprocess_image.png, prompt 8/16: 798 rows, unit 8 done, off-vs-on worst cosine 0.9697
[s896g   116s] image 1/4 gemma3_preprocess_image.png, prompt 9/16: 799 rows, unit 9 done, off-vs-on worst cosine 0.9726
[s896g   129s] image 1/4 gemma3_preprocess_image.png, prompt 10/16: 805 rows, unit 10 done, off-vs-on worst cosine 0.9849
[s896g   142s] image 1/4 gemma3_preprocess_image.png, prompt 11/16: 807 rows, unit 11 done, off-vs-on worst cosine 0.9884
[s896g   154s] image 1/4 gemma3_preprocess_image.png, prompt 12/16: 804 rows, unit 12 done, off-vs-on worst cosine 0.9683
[s896g   167s] image 1/4 gemma3_preprocess_image.png, prompt 13/16: 803 rows, unit 13 done, off-vs-on worst cosine 0.9792
[s896g   180s] image 1/4 gemma3_preprocess_image.png, prompt 14/16: 804 rows, unit 14 done, off-vs-on worst cosine 0.9736
[s896g   192s] image 1/4 gemma3_preprocess_image.png, prompt 15/16: 802 rows, unit 15 done, off-vs-on worst cosine 0.9816
[s896g   205s] image 1/4 gemma3_preprocess_image.png, prompt 16/16: 802 rows, unit 16 done, off-vs-on worst cosine 0.9950
[s896g   206s] image 2/4 qwen25vl_preprocess_image.png, prompt 1/16: 89 rows, unit 17 done, off-vs-on worst cosine 0.9880
[s896g   207s] image 2/4 qwen25vl_preprocess_image.png, prompt 2/16: 87 rows, unit 18 done, off-vs-on worst cosine 0.9671
[s896g   209s] image 2/4 qwen25vl_preprocess_image.png, prompt 3/16: 89 rows, unit 19 done, off-vs-on worst cosine 0.9876
[s896g   210s] image 2/4 qwen25vl_preprocess_image.png, prompt 4/16: 87 rows, unit 20 done, off-vs-on worst cosine 0.9822
[s896g   211s] image 2/4 qwen25vl_preprocess_image.png, prompt 5/16: 96 rows, unit 21 done, off-vs-on worst cosine 0.9872
[s896g   212s] image 2/4 qwen25vl_preprocess_image.png, prompt 6/16: 87 rows, unit 22 done, off-vs-on worst cosine 0.9330
[s896g   213s] image 2/4 qwen25vl_preprocess_image.png, prompt 7/16: 90 rows, unit 23 done, off-vs-on worst cosine 0.9893
[s896g   214s] image 2/4 qwen25vl_preprocess_image.png, prompt 8/16: 84 rows, unit 24 done, off-vs-on worst cosine 0.9850
[s896g   215s] image 2/4 qwen25vl_preprocess_image.png, prompt 9/16: 85 rows, unit 25 done, off-vs-on worst cosine 0.9520
[s896g   216s] image 2/4 qwen25vl_preprocess_image.png, prompt 10/16: 91 rows, unit 26 done, off-vs-on worst cosine 0.9934
[s896g   217s] image 2/4 qwen25vl_preprocess_image.png, prompt 11/16: 93 rows, unit 27 done, off-vs-on worst cosine 0.9581
[s896g   218s] image 2/4 qwen25vl_preprocess_image.png, prompt 12/16: 90 rows, unit 28 done, off-vs-on worst cosine 0.9791
[s896g   220s] image 2/4 qwen25vl_preprocess_image.png, prompt 13/16: 89 rows, unit 29 done, off-vs-on worst cosine 0.9478
[s896g   221s] image 2/4 qwen25vl_preprocess_image.png, prompt 14/16: 90 rows, unit 30 done, off-vs-on worst cosine 0.9751
[s896g   222s] image 2/4 qwen25vl_preprocess_image.png, prompt 15/16: 88 rows, unit 31 done, off-vs-on worst cosine 0.9843
[s896g   223s] image 2/4 qwen25vl_preprocess_image.png, prompt 16/16: 88 rows, unit 32 done, off-vs-on worst cosine 0.9936
[s896g   243s] image 3/4 formula.png, prompt 1/16: 1034 rows, unit 33 done, off-vs-on worst cosine 0.9822
[s896g   260s] image 3/4 formula.png, prompt 2/16: 1032 rows, unit 34 done, off-vs-on worst cosine 0.9677
[s896g   278s] image 3/4 formula.png, prompt 3/16: 1034 rows, unit 35 done, off-vs-on worst cosine 0.9666
[s896g   296s] image 3/4 formula.png, prompt 4/16: 1032 rows, unit 36 done, off-vs-on worst cosine 0.9800
[s896g   314s] image 3/4 formula.png, prompt 5/16: 1041 rows, unit 37 done, off-vs-on worst cosine 0.9661
[s896g   332s] image 3/4 formula.png, prompt 6/16: 1032 rows, unit 38 done, off-vs-on worst cosine 0.9815
[s896g   350s] image 3/4 formula.png, prompt 7/16: 1035 rows, unit 39 done, off-vs-on worst cosine 0.9776
[s896g   367s] image 3/4 formula.png, prompt 8/16: 1029 rows, unit 40 done, off-vs-on worst cosine 0.9671
[s896g   385s] image 3/4 formula.png, prompt 9/16: 1030 rows, unit 41 done, off-vs-on worst cosine 0.9456
[s896g   403s] image 3/4 formula.png, prompt 10/16: 1036 rows, unit 42 done, off-vs-on worst cosine 0.9852
[s896g   421s] image 3/4 formula.png, prompt 11/16: 1038 rows, unit 43 done, off-vs-on worst cosine 0.9648
[s896g   438s] image 3/4 formula.png, prompt 12/16: 1035 rows, unit 44 done, off-vs-on worst cosine 0.9650
[s896g   456s] image 3/4 formula.png, prompt 13/16: 1034 rows, unit 45 done, off-vs-on worst cosine 0.9874
[s896g   474s] image 3/4 formula.png, prompt 14/16: 1035 rows, unit 46 done, off-vs-on worst cosine 0.9824
[s896g   492s] image 3/4 formula.png, prompt 15/16: 1033 rows, unit 47 done, off-vs-on worst cosine 0.9812
[s896g   510s] image 3/4 formula.png, prompt 16/16: 1033 rows, unit 48 done, off-vs-on worst cosine 0.9726
[s896g   528s] image 4/4 table.png, prompt 1/16: 991 rows, unit 49 done, off-vs-on worst cosine 0.9895
[s896g   545s] image 4/4 table.png, prompt 2/16: 989 rows, unit 50 done, off-vs-on worst cosine 0.9889
[s896g   562s] image 4/4 table.png, prompt 3/16: 991 rows, unit 51 done, off-vs-on worst cosine 0.9839
[s896g   579s] image 4/4 table.png, prompt 4/16: 989 rows, unit 52 done, off-vs-on worst cosine 0.9315
[s896g   596s] image 4/4 table.png, prompt 5/16: 998 rows, unit 53 done, off-vs-on worst cosine 0.9030
[s896g   612s] image 4/4 table.png, prompt 6/16: 989 rows, unit 54 done, off-vs-on worst cosine 0.9792
[s896g   629s] image 4/4 table.png, prompt 7/16: 992 rows, unit 55 done, off-vs-on worst cosine 0.9777
[s896g   646s] image 4/4 table.png, prompt 8/16: 986 rows, unit 56 done, off-vs-on worst cosine 0.9771
[s896g   662s] image 4/4 table.png, prompt 9/16: 987 rows, unit 57 done, off-vs-on worst cosine 0.8588
[s896g   679s] image 4/4 table.png, prompt 10/16: 993 rows, unit 58 done, off-vs-on worst cosine 0.9720
[s896g   696s] image 4/4 table.png, prompt 11/16: 995 rows, unit 59 done, off-vs-on worst cosine 0.9891
[s896g   713s] image 4/4 table.png, prompt 12/16: 992 rows, unit 60 done, off-vs-on worst cosine 0.9795
[s896g   730s] image 4/4 table.png, prompt 13/16: 991 rows, unit 61 done, off-vs-on worst cosine 0.9819
[s896g   746s] image 4/4 table.png, prompt 14/16: 992 rows, unit 62 done, off-vs-on worst cosine 0.9600
[s896g   763s] image 4/4 table.png, prompt 15/16: 990 rows, unit 63 done, off-vs-on worst cosine 0.9407
[s896g   780s] image 4/4 table.png, prompt 16/16: 990 rows, unit 64 done, off-vs-on worst cosine 0.9847
[s896g   780s] done: 64 units written to /home/francis/goinfer-logs/s896g-run1-2026-10-09/b
--- PASS: TestS896_gateDump (791.89s)
PASS
