swap guard (load): not armed for /Users/francistownsend-merino/models/gemma-4-e2b-gguf/gemma-4-E2B_q4_0-it.int4.cpu-arm64.giw — only a direct .gguf build is watched, so a swap-growing load is not stopped here; the serving watch arms once the server is up
decoder: .giw context capped at 91641 (model allows 131072) so that KV+scratch fits: needs ~2.75 GB of 3.75 GB available (1 GB margin) — pass -ctx to choose, or free memory to lift
loaded "gemma-4-E2B_q4_0-it": 35-layer model (vocab 262144) in 7ms [chat: gemma4, thinking: template default off, serving template]
  decode path: cpu (int4) [int4 layout: row4-only (down, gate/up, qkv)]
  prefill path: sequential — this arch has its own per-token forward (no batched CPU prefill)
  context: 131072 tokens (model maximum) · KV f32 — the CPU path has no --ctx cap: KV is allocated per request, so this is a ceiling, not memory held
  fit: 91641-token cap needs 2.5 GB KV (weights 3.5 GB, budget 2.6 GB, 0.1 GB left for a request's own prefill)
  session reuse: on (4 conversations kept prefilled)
  features: tools: parse-only (a named tool_choice cannot be constrained on this template) · structured output
loaded Gemma 4 vision tower for "gemma-4-E2B_q4_0-it" (max 280 soft tokens/image, soft-token id 258880, tower on CPU) from /Users/francistownsend-merino/models/gemma-4-E2B-unq
Gemma 4 audio input on for "gemma-4-E2B_q4_0-it" (audio-token id 258881; the tower loads on the first clip, CPU) from /Users/francistownsend-merino/models/gemma-4-E2B-unq
"gemma-4-E2B_q4_0-it" concurrency: one generation at a time — -max-concurrent 4 applies to CPU models and to GPU-resident models that batch decode (a weight-streaming or vision model runs one)
swap guard: armed, threshold +512 MB over baseline
goinfer serving on http://127.0.0.1:18456 [chat:[gemma-4-E2B_q4_0-it]]
  routes: /v1/chat/completions /v1/completions /v1/responses /v1/messages /v1/embeddings
  web UI: off (-web enables a browser UI at / for chat and model pulls)
warning: no -api-key set — any web page open in your browser can silently send requests to this API while it's running. Set -api-key (or $GOINFER_API_KEY) to require authentication.
request body cap: 24.0 MiB (text) / 56.0 MiB (vision) / 64.0 MiB (embeddings) / 64.0 MiB (batch files) [derived from context window]
swap guard: baseline 2.79 GB swap-used
audio: loaded the Gemma 4 audio tower for "gemma-4-E2B_q4_0-it" in 2.028s
vision: encoded a 187438-byte image in 3.054s (sha256 e846f8c9); a resend of it will skip this
vision: decoded 20 tokens on the cpu path (prefill cpu)

shutting down…
