T 1790276947.959
Pages free:                                   118568.
Pages wired down:                             109508.
File-backed pages:                            261369.
Anonymous pages:                              398768.
Pages stored in compressor:                   332354.
Pages occupied by compressor:                 120782.
Pageins:                                     3142610.
T 1790276948.027
Pages free:                                   118518.
Pages wired down:                             109508.
File-backed pages:                            261370.
Anonymous pages:                              398778.
Pages stored in compressor:                   332354.
Pages occupied by compressor:                 120782.
Pageins:                                     3142617.
T 1790276948.096
Pages free:                                   118534.
Pages wired down:                             109510.
File-backed pages:                            261370.
Anonymous pages:                              398801.
Pages stored in compressor:                   332353.
Pages occupied by compressor:                 120781.
Pageins:                                     3142624.
T 1790276948.163
Pages free:                                   120482.
Pages wired down:                             109511.
File-backed pages:                            261370.
Anonymous pages:                              396865.
Pages stored in compressor:                   332353.
Pages occupied by compressor:                 120781.
Pageins:                                     3142631.
T 1790276948.232
Pages free:                                   120449.
Pages wired down:                             109509.
File-backed pages:                            261370.
Anonymous pages:                              396862.
Pages stored in compressor:                   332351.
Pages occupied by compressor:                 120780.
Pageins:                                     3142638.
T 1790276948.300
Pages free:                                   119711.
Pages wired down:                             109536.
File-backed pages:                            261374.
Anonymous pages:                              397606.
Pages stored in compressor:                   332350.
Pages occupied by compressor:                 120780.
Pageins:                                     3142648.
T 1790276948.366
Pages free:                                   107448.
Pages wired down:                             110796.
File-backed pages:                            267585.
Anonymous pages:                              402345.
Pages stored in compressor:                   332347.
Pages occupied by compressor:                 120780.
Pageins:                                     3148934.
T 1790276948.433
Pages free:                                    86826.
Pages wired down:                             110797.
File-backed pages:                            277826.
Anonymous pages:                              412634.
Pages stored in compressor:                   332345.
Pages occupied by compressor:                 120780.
Pageins:                                     3159182.
T 1790276948.498
Pages free:                                    68437.
Pages wired down:                             110796.
File-backed pages:                            287041.
Anonymous pages:                              421857.
Pages stored in compressor:                   332340.
Pages occupied by compressor:                 120779.
Pageins:                                     3168404.
T 1790276948.565
Pages free:                                    49974.
Pages wired down:                             110797.
File-backed pages:                            296193.
Anonymous pages:                              431017.
Pages stored in compressor:                   332340.
Pages occupied by compressor:                 120779.
Pageins:                                     3177563.
T 1790276948.633
Pages free:                                    29828.
Pages wired down:                             110797.
File-backed pages:                            306307.
Anonymous pages:                              441117.
Pages stored in compressor:                   332340.
Pages occupied by compressor:                 120779.
Pageins:                                     3187682.
T 1790276948.700
Pages free:                                    11177.
Pages wired down:                             110799.
File-backed pages:                            315715.
Anonymous pages:                              450550.
Pages stored in compressor:                   332340.
Pages occupied by compressor:                 120779.
Pageins:                                     3197098.
T 1790276948.770
Pages free:                                     3644.
Pages wired down:                             110799.
File-backed pages:                            313097.
Anonymous pages:                              460513.
Pages stored in compressor:                   332338.
Pages occupied by compressor:                 120779.
Pageins:                                     3207058.
T 1790276948.839
Pages free:                                     3659.
Pages wired down:                             110799.
File-backed pages:                            303075.
Anonymous pages:                              470473.
Pages stored in compressor:                   332337.
Pages occupied by compressor:                 120779.
Pageins:                                     3215962.
T 1790276948.907
Pages free:                                     3612.
Pages wired down:                             110802.
File-backed pages:                            294242.
Anonymous pages:                              479398.
Pages stored in compressor:                   332337.
Pages occupied by compressor:                 120779.
Pageins:                                     3224928.
T 1790276948.975
Pages free:                                     3826.
Pages wired down:                             110807.
File-backed pages:                            291837.
Anonymous pages:                              479184.
Pages stored in compressor:                   339578.
Pages occupied by compressor:                 123103.
Pageins:                                     3232679.
T 1790276949.039
Pages free:                                     3582.
Pages wired down:                             110896.
File-backed pages:                            290574.
Anonymous pages:                              478009.
Pages stored in compressor:                   346726.
Pages occupied by compressor:                 125867.
Pageins:                                     3238648.
T 1790276949.106
Pages free:                                     3639.
Pages wired down:                             110904.
File-backed pages:                            288598.
Anonymous pages:                              477066.
Pages stored in compressor:                   354430.
Pages occupied by compressor:                 128649.
Pageins:                                     3245503.
T 1790276949.176
Pages free:                                     3572.
Pages wired down:                             110832.
File-backed pages:                            292466.
Anonymous pages:                              468762.
Pages stored in compressor:                   367327.
Pages occupied by compressor:                 133244.
Pageins:                                     3251654.
T 1790276949.244
Pages free:                                     3835.
Pages wired down:                             110841.
File-backed pages:                            294229.
Anonymous pages:                              460064.
Pages stored in compressor:                   380580.
Pages occupied by compressor:                 139963.
Pageins:                                     3257167.
T 1790276949.314
Pages free:                                     3812.
Pages wired down:                             110867.
File-backed pages:                            293300.
Anonymous pages:                              454268.
Pages stored in compressor:                   390725.
Pages occupied by compressor:                 146622.
Pageins:                                     3263911.
T 1790276949.388
Pages free:                                     3845.
Pages wired down:                             110881.
File-backed pages:                            295675.
Anonymous pages:                              443990.
Pages stored in compressor:                   405175.
Pages occupied by compressor:                 154483.
Pageins:                                     3270317.
T 1790276949.457
Pages free:                                   135803.
Pages wired down:                             109671.
File-backed pages:                            299217.
Anonymous pages:                              300169.
Pages stored in compressor:                   422517.
Pages occupied by compressor:                 164129.
Pageins:                                     3273910.
T 1790276949.526
Pages free:                                   135718.
Pages wired down:                             109665.
File-backed pages:                            299220.
Anonymous pages:                              300188.
Pages stored in compressor:                   422517.
Pages occupied by compressor:                 164129.
Pageins:                                     3273920.
T 1790276949.594
Pages free:                                   135669.
Pages wired down:                             109677.
File-backed pages:                            299223.
Anonymous pages:                              300273.
Pages stored in compressor:                   422516.
Pages occupied by compressor:                 164128.
Pageins:                                     3273930.
T 1790276949.663
Pages free:                                   135592.
Pages wired down:                             109685.
File-backed pages:                            299224.
Anonymous pages:                              300404.
Pages stored in compressor:                   422516.
Pages occupied by compressor:                 164128.
Pageins:                                     3273936.
T 1790276949.730
Pages free:                                   135555.
Pages wired down:                             109684.
File-backed pages:                            299225.
Anonymous pages:                              300412.
Pages stored in compressor:                   422515.
Pages occupied by compressor:                 164128.
Pageins:                                     3273944.
T 1790276949.796
Pages free:                                   135534.
Pages wired down:                             109690.
File-backed pages:                            299233.
Anonymous pages:                              300399.
Pages stored in compressor:                   422512.
Pages occupied by compressor:                 164126.
Pageins:                                     3273952.
T 1790276949.867
Pages free:                                   135138.
Pages wired down:                             109711.
File-backed pages:                            299273.
Anonymous pages:                              300751.
Pages stored in compressor:                   422512.
Pages occupied by compressor:                 164126.
Pageins:                                     3273998.
T 1790276949.938
Pages free:                                   134359.
Pages wired down:                             109736.
File-backed pages:                            299306.
Anonymous pages:                              301471.
Pages stored in compressor:                   422483.
Pages occupied by compressor:                 164121.
Pageins:                                     3274010.
T 1790276950.020
Pages free:                                   134252.
Pages wired down:                             109737.
File-backed pages:                            299306.
Anonymous pages:                              301477.
Pages stored in compressor:                   422483.
Pages occupied by compressor:                 164121.
Pageins:                                     3274017.
T 1790276950.090
Pages free:                                   134390.
Pages wired down:                             109739.
File-backed pages:                            299306.
Anonymous pages:                              301475.
Pages stored in compressor:                   422483.
Pages occupied by compressor:                 164121.
Pageins:                                     3274024.
T 1790276950.160
Pages free:                                   134201.
Pages wired down:                             109736.
File-backed pages:                            299397.
Anonymous pages:                              301485.
Pages stored in compressor:                   422483.
Pages occupied by compressor:                 164121.
Pageins:                                     3274031.
T 1790276950.229
Pages free:                                   134117.
Pages wired down:                             109732.
File-backed pages:                            299479.
Anonymous pages:                              301483.
Pages stored in compressor:                   422483.
Pages occupied by compressor:                 164121.
Pageins:                                     3274048.
T 1790276950.297
Pages free:                                   134065.
Pages wired down:                             114348.
File-backed pages:                            299481.
Anonymous pages:                              296905.
Pages stored in compressor:                   422483.
Pages occupied by compressor:                 164121.
Pageins:                                     3274055.
T 1790276950.367
Pages free:                                   133065.
Pages wired down:                             115411.
File-backed pages:                            299490.
Anonymous pages:                              296904.
Pages stored in compressor:                   422482.
Pages occupied by compressor:                 164121.
Pageins:                                     3274062.
T 1790276950.440
Pages free:                                   133017.
Pages wired down:                             115411.
File-backed pages:                            299490.
Anonymous pages:                              296901.
Pages stored in compressor:                   422482.
Pages occupied by compressor:                 164121.
Pageins:                                     3274069.
T 1790276950.512
Pages free:                                   133017.
Pages wired down:                             115411.
File-backed pages:                            299490.
Anonymous pages:                              296904.
Pages stored in compressor:                   422482.
Pages occupied by compressor:                 164121.
Pageins:                                     3274076.
T 1790276950.584
Pages free:                                   133072.
Pages wired down:                             115411.
File-backed pages:                            299490.
Anonymous pages:                              296907.
Pages stored in compressor:                   422482.
Pages occupied by compressor:                 164121.
Pageins:                                     3274083.
T 1790276950.656
Pages free:                                   133003.
Pages wired down:                             115411.
File-backed pages:                            299491.
Anonymous pages:                              296907.
Pages stored in compressor:                   422482.
Pages occupied by compressor:                 164121.
Pageins:                                     3274091.
T 1790276950.728
Pages free:                                   134133.
Pages wired down:                             114346.
File-backed pages:                            299489.
Anonymous pages:                              296923.
Pages stored in compressor:                   422482.
Pages occupied by compressor:                 164121.
Pageins:                                     3274098.
T 1790276950.800
Pages free:                                   134056.
Pages wired down:                             114347.
File-backed pages:                            299491.
Anonymous pages:                              296923.
Pages stored in compressor:                   422482.
Pages occupied by compressor:                 164121.
Pageins:                                     3274105.
T 1790276950.869
Pages free:                                   134134.
Pages wired down:                             114347.
File-backed pages:                            299510.
Anonymous pages:                              296923.
Pages stored in compressor:                   422481.
Pages occupied by compressor:                 164120.
Pageins:                                     3274112.
T 1790276950.939
Pages free:                                   134090.
Pages wired down:                             114347.
File-backed pages:                            299510.
Anonymous pages:                              296917.
Pages stored in compressor:                   422481.
Pages occupied by compressor:                 164120.
Pageins:                                     3274119.
T 1790276951.012
Pages free:                                   134010.
Pages wired down:                             114346.
File-backed pages:                            299511.
Anonymous pages:                              296932.
Pages stored in compressor:                   422480.
Pages occupied by compressor:                 164120.
Pageins:                                     3274126.
T 1790276951.086
Pages free:                                   134045.
Pages wired down:                             114347.
File-backed pages:                            299511.
Anonymous pages:                              296935.
Pages stored in compressor:                   422480.
Pages occupied by compressor:                 164120.
Pageins:                                     3274133.
T 1790276951.153
Pages free:                                   132535.
Pages wired down:                             114431.
File-backed pages:                            299519.
Anonymous pages:                              298359.
Pages stored in compressor:                   422480.
Pages occupied by compressor:                 164120.
Pageins:                                     3274146.
T 1790276951.221
Pages free:                                   132568.
Pages wired down:                             114430.
File-backed pages:                            299519.
Anonymous pages:                              298363.
Pages stored in compressor:                   422479.
Pages occupied by compressor:                 164120.
Pageins:                                     3274153.
T 1790276951.285
Pages free:                                   133927.
Pages wired down:                             114348.
File-backed pages:                            299519.
Anonymous pages:                              297007.
Pages stored in compressor:                   422479.
Pages occupied by compressor:                 164120.
Pageins:                                     3274160.
T 1790276951.352
Pages free:                                   133913.
Pages wired down:                             114348.
File-backed pages:                            299521.
Anonymous pages:                              297019.
Pages stored in compressor:                   422478.
Pages occupied by compressor:                 164120.
Pageins:                                     3274168.
T 1790276951.418
Pages free:                                   133956.
Pages wired down:                             114348.
File-backed pages:                            299520.
Anonymous pages:                              297019.
Pages stored in compressor:                   422478.
Pages occupied by compressor:                 164120.
Pageins:                                     3274175.
T 1790276951.481
Pages free:                                   133936.
Pages wired down:                             111006.
File-backed pages:                            299520.
Anonymous pages:                              300351.
Pages stored in compressor:                   422478.
Pages occupied by compressor:                 164120.
Pageins:                                     3274183.
T 1790276951.548
Pages free:                                   133919.
Pages wired down:                             111006.
File-backed pages:                            299520.
Anonymous pages:                              300448.
Pages stored in compressor:                   422477.
Pages occupied by compressor:                 164120.
Pageins:                                     3274189.
T 1790276951.611
Pages free:                                   133647.
Pages wired down:                             111011.
File-backed pages:                            299527.
Anonymous pages:                              300611.
Pages stored in compressor:                   422475.
Pages occupied by compressor:                 164120.
Pageins:                                     3274196.
T 1790276951.677
Pages free:                                   133679.
Pages wired down:                             111008.
File-backed pages:                            299527.
Anonymous pages:                              300660.
Pages stored in compressor:                   422475.
Pages occupied by compressor:                 164120.
Pageins:                                     3274203.
T 1790276951.745
Pages free:                                   133599.
Pages wired down:                             111015.
File-backed pages:                            299529.
Anonymous pages:                              300795.
Pages stored in compressor:                   422475.
Pages occupied by compressor:                 164120.
Pageins:                                     3274213.
T 1790276951.811
Pages free:                                   111441.
Pages wired down:                             111016.
File-backed pages:                            299528.
Anonymous pages:                              322857.
Pages stored in compressor:                   422475.
Pages occupied by compressor:                 164120.
Pageins:                                     3274219.
T 1790276951.877
Pages free:                                    73755.
Pages wired down:                             111017.
File-backed pages:                            299528.
Anonymous pages:                              360563.
Pages stored in compressor:                   422475.
Pages occupied by compressor:                 164120.
Pageins:                                     3274226.
T 1790276951.944
Pages free:                                    35349.
Pages wired down:                             111017.
File-backed pages:                            299528.
Anonymous pages:                              398991.
Pages stored in compressor:                   422475.
Pages occupied by compressor:                 164120.
Pageins:                                     3274233.
T 1790276952.009
Pages free:                                    12979.
Pages wired down:                             110983.
File-backed pages:                            298411.
Anonymous pages:                              422169.
Pages stored in compressor:                   423031.
Pages occupied by compressor:                 164239.
Pageins:                                     3274240.
T 1790276952.078
Pages free:                                   104221.
Pages wired down:                             110983.
File-backed pages:                            298412.
Anonymous pages:                              331108.
Pages stored in compressor:                   423025.
Pages occupied by compressor:                 164235.
Pageins:                                     3274249.
T 1790276952.144
Pages free:                                    67558.
Pages wired down:                             110974.
File-backed pages:                            298413.
Anonymous pages:                              367769.
Pages stored in compressor:                   422988.
Pages occupied by compressor:                 164235.
Pageins:                                     3274259.
T 1790276952.211
Pages free:                                    30036.
Pages wired down:                             110988.
File-backed pages:                            298413.
Anonymous pages:                              405302.
Pages stored in compressor:                   422961.
Pages occupied by compressor:                 164234.
Pageins:                                     3274266.
T 1790276952.277
Pages free:                                   133027.
Pages wired down:                             110989.
File-backed pages:                            298413.
Anonymous pages:                              302244.
Pages stored in compressor:                   422961.
Pages occupied by compressor:                 164234.
Pageins:                                     3274274.
T 1790276952.344
Pages free:                                    93877.
Pages wired down:                             110989.
File-backed pages:                            298413.
Anonymous pages:                              341382.
Pages stored in compressor:                   422961.
Pages occupied by compressor:                 164234.
Pageins:                                     3274281.
T 1790276952.412
Pages free:                                    54926.
Pages wired down:                             110989.
File-backed pages:                            298413.
Anonymous pages:                              380410.
Pages stored in compressor:                   422961.
Pages occupied by compressor:                 164234.
Pageins:                                     3274288.
T 1790276952.480
Pages free:                                    17050.
Pages wired down:                             110988.
File-backed pages:                            298413.
Anonymous pages:                              418260.
Pages stored in compressor:                   422960.
Pages occupied by compressor:                 164233.
Pageins:                                     3274295.
T 1790276952.545
Pages free:                                   121458.
Pages wired down:                             110983.
File-backed pages:                            298421.
Anonymous pages:                              314012.
Pages stored in compressor:                   422959.
Pages occupied by compressor:                 164233.
Pageins:                                     3274302.
T 1790276952.611
Pages free:                                    83350.
Pages wired down:                             110985.
File-backed pages:                            298421.
Anonymous pages:                              351962.
Pages stored in compressor:                   422958.
Pages occupied by compressor:                 164233.
Pageins:                                     3274309.
T 1790276952.680
Pages free:                                    44909.
Pages wired down:                             110986.
File-backed pages:                            298422.
Anonymous pages:                              390365.
Pages stored in compressor:                   422957.
Pages occupied by compressor:                 164233.
Pageins:                                     3274317.
T 1790276952.743
Pages free:                                     9438.
Pages wired down:                             110983.
File-backed pages:                            298421.
Anonymous pages:                              425913.
Pages stored in compressor:                   422954.
Pages occupied by compressor:                 164233.
Pageins:                                     3274323.
T 1790276952.809
Pages free:                                   135007.
Pages wired down:                             110981.
File-backed pages:                            298421.
Anonymous pages:                              300396.
Pages stored in compressor:                   422952.
Pages occupied by compressor:                 164233.
Pageins:                                     3274331.
T 1790276952.877
Pages free:                                   134735.
Pages wired down:                             110984.
File-backed pages:                            298421.
Anonymous pages:                              300552.
Pages stored in compressor:                   422948.
Pages occupied by compressor:                 164233.
Pageins:                                     3274338.
T 1790276952.944
Pages free:                                   134691.
Pages wired down:                             110983.
File-backed pages:                            298429.
Anonymous pages:                              300626.
Pages stored in compressor:                   422948.
Pages occupied by compressor:                 164233.
Pageins:                                     3274345.
T 1790276953.011
Pages free:                                   134432.
Pages wired down:                             110983.
File-backed pages:                            298429.
Anonymous pages:                              300843.
Pages stored in compressor:                   422947.
Pages occupied by compressor:                 164233.
Pageins:                                     3274352.
T 1790276953.078
Pages free:                                   133083.
Pages wired down:                             116486.
File-backed pages:                            298429.
Anonymous pages:                              296779.
Pages stored in compressor:                   422936.
Pages occupied by compressor:                 164233.
Pageins:                                     3274359.
T 1790276953.145
Pages free:                                   133030.
Pages wired down:                             116485.
File-backed pages:                            298428.
Anonymous pages:                              296853.
Pages stored in compressor:                   422857.
Pages occupied by compressor:                 164221.
Pageins:                                     3274366.
T 1790276953.214
Pages free:                                   133473.
Pages wired down:                             116504.
File-backed pages:                            298490.
Anonymous pages:                              296515.
Pages stored in compressor:                   422559.
Pages occupied by compressor:                 164031.
Pageins:                                     3274375.
T 1790276953.277
Pages free:                                   131870.
Pages wired down:                             116584.
File-backed pages:                            298492.
Anonymous pages:                              297922.
Pages stored in compressor:                   422559.
Pages occupied by compressor:                 164031.
Pageins:                                     3274384.
T 1790276953.345
Pages free:                                   131956.
Pages wired down:                             116584.
File-backed pages:                            298492.
Anonymous pages:                              297906.
Pages stored in compressor:                   422559.
Pages occupied by compressor:                 164031.
Pageins:                                     3274391.
T 1790276953.412
Pages free:                                   133425.
Pages wired down:                             116506.
File-backed pages:                            298492.
Anonymous pages:                              296523.
Pages stored in compressor:                   422556.
Pages occupied by compressor:                 164031.
Pageins:                                     3274398.
T 1790276953.477
Pages free:                                   133455.
Pages wired down:                             116504.
File-backed pages:                            298492.
Anonymous pages:                              296533.
Pages stored in compressor:                   422554.
Pages occupied by compressor:                 164031.
Pageins:                                     3274405.
T 1790276953.542
Pages free:                                   133307.
Pages wired down:                             116514.
File-backed pages:                            298492.
Anonymous pages:                              296579.
Pages stored in compressor:                   422554.
Pages occupied by compressor:                 164031.
Pageins:                                     3274412.
T 1790276953.616
Pages free:                                   133282.
Pages wired down:                             116514.
File-backed pages:                            298494.
Anonymous pages:                              296571.
Pages stored in compressor:                   422553.
Pages occupied by compressor:                 164030.
Pageins:                                     3274419.
T 1790276953.680
Pages free:                                   133352.
Pages wired down:                             116514.
File-backed pages:                            298494.
Anonymous pages:                              296582.
Pages stored in compressor:                   422552.
Pages occupied by compressor:                 164028.
Pageins:                                     3274426.
T 1790276953.744
Pages free:                                   133405.
Pages wired down:                             116512.
File-backed pages:                            298494.
Anonymous pages:                              296549.
Pages stored in compressor:                   422552.
Pages occupied by compressor:                 164028.
Pageins:                                     3274433.
T 1790276953.811
Pages free:                                   109412.
Pages wired down:                             116515.
File-backed pages:                            298494.
Anonymous pages:                              320572.
Pages stored in compressor:                   422535.
Pages occupied by compressor:                 164017.
Pageins:                                     3274440.
T 1790276953.878
Pages free:                                    67116.
Pages wired down:                             116517.
File-backed pages:                            298566.
Anonymous pages:                              362675.
Pages stored in compressor:                   422535.
Pages occupied by compressor:                 164017.
Pageins:                                     3274518.
T 1790276953.945
Pages free:                                    31704.
Pages wired down:                             116515.
File-backed pages:                            298957.
Anonymous pages:                              397869.
Pages stored in compressor:                   422533.
Pages occupied by compressor:                 164017.
Pageins:                                     3274532.
T 1790276954.012
Pages free:                                    43549.
Pages wired down:                             116520.
File-backed pages:                            299076.
Anonymous pages:                              385376.
Pages stored in compressor:                   425387.
Pages occupied by compressor:                 164287.
Pageins:                                     3274598.
T 1790276954.081
Pages free:                                   102619.
Pages wired down:                             116516.
File-backed pages:                            299297.
Anonymous pages:                              326268.
Pages stored in compressor:                   425387.
Pages occupied by compressor:                 164287.
Pageins:                                     3274608.
T 1790276954.149
Pages free:                                    65710.
Pages wired down:                             118404.
File-backed pages:                            299533.
Anonymous pages:                              360960.
Pages stored in compressor:                   425387.
Pages occupied by compressor:                 164287.
Pageins:                                     3274620.
T 1790276954.216
Pages free:                                    27687.
Pages wired down:                             118405.
File-backed pages:                            300026.
Anonymous pages:                              398628.
Pages stored in compressor:                   425387.
Pages occupied by compressor:                 164287.
Pageins:                                     3274629.
T 1790276954.280
Pages free:                                   135940.
Pages wired down:                             117758.
File-backed pages:                            299165.
Anonymous pages:                              291789.
Pages stored in compressor:                   425677.
Pages occupied by compressor:                 164298.
Pageins:                                     3274637.
T 1790276954.352
Pages free:                                    93699.
Pages wired down:                             117759.
File-backed pages:                            299233.
Anonymous pages:                              333860.
Pages stored in compressor:                   425677.
Pages occupied by compressor:                 164298.
Pageins:                                     3274698.
T 1790276954.415
Pages free:                                    59311.
Pages wired down:                             117761.
File-backed pages:                            299232.
Anonymous pages:                              368326.
Pages stored in compressor:                   425676.
Pages occupied by compressor:                 164298.
Pageins:                                     3274704.
T 1790276954.482
Pages free:                                    21260.
Pages wired down:                             117746.
File-backed pages:                            299233.
Anonymous pages:                              406422.
Pages stored in compressor:                   425670.
Pages occupied by compressor:                 164296.
Pageins:                                     3274712.
T 1790276954.549
Pages free:                                   124689.
Pages wired down:                             117730.
File-backed pages:                            299232.
Anonymous pages:                              302977.
Pages stored in compressor:                   425670.
Pages occupied by compressor:                 164296.
Pageins:                                     3274719.
T 1790276954.613
Pages free:                                    86275.
Pages wired down:                             117732.
File-backed pages:                            299234.
Anonymous pages:                              341449.
Pages stored in compressor:                   425670.
Pages occupied by compressor:                 164296.
Pageins:                                     3274727.
T 1790276954.681
Pages free:                                    49099.
Pages wired down:                             117742.
File-backed pages:                            299244.
Anonymous pages:                              378607.
Pages stored in compressor:                   425567.
Pages occupied by compressor:                 164273.
Pageins:                                     3274734.
T 1790276954.748
Pages free:                                    10626.
Pages wired down:                             117727.
File-backed pages:                            299368.
Anonymous pages:                              416981.
Pages stored in compressor:                   425541.
Pages occupied by compressor:                 164267.
Pageins:                                     3274741.
T 1790276954.816
Pages free:                                   135891.
Pages wired down:                             117726.
File-backed pages:                            299368.
Anonymous pages:                              291678.
Pages stored in compressor:                   425541.
Pages occupied by compressor:                 164267.
Pageins:                                     3274749.
T 1790276954.878
Pages free:                                   136001.
Pages wired down:                             117725.
File-backed pages:                            299368.
Anonymous pages:                              291664.
Pages stored in compressor:                   425541.
Pages occupied by compressor:                 164267.
Pageins:                                     3274756.
T 1790276954.943
Pages free:                                   135981.
Pages wired down:                             117725.
File-backed pages:                            299368.
Anonymous pages:                              291634.
Pages stored in compressor:                   425541.
Pages occupied by compressor:                 164267.
Pageins:                                     3274763.
T 1790276955.010
Pages free:                                   135892.
Pages wired down:                             117725.
File-backed pages:                            299368.
Anonymous pages:                              291661.
Pages stored in compressor:                   425541.
Pages occupied by compressor:                 164267.
Pageins:                                     3274770.
T 1790276955.077
Pages free:                                   136083.
Pages wired down:                             117725.
File-backed pages:                            299427.
Anonymous pages:                              291473.
Pages stored in compressor:                   425541.
Pages occupied by compressor:                 164267.
Pageins:                                     3274778.
T 1790276955.146
Pages free:                                   136012.
Pages wired down:                             117726.
File-backed pages:                            299485.
Anonymous pages:                              291477.
Pages stored in compressor:                   425541.
Pages occupied by compressor:                 164267.
Pageins:                                     3274834.
T 1790276955.211
Pages free:                                   135971.
Pages wired down:                             117729.
File-backed pages:                            299485.
Anonymous pages:                              291462.
Pages stored in compressor:                   425540.
Pages occupied by compressor:                 164266.
Pageins:                                     3274842.
T 1790276955.277
Pages free:                                   135982.
Pages wired down:                             114021.
File-backed pages:                            299485.
Anonymous pages:                              295181.
Pages stored in compressor:                   425540.
Pages occupied by compressor:                 164266.
Pageins:                                     3274849.
T 1790276955.341
Pages free:                                   136053.
Pages wired down:                             115595.
File-backed pages:                            299485.
Anonymous pages:                              293587.
Pages stored in compressor:                   425540.
Pages occupied by compressor:                 164266.
Pageins:                                     3274856.
T 1790276955.408
Pages free:                                   134388.
Pages wired down:                             115677.
File-backed pages:                            299517.
Anonymous pages:                              295129.
Pages stored in compressor:                   425540.
Pages occupied by compressor:                 164266.
Pageins:                                     3274891.
T 1790276955.474
Pages free:                                   135006.
Pages wired down:                             115616.
File-backed pages:                            299517.
Anonymous pages:                              294443.
Pages stored in compressor:                   425540.
Pages occupied by compressor:                 164266.
Pageins:                                     3274898.
T 1790276955.541
Pages free:                                   135769.
Pages wired down:                             115595.
File-backed pages:                            299517.
Anonymous pages:                              293758.
Pages stored in compressor:                   425540.
Pages occupied by compressor:                 164266.
Pageins:                                     3274905.
T 1790276955.609
Pages free:                                   135878.
Pages wired down:                             115614.
File-backed pages:                            299571.
Anonymous pages:                              293588.
Pages stored in compressor:                   425540.
Pages occupied by compressor:                 164266.
Pageins:                                     3274912.
T 1790276955.678
Pages free:                                   135926.
Pages wired down:                             115611.
File-backed pages:                            299628.
Anonymous pages:                              293560.
Pages stored in compressor:                   425540.
Pages occupied by compressor:                 164266.
Pageins:                                     3274973.
T 1790276955.744
Pages free:                                   133204.
Pages wired down:                             118438.
File-backed pages:                            299630.
Anonymous pages:                              293395.
Pages stored in compressor:                   425532.
Pages occupied by compressor:                 164263.
Pageins:                                     3274982.
T 1790276955.811
Pages free:                                   112189.
Pages wired down:                             118441.
File-backed pages:                            299632.
Anonymous pages:                              314398.
Pages stored in compressor:                   425532.
Pages occupied by compressor:                 164263.
Pageins:                                     3274990.
T 1790276955.878
Pages free:                                    71481.
Pages wired down:                             118441.
File-backed pages:                            299631.
Anonymous pages:                              355039.
Pages stored in compressor:                   425530.
Pages occupied by compressor:                 164263.
Pageins:                                     3274996.
T 1790276955.945
Pages free:                                    33036.
Pages wired down:                             118441.
File-backed pages:                            299631.
Anonymous pages:                              393504.
Pages stored in compressor:                   425530.
Pages occupied by compressor:                 164263.
Pageins:                                     3275003.
T 1790276956.013
Pages free:                                    99133.
Pages wired down:                             118447.
File-backed pages:                            297577.
Anonymous pages:                              329487.
Pages stored in compressor:                   425524.
Pages occupied by compressor:                 164263.
Pageins:                                     3275010.
T 1790276956.081
Pages free:                                    99039.
Pages wired down:                             118445.
File-backed pages:                            297577.
Anonymous pages:                              329579.
Pages stored in compressor:                   425521.
Pages occupied by compressor:                 164262.
Pageins:                                     3275018.
T 1790276956.148
Pages free:                                    61392.
Pages wired down:                             118445.
File-backed pages:                            297578.
Anonymous pages:                              367266.
Pages stored in compressor:                   425520.
Pages occupied by compressor:                 164261.
Pageins:                                     3275026.
T 1790276956.216
Pages free:                                    23778.
Pages wired down:                             118460.
File-backed pages:                            297637.
Anonymous pages:                              404834.
Pages stored in compressor:                   425515.
Pages occupied by compressor:                 164258.
Pageins:                                     3275032.
T 1790276956.280
Pages free:                                   132041.
Pages wired down:                             125823.
File-backed pages:                            297695.
Anonymous pages:                              289207.
Pages stored in compressor:                   425515.
Pages occupied by compressor:                 164258.
Pageins:                                     3275095.
T 1790276956.344
Pages free:                                    96649.
Pages wired down:                             125823.
File-backed pages:                            297694.
Anonymous pages:                              324549.
Pages stored in compressor:                   425514.
Pages occupied by compressor:                 164258.
Pageins:                                     3275101.
T 1790276956.412
Pages free:                                    58357.
Pages wired down:                             125823.
File-backed pages:                            297695.
Anonymous pages:                              362760.
Pages stored in compressor:                   425514.
Pages occupied by compressor:                 164258.
Pageins:                                     3275108.
T 1790276956.477
Pages free:                                    21581.
Pages wired down:                             125823.
File-backed pages:                            297697.
Anonymous pages:                              399683.
Pages stored in compressor:                   425514.
Pages occupied by compressor:                 164258.
Pageins:                                     3275115.
T 1790276956.542
Pages free:                                   126113.
Pages wired down:                             124772.
File-backed pages:                            297698.
Anonymous pages:                              296162.
Pages stored in compressor:                   425514.
Pages occupied by compressor:                 164258.
Pageins:                                     3275123.
T 1790276956.606
Pages free:                                    87278.
Pages wired down:                             124772.
File-backed pages:                            297697.
Anonymous pages:                              334926.
Pages stored in compressor:                   425514.
Pages occupied by compressor:                 164258.
Pageins:                                     3275129.
T 1790276956.674
Pages free:                                    50419.
Pages wired down:                             124772.
File-backed pages:                            297697.
Anonymous pages:                              371896.
Pages stored in compressor:                   425513.
Pages occupied by compressor:                 164258.
Pageins:                                     3275136.
T 1790276956.741
Pages free:                                    14370.
Pages wired down:                             122213.
File-backed pages:                            297698.
Anonymous pages:                              410475.
Pages stored in compressor:                   425513.
Pages occupied by compressor:                 164258.
Pageins:                                     3275144.
T 1790276956.806
Pages free:                                   135647.
Pages wired down:                             125318.
File-backed pages:                            297701.
Anonymous pages:                              285931.
Pages stored in compressor:                   425508.
Pages occupied by compressor:                 164257.
Pageins:                                     3275152.
T 1790276956.873
Pages free:                                   135899.
Pages wired down:                             125317.
File-backed pages:                            297760.
Anonymous pages:                              285717.
Pages stored in compressor:                   425507.
Pages occupied by compressor:                 164256.
Pageins:                                     3275158.
T 1790276956.941
Pages free:                                   135914.
Pages wired down:                             125317.
File-backed pages:                            297818.
Anonymous pages:                              285719.
Pages stored in compressor:                   425507.
Pages occupied by compressor:                 164256.
Pageins:                                     3275220.
T 1790276957.009
Pages free:                                   135893.
Pages wired down:                             125318.
File-backed pages:                            297818.
Anonymous pages:                              285742.
Pages stored in compressor:                   425507.
Pages occupied by compressor:                 164256.
Pageins:                                     3275227.
T 1790276957.076
Pages free:                                   135914.
Pages wired down:                             125317.
File-backed pages:                            297818.
Anonymous pages:                              285718.
Pages stored in compressor:                   425507.
Pages occupied by compressor:                 164256.
Pageins:                                     3275234.
T 1790276957.138
Pages free:                                   135914.
Pages wired down:                             125318.
File-backed pages:                            297819.
Anonymous pages:                              285735.
Pages stored in compressor:                   425506.
Pages occupied by compressor:                 164256.
Pageins:                                     3275242.
T 1790276957.205
Pages free:                                   135731.
Pages wired down:                             125318.
File-backed pages:                            297819.
Anonymous pages:                              285922.
Pages stored in compressor:                   425503.
Pages occupied by compressor:                 164255.
Pageins:                                     3275249.
T 1790276957.273
Pages free:                                   135710.
Pages wired down:                             123914.
File-backed pages:                            297819.
Anonymous pages:                              287328.
Pages stored in compressor:                   425502.
Pages occupied by compressor:                 164255.
Pageins:                                     3275256.
T 1790276957.340
Pages free:                                   135713.
Pages wired down:                             123911.
File-backed pages:                            297819.
Anonymous pages:                              287289.
Pages stored in compressor:                   425502.
Pages occupied by compressor:                 164255.
Pageins:                                     3275263.
T 1790276957.404
Pages free:                                   135767.
Pages wired down:                             123912.
File-backed pages:                            297819.
Anonymous pages:                              287191.
Pages stored in compressor:                   425498.
Pages occupied by compressor:                 164254.
Pageins:                                     3275270.
T 1790276957.471
Pages free:                                   135844.
Pages wired down:                             123915.
File-backed pages:                            297880.
Anonymous pages:                              287115.
Pages stored in compressor:                   425498.
Pages occupied by compressor:                 164254.
Pageins:                                     3275277.
T 1790276957.536
Pages free:                                   134427.
Pages wired down:                             122449.
File-backed pages:                            297946.
Anonymous pages:                              289968.
Pages stored in compressor:                   425498.
Pages occupied by compressor:                 164254.
Pageins:                                     3275344.
T 1790276957.600
Pages free:                                   135781.
Pages wired down:                             122361.
File-backed pages:                            297946.
Anonymous pages:                              288585.
Pages stored in compressor:                   425498.
Pages occupied by compressor:                 164254.
Pageins:                                     3275351.
T 1790276957.668
Pages free:                                   135713.
Pages wired down:                             122361.
File-backed pages:                            297950.
Anonymous pages:                              288599.
Pages stored in compressor:                   425498.
Pages occupied by compressor:                 164254.
Pageins:                                     3275358.
T 1790276957.735
Pages free:                                   137228.
Pages wired down:                             122365.
File-backed pages:                            297956.
Anonymous pages:                              287166.
Pages stored in compressor:                   425497.
Pages occupied by compressor:                 164254.
Pageins:                                     3275367.
T 1790276957.802
Pages free:                                   137217.
Pages wired down:                             122365.
File-backed pages:                            297956.
Anonymous pages:                              287290.
Pages stored in compressor:                   425497.
Pages occupied by compressor:                 164254.
Pageins:                                     3275375.
T 1790276957.870
Pages free:                                   137010.
Pages wired down:                             122365.
File-backed pages:                            297956.
Anonymous pages:                              287395.
Pages stored in compressor:                   425496.
Pages occupied by compressor:                 164254.
Pageins:                                     3275381.
T 1790276957.936
Pages free:                                   137166.
Pages wired down:                             122364.
File-backed pages:                            297960.
Anonymous pages:                              287319.
Pages stored in compressor:                   425485.
Pages occupied by compressor:                 164253.
Pageins:                                     3275388.
T 1790276958.004
Pages free:                                   137222.
Pages wired down:                             120000.
File-backed pages:                            297961.
Anonymous pages:                              289677.
Pages stored in compressor:                   425485.
Pages occupied by compressor:                 164253.
Pageins:                                     3275395.
T 1790276958.073
Pages free:                                   137180.
Pages wired down:                             119999.
File-backed pages:                            297961.
Anonymous pages:                              289671.
Pages stored in compressor:                   425485.
Pages occupied by compressor:                 164253.
Pageins:                                     3275402.
T 1790276958.143
Pages free:                                   137299.
Pages wired down:                             119999.
File-backed pages:                            297961.
Anonymous pages:                              289567.
Pages stored in compressor:                   425473.
Pages occupied by compressor:                 164249.
Pageins:                                     3275409.
T 1790276958.209
Pages free:                                   137432.
Pages wired down:                             120005.
File-backed pages:                            297792.
Anonymous pages:                              289488.
Pages stored in compressor:                   425472.
Pages occupied by compressor:                 164249.
Pageins:                                     3275466.
T 1790276958.280
Pages free:                                   137421.
Pages wired down:                             116261.
File-backed pages:                            297792.
Anonymous pages:                              293237.
Pages stored in compressor:                   425472.
Pages occupied by compressor:                 164249.
Pageins:                                     3275473.
T 1790276958.349
Pages free:                                   137476.
Pages wired down:                             118189.
File-backed pages:                            297792.
Anonymous pages:                              291323.
Pages stored in compressor:                   425471.
Pages occupied by compressor:                 164249.
Pageins:                                     3275480.
T 1790276958.416
Pages free:                                   137479.
Pages wired down:                             121930.
File-backed pages:                            297793.
Anonymous pages:                              287489.
Pages stored in compressor:                   425469.
Pages occupied by compressor:                 164247.
Pageins:                                     3275487.
T 1790276958.481
Pages free:                                   137320.
Pages wired down:                             121930.
File-backed pages:                            297793.
Anonymous pages:                              287658.
Pages stored in compressor:                   425468.
Pages occupied by compressor:                 164247.
Pageins:                                     3275494.
T 1790276958.552
Pages free:                                   137308.
Pages wired down:                             121920.
File-backed pages:                            297793.
Anonymous pages:                              287705.
Pages stored in compressor:                   425467.
Pages occupied by compressor:                 164247.
Pageins:                                     3275501.
T 1790276958.619
Pages free:                                   137300.
Pages wired down:                             121922.
File-backed pages:                            297793.
Anonymous pages:                              287691.
Pages stored in compressor:                   425465.
Pages occupied by compressor:                 164245.
Pageins:                                     3275508.
T 1790276958.687
Pages free:                                   137225.
Pages wired down:                             121923.
File-backed pages:                            297794.
Anonymous pages:                              287706.
Pages stored in compressor:                   425464.
Pages occupied by compressor:                 164244.
Pageins:                                     3275516.
T 1790276958.757
Pages free:                                   137413.
Pages wired down:                             121922.
File-backed pages:                            297793.
Anonymous pages:                              287574.
Pages stored in compressor:                   425464.
Pages occupied by compressor:                 164244.
Pageins:                                     3275522.
T 1790276958.827
Pages free:                                   137340.
Pages wired down:                             121922.
File-backed pages:                            297889.
Anonymous pages:                              287542.
Pages stored in compressor:                   425464.
Pages occupied by compressor:                 164244.
Pageins:                                     3275571.
T 1790276958.898
Pages free:                                   137421.
Pages wired down:                             121921.
File-backed pages:                            297890.
Anonymous pages:                              287501.
Pages stored in compressor:                   425463.
Pages occupied by compressor:                 164244.
Pageins:                                     3275578.
T 1790276958.969
Pages free:                                   137464.
Pages wired down:                             121922.
File-backed pages:                            297890.
Anonymous pages:                              287504.
Pages stored in compressor:                   425463.
Pages occupied by compressor:                 164244.
Pageins:                                     3275585.
T 1790276959.041
Pages free:                                   137440.
Pages wired down:                             120687.
File-backed pages:                            297892.
Anonymous pages:                              288698.
Pages stored in compressor:                   425462.
Pages occupied by compressor:                 164243.
Pageins:                                     3275592.
T 1790276959.114
Pages free:                                   137349.
Pages wired down:                             120691.
File-backed pages:                            297892.
Anonymous pages:                              288749.
Pages stored in compressor:                   425462.
Pages occupied by compressor:                 164243.
Pageins:                                     3275599.
T 1790276959.181
Pages free:                                   137267.
Pages wired down:                             120691.
File-backed pages:                            297893.
Anonymous pages:                              288745.
Pages stored in compressor:                   425462.
Pages occupied by compressor:                 164243.
Pageins:                                     3275606.
T 1790276959.252
Pages free:                                   137356.
Pages wired down:                             120689.
File-backed pages:                            297893.
Anonymous pages:                              288740.
Pages stored in compressor:                   425462.
Pages occupied by compressor:                 164243.
Pageins:                                     3275613.
T 1790276959.324
Pages free:                                   137338.
Pages wired down:                             120690.
File-backed pages:                            297893.
Anonymous pages:                              288743.
Pages stored in compressor:                   425462.
Pages occupied by compressor:                 164243.
Pageins:                                     3275620.
T 1790276959.395
Pages free:                                   137602.
Pages wired down:                             120691.
File-backed pages:                            297893.
Anonymous pages:                              288624.
Pages stored in compressor:                   425462.
Pages occupied by compressor:                 164243.
Pageins:                                     3275627.
T 1790276959.468
Pages free:                                   137543.
Pages wired down:                             120690.
File-backed pages:                            297984.
Anonymous pages:                              288550.
Pages stored in compressor:                   425462.
Pages occupied by compressor:                 164243.
Pageins:                                     3275678.
T 1790276959.537
Pages free:                                   137580.
Pages wired down:                             116912.
File-backed pages:                            297984.
Anonymous pages:                              292355.
Pages stored in compressor:                   425461.
Pages occupied by compressor:                 164243.
Pageins:                                     3275686.
T 1790276959.602
Pages free:                                   136984.
Pages wired down:                             116945.
File-backed pages:                            297984.
Anonymous pages:                              292824.
Pages stored in compressor:                   425461.
Pages occupied by compressor:                 164243.
Pageins:                                     3275693.
T 1790276959.673
Pages free:                                   136010.
Pages wired down:                             117013.
File-backed pages:                            297985.
Anonymous pages:                              293732.
Pages stored in compressor:                   425461.
Pages occupied by compressor:                 164243.
Pageins:                                     3275700.
T 1790276959.742
Pages free:                                   137049.
Pages wired down:                             123364.
File-backed pages:                            297986.
Anonymous pages:                              286318.
Pages stored in compressor:                   425461.
Pages occupied by compressor:                 164243.
Pageins:                                     3275707.
T 1790276959.805
Pages free:                                   135947.
Pages wired down:                             124674.
File-backed pages:                            297986.
Anonymous pages:                              286108.
Pages stored in compressor:                   425461.
Pages occupied by compressor:                 164243.
Pageins:                                     3275714.
T 1790276959.874
Pages free:                                   135934.
Pages wired down:                             124669.
File-backed pages:                            297986.
Anonymous pages:                              286117.
Pages stored in compressor:                   425461.
Pages occupied by compressor:                 164243.
Pageins:                                     3275721.
T 1790276959.943
Pages free:                                   136838.
Pages wired down:                             123984.
File-backed pages:                            297986.
Anonymous pages:                              285903.
Pages stored in compressor:                   425461.
Pages occupied by compressor:                 164243.
Pageins:                                     3275728.
T 1790276960.012
Pages free:                                   136889.
Pages wired down:                             123985.
File-backed pages:                            298087.
Anonymous pages:                              285759.
Pages stored in compressor:                   425461.
Pages occupied by compressor:                 164243.
Pageins:                                     3275786.
T 1790276960.079
Pages free:                                   136866.
Pages wired down:                             123984.
File-backed pages:                            298087.
Anonymous pages:                              285759.
Pages stored in compressor:                   425461.
Pages occupied by compressor:                 164243.
Pageins:                                     3275793.
T 1790276960.146
Pages free:                                   136863.
Pages wired down:                             123984.
File-backed pages:                            298086.
Anonymous pages:                              285759.
Pages stored in compressor:                   425461.
Pages occupied by compressor:                 164243.
Pageins:                                     3275799.
T 1790276960.214
Pages free:                                   136905.
Pages wired down:                             123983.
File-backed pages:                            298086.
Anonymous pages:                              285736.
Pages stored in compressor:                   425461.
Pages occupied by compressor:                 164243.
Pageins:                                     3275806.
T 1790276960.279
Pages free:                                   136823.
Pages wired down:                             123984.
File-backed pages:                            298089.
Anonymous pages:                              285767.
Pages stored in compressor:                   425461.
Pages occupied by compressor:                 164243.
Pageins:                                     3275814.
