=== RUN   TestG4VCUDA_matchesCPU
    gemma4_vision_test.go:139: tiny tower: hidden 32, 2 layers, 4 heads of 8, MLP 64, pool 3
    gemma4_vision_test.go:144:  18 patches (shuffled false): worst soft-token cosine 1.000000000 over 2
    gemma4_vision_test.go:144:  54 patches (shuffled true): worst soft-token cosine 1.000000000 over 6
    gemma4_vision_test.go:144: 135 patches (shuffled false): worst soft-token cosine 1.000000000 over 15
    gemma4_vision_test.go:144: 135 patches (shuffled true): worst soft-token cosine 1.000000000 over 15
--- PASS: TestG4VCUDA_matchesCPU (0.39s)
=== RUN   TestG4VCUDA_scratchAcrossSizesAndDeterminism
--- PASS: TestG4VCUDA_scratchAcrossSizesAndDeterminism (0.21s)
=== RUN   TestG4VCUDA_plantedDefects
    gemma4_vision_test.go:205: planted defect clamps skipped               worst soft-token cosine 0.937679420
    gemma4_vision_test.go:205: planted defect position x and y swapped     worst soft-token cosine 0.147396345
    gemma4_vision_test.go:205: planted defect v norm weighted              worst soft-token cosine 0.829414531
    gemma4_vision_test.go:205: planted defect attention scale 1/sqrt(hd)   worst soft-token cosine 0.533246779
    gemma4_vision_test.go:205: planted defect position tables skipped      worst soft-token cosine -0.528504812
    gemma4_vision_test.go:205: planted defect RoPE skipped                 worst soft-token cosine 0.291581446
--- PASS: TestG4VCUDA_plantedDefects (0.27s)
=== RUN   TestG4VCUDA_closeAndErrors
--- PASS: TestG4VCUDA_closeAndErrors (0.22s)
=== RUN   TestG4VCUDA_gemma4E2B
    gemma4_vision_test.go:263: E2B tower: hidden 768, 16 layers, clipped true, standardize false, text width 1536
    gemma4_vision_test.go:290: gemma3_preprocess_image.png      2304 patches: worst soft-token cosine 1.000000000; tower CUDA 2.157s, CPU 4.174s (exploratory)
    gemma4_vision_test.go:290: qwen25vl_preprocess_image.png    2340 patches: worst soft-token cosine 1.000000000; tower CUDA 2.211s, CPU 4.317s (exploratory)
    gemma4_vision_test.go:290: glm_ocr/formula.png              2430 patches: worst soft-token cosine 1.000000000; tower CUDA 2.369s, CPU 4.507s (exploratory)
    gemma4_vision_test.go:290: glm_ocr/table.png                2394 patches: worst soft-token cosine 1.000000000; tower CUDA 2.308s, CPU 4.421s (exploratory)
--- PASS: TestG4VCUDA_gemma4E2B (27.43s)
=== RUN   TestTowerBase_gemmBranches
    tower_base_test.go:154: M=128 N=128 K=64: gemm, gemmBias and gemmBiasAdd match float64
    tower_base_test.go:154: M=100 N=70 K=48: gemm, gemmBias and gemmBiasAdd match float64
    tower_base_test.go:154: M=37 N=50 K=1176: gemm, gemmBias and gemmBiasAdd match float64
    tower_base_test.go:154: M=5 N=9 K=20: gemm, gemmBias and gemmBiasAdd match float64
    tower_base_test.go:154: M=2520 N=192 K=768: gemm, gemmBias and gemmBiasAdd match float64
--- PASS: TestTowerBase_gemmBranches (0.96s)
=== RUN   TestTowerBase_normsAndActivations
--- PASS: TestTowerBase_normsAndActivations (0.21s)
=== RUN   TestTowerBase_kernels
=== RUN   TestTowerBase_kernels/clamp
=== RUN   TestTowerBase_kernels/posAdd
=== RUN   TestTowerBase_kernels/ropeAxial
=== RUN   TestTowerBase_kernels/mulAndScale
--- PASS: TestTowerBase_kernels (0.20s)
    --- PASS: TestTowerBase_kernels/clamp (0.00s)
    --- PASS: TestTowerBase_kernels/posAdd (0.00s)
    --- PASS: TestTowerBase_kernels/ropeAxial (0.00s)
    --- PASS: TestTowerBase_kernels/mulAndScale (0.00s)
=== RUN   TestTowerBase_attention
--- PASS: TestTowerBase_attention (0.27s)
PASS
ok  	github.com/townsendmerino/goinfer/cuda	30.237s
